Component: ARM Compiler 5.06 update 7 (build 960) Tool: armlink [4d3601]

==============================================================================

Section Cross References

    startup_stm32f407xx.o(STACK) refers (Special) to heapauxi.o(.text) for __use_two_region_memory
    startup_stm32f407xx.o(HEAP) refers (Special) to heapauxi.o(.text) for __use_two_region_memory
    startup_stm32f407xx.o(RESET) refers (Special) to heapauxi.o(.text) for __use_two_region_memory
    startup_stm32f407xx.o(RESET) refers to startup_stm32f407xx.o(STACK) for __initial_sp
    startup_stm32f407xx.o(RESET) refers to startup_stm32f407xx.o(.text) for Reset_Handler
    startup_stm32f407xx.o(RESET) refers to stm32f4xx_it.o(i.NMI_Handler) for NMI_Handler
    startup_stm32f407xx.o(RESET) refers to stm32f4xx_it.o(i.HardFault_Handler) for HardFault_Handler
    startup_stm32f407xx.o(RESET) refers to stm32f4xx_it.o(i.MemManage_Handler) for MemManage_Handler
    startup_stm32f407xx.o(RESET) refers to stm32f4xx_it.o(i.BusFault_Handler) for BusFault_Handler
    startup_stm32f407xx.o(RESET) refers to stm32f4xx_it.o(i.UsageFault_Handler) for UsageFault_Handler
    startup_stm32f407xx.o(RESET) refers to port.o(.emb_text) for SVC_Handler
    startup_stm32f407xx.o(RESET) refers to stm32f4xx_it.o(i.DebugMon_Handler) for DebugMon_Handler
    startup_stm32f407xx.o(RESET) refers to stm32f4xx_it.o(i.SysTick_Handler) for SysTick_Handler
    startup_stm32f407xx.o(RESET) refers to stm32f4xx_it.o(i.USART1_IRQHandler) for USART1_IRQHandler
    startup_stm32f407xx.o(.text) refers (Special) to heapauxi.o(.text) for __use_two_region_memory
    startup_stm32f407xx.o(.text) refers to system_stm32f4xx.o(i.SystemInit) for SystemInit
    startup_stm32f407xx.o(.text) refers to __main.o(!!!main) for __main
    startup_stm32f407xx.o(.text) refers to startup_stm32f407xx.o(HEAP) for Heap_Mem
    startup_stm32f407xx.o(.text) refers to startup_stm32f407xx.o(STACK) for Stack_Mem
    main.o(i.SystemClock_Config) refers to rt_memclr_w.o(.text) for __aeabi_memclr4
    main.o(i.SystemClock_Config) refers to stm32f4xx_hal_rcc.o(i.HAL_RCC_OscConfig) for HAL_RCC_OscConfig
    main.o(i.SystemClock_Config) refers to stm32f4xx_hal_rcc.o(i.HAL_RCC_ClockConfig) for HAL_RCC_ClockConfig
    main.o(i.main) refers to stm32f4xx_hal.o(i.HAL_Init) for HAL_Init
    main.o(i.main) refers to main.o(i.SystemClock_Config) for SystemClock_Config
    main.o(i.main) refers to gpio.o(i.MX_GPIO_Init) for MX_GPIO_Init
    main.o(i.main) refers to tim.o(i.MX_TIM1_Init) for MX_TIM1_Init
    main.o(i.main) refers to usart.o(i.MX_USART1_UART_Init) for MX_USART1_UART_Init
    main.o(i.main) refers to tim.o(i.MX_TIM2_Init) for MX_TIM2_Init
    main.o(i.main) refers to stm32f4xx_hal_uart.o(i.HAL_UART_Receive_IT) for HAL_UART_Receive_IT
    main.o(i.main) refers to stm32f4xx_hal_uart.o(i.UART_Start_Receive_IT) for UART_Start_Receive_IT
    main.o(i.main) refers to stm32f4xx_hal_uart.o(i.HAL_UART_Transmit_IT) for HAL_UART_Transmit_IT
    main.o(i.main) refers to stm32f4xx_hal_tim.o(i.HAL_TIM_PWM_Start) for HAL_TIM_PWM_Start
    main.o(i.main) refers to cmsis_os2.o(i.osKernelInitialize) for osKernelInitialize
    main.o(i.main) refers to freertos.o(i.MX_FREERTOS_Init) for MX_FREERTOS_Init
    main.o(i.main) refers to cmsis_os2.o(i.osKernelStart) for osKernelStart
    main.o(i.main) refers to usart_task.o(.data) for rv_Camera
    main.o(i.main) refers to usart.o(.bss) for huart1
    main.o(i.main) refers to usart_task.o(.data) for tr_st
    main.o(i.main) refers to tim.o(.bss) for htim1
    gpio.o(i.MX_GPIO_Init) refers to rt_memclr_w.o(.text) for __aeabi_memclr4
    gpio.o(i.MX_GPIO_Init) refers to stm32f4xx_hal_gpio.o(i.HAL_GPIO_WritePin) for HAL_GPIO_WritePin
    gpio.o(i.MX_GPIO_Init) refers to stm32f4xx_hal_gpio.o(i.HAL_GPIO_Init) for HAL_GPIO_Init
    freertos.o(i.MX_FREERTOS_Init) refers to cmsis_os2.o(i.osThreadNew) for osThreadNew
    freertos.o(i.MX_FREERTOS_Init) refers to freertos.o(.constdata) for .constdata
    freertos.o(i.MX_FREERTOS_Init) refers to freertos.o(i.StartDefaultTask) for StartDefaultTask
    freertos.o(i.MX_FREERTOS_Init) refers to freertos.o(.data) for .data
    freertos.o(i.MX_FREERTOS_Init) refers to conveyor_bj_task.o(i.Conveyor_Task) for Conveyor_Task
    freertos.o(i.MX_FREERTOS_Init) refers to invert_garbage_task.o(i.Invert_task) for Invert_task
    freertos.o(i.MX_FREERTOS_Init) refers to invert_garbage_task.o(i.Panel_Dj_Task) for Panel_Dj_Task
    freertos.o(i.MX_FREERTOS_Init) refers to drp_task.o(i.Drp_Task) for Drp_Task
    freertos.o(i.MX_FREERTOS_Init) refers to drp_task.o(i.tr_Full_Task) for tr_Full_Task
    freertos.o(i.StartDefaultTask) refers to cmsis_os2.o(i.osDelay) for osDelay
    freertos.o(.constdata) refers to freertos.o(.conststring) for .conststring
    tim.o(i.HAL_TIM_MspPostInit) refers to rt_memclr_w.o(.text) for __aeabi_memclr4
    tim.o(i.HAL_TIM_MspPostInit) refers to stm32f4xx_hal_gpio.o(i.HAL_GPIO_Init) for HAL_GPIO_Init
[...]
    i.HAL_GPIO_WritePin                      0x0800098a   Section        0  stm32f4xx_hal_gpio.o(i.HAL_GPIO_WritePin)
    i.HAL_GetTick                            0x08000994   Section        0  stm32f4xx_hal.o(i.HAL_GetTick)
    i.HAL_IncTick                            0x080009a0   Section        0  stm32f4xx_hal.o(i.HAL_IncTick)
    i.HAL_Init                               0x080009b0   Section        0  stm32f4xx_hal.o(i.HAL_Init)
    i.HAL_InitTick                           0x080009e4   Section        0  stm32f4xx_hal.o(i.HAL_InitTick)
    i.HAL_MspInit                            0x08000a24   Section        0  stm32f4xx_hal_msp.o(i.HAL_MspInit)
    i.HAL_NVIC_EnableIRQ                     0x08000a5c   Section        0  stm32f4xx_hal_cortex.o(i.HAL_NVIC_EnableIRQ)
    i.HAL_NVIC_SetPriority                   0x08000a78   Section        0  stm32f4xx_hal_cortex.o(i.HAL_NVIC_SetPriority)
    i.HAL_NVIC_SetPriorityGrouping           0x08000ab8   Section        0  stm32f4xx_hal_cortex.o(i.HAL_NVIC_SetPriorityGrouping)
    i.HAL_RCC_ClockConfig                    0x08000adc   Section        0  stm32f4xx_hal_rcc.o(i.HAL_RCC_ClockConfig)
    i.HAL_RCC_GetPCLK1Freq                   0x08000c10   Section        0  stm32f4xx_hal_rcc.o(i.HAL_RCC_GetPCLK1Freq)
    i.HAL_RCC_GetPCLK2Freq                   0x08000c30   Section        0  stm32f4xx_hal_rcc.o(i.HAL_RCC_GetPCLK2Freq)
    i.HAL_RCC_GetSysClockFreq                0x08000c50   Section        0  stm32f4xx_hal_rcc.o(i.HAL_RCC_GetSysClockFreq)
    i.HAL_RCC_OscConfig                      0x08000cb4   Section        0  stm32f4xx_hal_rcc.o(i.HAL_RCC_OscConfig)
    i.HAL_SYSTICK_Config                     0x08001020   Section        0  stm32f4xx_hal_cortex.o(i.HAL_SYSTICK_Config)
    i.HAL_TIMEx_ConfigBreakDeadTime          0x08001048   Section        0  stm32f4xx_hal_tim_ex.o(i.HAL_TIMEx_ConfigBreakDeadTime)
    i.HAL_TIMEx_MasterConfigSynchronization  0x0800109c   Section        0  stm32f4xx_hal_tim_ex.o(i.HAL_TIMEx_MasterConfigSynchronization)
    i.HAL_TIM_MspPostInit                    0x0800112c   Section        0  tim.o(i.HAL_TIM_MspPostInit)
    i.HAL_TIM_PWM_ConfigChannel              0x080011ac   Section        0  stm32f4xx_hal_tim.o(i.HAL_TIM_PWM_ConfigChannel)
    i.HAL_TIM_PWM_Init                       0x08001278   Section        0  stm32f4xx_hal_tim.o(i.HAL_TIM_PWM_Init)
    i.HAL_TIM_PWM_MspInit                    0x080012d4   Section        0  tim.o(i.HAL_TIM_PWM_MspInit)
    i.HAL_TIM_PWM_Start                      0x08001308   Section        0  stm32f4xx_hal_tim.o(i.HAL_TIM_PWM_Start)
    i.HAL_UARTEx_RxEventCallback             0x080013d0   Section        0  stm32f4xx_hal_uart.o(i.HAL_UARTEx_RxEventCallback)
    i.HAL_UART_ErrorCallback                 0x080013d2   Section        0  stm32f4xx_hal_uart.o(i.HAL_UART_ErrorCallback)
    i.HAL_UART_IRQHandler                    0x080013d4   Section        0  stm32f4xx_hal_uart.o(i.HAL_UART_IRQHandler)
    i.HAL_UART_Init                          0x08001644   Section        0  stm32f4xx_hal_uart.o(i.HAL_UART_Init)
    i.HAL_UART_MspInit                       0x080016a8   Section        0  usart.o(i.HAL_UART_MspInit)
    i.HAL_UART_Receive_IT                    0x08001724   Section        0  stm32f4xx_hal_uart.o(i.HAL_UART_Receive_IT)
    i.HAL_UART_RxCpltCallback                0x08001740   Section        0  usart_task.o(i.HAL_UART_RxCpltCallback)
    i.HAL_UART_Transmit_IT                   0x0800175c   Section        0  stm32f4xx_hal_uart.o(i.HAL_UART_Transmit_IT)
    i.HAL_UART_TxCpltCallback                0x0800178e   Section        0  usart_task.o(i.HAL_UART_TxCpltCallback)
    i.HardFault_Handler                      0x08001790   Section        0  stm32f4xx_it.o(i.HardFault_Handler)
    i.Invert_task                            0x08001794   Section        0  invert_garbage_task.o(i.Invert_task)
    i.MX_FREERTOS_Init                       0x0800181c   Section        0  freertos.o(i.MX_FREERTOS_Init)
    i.MX_GPIO_Init                           0x08001894   Section        0  gpio.o(i.MX_GPIO_Init)
    i.MX_TIM1_Init                           0x08001960   Section        0  tim.o(i.MX_TIM1_Init)
    i.MX_TIM2_Init                           0x08001a34   Section        0  tim.o(i.MX_TIM2_Init)
    i.MX_USART1_UART_Init                    0x08001ab0   Section        0  usart.o(i.MX_USART1_UART_Init)
    i.MemManage_Handler                      0x08001ae8   Section        0  stm32f4xx_it.o(i.MemManage_Handler)
    i.NMI_Handler                            0x08001aea   Section        0  stm32f4xx_it.o(i.NMI_Handler)
    i.Panel_Dj_Task                          0x08001aec   Section        0  invert_garbage_task.o(i.Panel_Dj_Task)
    i.StartDefaultTask                       0x08001b1c   Section        0  freertos.o(i.StartDefaultTask)
    i.SysTick_Handler                        0x08001b24   Section        0  stm32f4xx_it.o(i.SysTick_Handler)
    i.SystemClock_Config                     0x08001b3c   Section        0  main.o(i.SystemClock_Config)
    i.SystemInit                             0x08001bd0   Section        0  system_stm32f4xx.o(i.SystemInit)
    i.TIM_Base_SetConfig                     0x08001be0   Section        0  stm32f4xx_hal_tim.o(i.TIM_Base_SetConfig)
    i.TIM_CCxChannelCmd                      0x08001cb8   Section        0  stm32f4xx_hal_tim.o(i.TIM_CCxChannelCmd)
    i.TIM_OC1_SetConfig                      0x08001cd4   Section        0  stm32f4xx_hal_tim.o(i.TIM_OC1_SetConfig)
    TIM_OC1_SetConfig                        0x08001cd5   Thumb Code    88  stm32f4xx_hal_tim.o(i.TIM_OC1_SetConfig)
    i.TIM_OC2_SetConfig                      0x08001d34   Section        0  stm32f4xx_hal_tim.o(i.TIM_OC2_SetConfig)
    i.TIM_OC3_SetConfig                      0x08001da0   Section        0  stm32f4xx_hal_tim.o(i.TIM_OC3_SetConfig)
    TIM_OC3_SetConfig                        0x08001da1   Thumb Code    96  stm32f4xx_hal_tim.o(i.TIM_OC3_SetConfig)
    i.TIM_OC4_SetConfig                      0x08001e08   Section        0  stm32f4xx_hal_tim.o(i.TIM_OC4_SetConfig)
    TIM_OC4_SetConfig                        0x08001e09   Thumb Code    70  stm32f4xx_hal_tim.o(i.TIM_OC4_SetConfig)
    i.UART_DMAAbortOnError                   0x08001e58   Section        0  stm32f4xx_hal_uart.o(i.UART_DMAAbortOnError)
    UART_DMAAbortOnError                     0x08001e59   Thumb Code    16  stm32f4xx_hal_uart.o(i.UART_DMAAbortOnError)
    i.UART_EndRxTransfer                     0x08001e68   Section        0  stm32f4xx_hal_uart.o(i.UART_EndRxTransfer)
    UART_EndRxTransfer                       0x08001e69   Thumb Code    78  stm32f4xx_hal_uart.o(i.UART_EndRxTransfer)
    i.UART_Receive_IT                        0x08001eb6   Section        0  stm32f4xx_hal_uart.o(i.UART_Receive_IT)
    UART_Receive_IT                          0x08001eb7   Thumb Code   194  stm32f4xx_hal_uart.o(i.UART_Receive_IT)
    i.UART_SetConfig                         0x08001f78   Section        0  stm32f4xx_hal_uart.o(i.UART_SetConfig)
    UART_SetConfig                           0x08001f79   Thumb Code   258  stm32f4xx_hal_uart.o(i.UART_SetConfig)
    i.UART_Start_Receive_IT                  0x08002084   Section        0  stm32f4xx_hal_uart.o(i.UART_Start_Receive_IT)
    i.USART1_IRQHandler                      0x080020bc   Section        0  stm32f4xx_it.o(i.USART1_IRQHandler)
    i.UsageFault_Handler                     0x080020c8   Section        0  stm32f4xx_it.o(i.UsageFault_Handler)
    i.__NVIC_SetPriority                     0x080020ca   Section        0  stm32f4xx_hal_cortex.o(i.__NVIC_SetPriority)
    __NVIC_SetPriority                       0x080020cb   Thumb Code    32  stm32f4xx_hal_cortex.o(i.__NVIC_SetPriority)
    i.conveyor_under                         0x080020ec   Section        0  bj_motor.o(i.conveyor_under)
    i.conveyor_upper                         0x0800211c   Section        0  bj_motor.o(i.conveyor_upper)
    i.delay_us                               0x08002154   Section        0  bj_motor.o(i.delay_us)
    i.main                                   0x08002168   Section        0  main.o(i.main)
    i.osDelay                                0x08002200   Section        0  cmsis_os2.o(i.osDelay)
    i.osKernelInitialize                     0x0800221c   Section        0  cmsis_os2.o(i.osKernelInitialize)
    i.osKernelStart                          0x08002240   Section        0  cmsis_os2.o(i.osKernelStart)
    i.osThreadNew                            0x08002278   Section        0  cmsis_os2.o(i.osThreadNew)
    i.prvAddCurrentTaskToDelayedList         0x08002304   Section        0  tasks.o(i.prvAddCurrentTaskToDelayedList)
    prvAddCurrentTaskToDelayedList           0x08002305   Thumb Code    84  tasks.o(i.prvAddCurrentTaskToDelayedList)
    i.prvAddNewTaskToReadyList               0x08002360   Section        0  tasks.o(i.prvAddNewTaskToReadyList)
    prvAddNewTaskToReadyList                 0x08002361   Thumb Code   190  tasks.o(i.prvAddNewTaskToReadyList)
    i.prvCheckForValidListAndQueue           0x08002430   Section        0  timers.o(i.prvCheckForValidListAndQueue)
    prvCheckForValidListAndQueue             0x08002431   Thumb Code    72  timers.o(i.prvCheckForValidListAndQueue)
    i.prvCopyDataFromQueue                   0x08002488   Section        0  queue.o(i.prvCopyDataFromQueue)
    prvCopyDataFromQueue                     0x08002489   Thumb Code    38  queue.o(i.prvCopyDataFromQueue)
    i.prvCopyDataToQueue                     0x080024ae   Section        0  queue.o(i.prvCopyDataToQueue)
    prvCopyDataToQueue                       0x080024af   Thumb Code   108  queue.o(i.prvCopyDataToQueue)
    i.prvDeleteTCB                           0x0800251a   Section        0  tasks.o(i.prvDeleteTCB)
    prvDeleteTCB                             0x0800251b   Thumb Code    52  tasks.o(i.prvDeleteTCB)
    i.prvHeapInit                            0x08002550   Section        0  heap_4.o(i.prvHeapInit)
    prvHeapInit                              0x08002551   Thumb Code    66  heap_4.o(i.prvHeapInit)
    i.prvIdleTask                            0x0800259c   Section        0  tasks.o(i.prvIdleTask)
    prvIdleTask                              0x0800259d   Thumb Code    82  tasks.o(i.prvIdleTask)
    i.prvInitialiseNewQueue                  0x080025fc   Section        0  queue.o(i.prvInitialiseNewQueue)
    prvInitialiseNewQueue                    0x080025fd   Thumb Code    34  queue.o(i.prvInitialiseNewQueue)
    i.prvInitialiseNewTask                   0x08002620   Section        0  tasks.o(i.prvInitialiseNewTask)
    prvInitialiseNewTask                     0x08002621   Thumb Code   176  tasks.o(i.prvInitialiseNewTask)
    i.prvInsertBlockIntoFreeList             0x080026d0   Section        0  heap_4.o(i.prvInsertBlockIntoFreeList)
    prvInsertBlockIntoFreeList               0x080026d1   Thumb Code    72  heap_4.o(i.prvInsertBlockIntoFreeList)
    i.prvInsertTimerInActiveList             0x0800271c   Section        0  timers.o(i.prvInsertTimerInActiveList)
    prvInsertTimerInActiveList               0x0800271d   Thumb Code    52  timers.o(i.prvInsertTimerInActiveList)
    i.prvIsQueueEmpty                        0x08002754   Section        0  queue.o(i.prvIsQueueEmpty)
    prvIsQueueEmpty                          0x08002755   Thumb Code    28  queue.o(i.prvIsQueueEmpty)
    i.prvProcessReceivedCommands             0x08002770   Section        0  timers.o(i.prvProcessReceivedCommands)
    prvProcessReceivedCommands               0x08002771   Thumb Code   248  timers.o(i.prvProcessReceivedCommands)
    i.prvProcessTimerOrBlockTask             0x0800286c   Section        0  timers.o(i.prvProcessTimerOrBlockTask)
    prvProcessTimerOrBlockTask               0x0800286d   Thumb Code   182  timers.o(i.prvProcessTimerOrBlockTask)
    i.prvResetNextTaskUnblockTime            0x0800292c   Section        0  tasks.o(i.prvResetNextTaskUnblockTime)
    prvResetNextTaskUnblockTime              0x0800292d   Thumb Code    26  tasks.o(i.prvResetNextTaskUnblockTime)
    i.prvSampleTimeNow                       0x0800294c   Section        0  timers.o(i.prvSampleTimeNow)
    prvSampleTimeNow                         0x0800294d   Thumb Code    36  timers.o(i.prvSampleTimeNow)
    i.prvSwitchTimerLists                    0x08002974   Section        0  timers.o(i.prvSwitchTimerLists)
    prvSwitchTimerLists                      0x08002975   Thumb Code   104  timers.o(i.prvSwitchTimerLists)
    i.prvTaskExitError                       0x080029e0   Section        0  port.o(i.prvTaskExitError)
    prvTaskExitError                         0x080029e1   Thumb Code    36  port.o(i.prvTaskExitError)
    i.prvTimerTask                           0x08002a08   Section        0  timers.o(i.prvTimerTask)
    prvTimerTask                             0x08002a09   Thumb Code    32  timers.o(i.prvTimerTask)
    i.prvUnlockQueue                         0x08002a2c   Section        0  queue.o(i.prvUnlockQueue)
    prvUnlockQueue                           0x08002a2d   Thumb Code   106  queue.o(i.prvUnlockQueue)
    i.pvPortMalloc                           0x08002a98   Section        0  heap_4.o(i.pvPortMalloc)
    i.pxPortInitialiseStack                  0x08002b74   Section        0  port.o(i.pxPortInitialiseStack)
    i.tr_Full_Task                           0x08002ba0   Section        0  drp_task.o(i.tr_Full_Task)
    i.uxListRemove                           0x08002c1c   Section        0  list.o(i.uxListRemove)
    i.vApplicationGetIdleTaskMemory          0x08002c44   Section        0  cmsis_os2.o(i.vApplicationGetIdleTaskMemory)
    i.vApplicationGetTimerTaskMemory         0x08002c58   Section        0  cmsis_os2.o(i.vApplicationGetTimerTaskMemory)
    i.vListInitialise                        0x08002c70   Section        0  list.o(i.vListInitialise)
    i.vListInitialiseItem                    0x08002c86   Section        0  list.o(i.vListInitialiseItem)
    i.vListInsert                            0x08002c8c   Section        0  list.o(i.vListInsert)
    i.vListInsertEnd                         0x08002cbc   Section        0  list.o(i.vListInsertEnd)
    i.vPortEnterCritical                     0x08002cd4   Section        0  port.o(i.vPortEnterCritical)
    i.vPortExitCritical                      0x08002d14   Section        0  port.o(i.vPortExitCritical)
    i.vPortFree                              0x08002d3c   Section        0  heap_4.o(i.vPortFree)
    i.vPortSetupTimerInterrupt               0x08002da0   Section        0  port.o(i.vPortSetupTimerInterrupt)
    i.vPortValidateInterruptPriority         0x08002dc4   Section        0  port.o(i.vPortValidateInterruptPriority)
    i.vQueueAddToRegistry                    0x08002e18   Section        0  queue.o(i.vQueueAddToRegistry)
    i.vQueueWaitForMessageRestricted         0x08002e40   Section        0  queue.o(i.vQueueWaitForMessageRestricted)
    i.vTaskDelay                             0x08002e84   Section        0  tasks.o(i.vTaskDelay)
    i.vTaskInternalSetTimeOutState           0x08002ed0   Section        0  tasks.o(i.vTaskInternalSetTimeOutState)
    i.vTaskMissedYield                       0x08002ee0   Section        0  tasks.o(i.vTaskMissedYield)
    i.vTaskPlaceOnEventList                  0x08002eec   Section        0  tasks.o(i.vTaskPlaceOnEventList)
    i.vTaskPlaceOnEventListRestricted        0x08002f1c   Section        0  tasks.o(i.vTaskPlaceOnEventListRestricted)
    i.vTaskStartScheduler                    0x08002f54   Section        0  tasks.o(i.vTaskStartScheduler)
    i.vTaskSuspendAll                        0x08002fdc   Section        0  tasks.o(i.vTaskSuspendAll)
    i.vTaskSwitchContext                     0x08002fec   Section        0  tasks.o(i.vTaskSwitchContext)
    i.xPortStartScheduler                    0x08003050   Section        0  port.o(i.xPortStartScheduler)
    i.xPortSysTickHandler                    0x08003144   Section        0  port.o(i.xPortSysTickHandler)
    i.xQueueGenericCreateStatic              0x08003170   Section        0  queue.o(i.xQueueGenericCreateStatic)
    i.xQueueGenericReset                     0x080031d8   Section        0  queue.o(i.xQueueGenericReset)
    i.xQueueGenericSend                      0x08003260   Section        0  queue.o(i.xQueueGenericSend)
    i.xQueueGenericSendFromISR               0x080033c0   Section        0  queue.o(i.xQueueGenericSendFromISR)
    i.xQueueReceive                          0x08003480   Section        0  queue.o(i.xQueueReceive)
    i.xTaskCheckForTimeOut                   0x080035b8   Section        0  tasks.o(i.xTaskCheckForTimeOut)
    i.xTaskCreate                            0x0800362c   Section        0  tasks.o(i.xTaskCreate)
    i.xTaskCreateStatic                      0x08003686   Section        0  tasks.o(i.xTaskCreateStatic)
    i.xTaskGetSchedulerState                 0x080036dc   Section        0  tasks.o(i.xTaskGetSchedulerState)
    i.xTaskGetTickCount                      0x080036f8   Section        0  tasks.o(i.xTaskGetTickCount)
    i.xTaskIncrementTick                     0x08003704   Section        0  tasks.o(i.xTaskIncrementTick)
    i.xTaskPriorityDisinherit                0x080037cc   Section        0  tasks.o(i.xTaskPriorityDisinherit)
    i.xTaskRemoveFromEventList               0x0800384c   Section        0  tasks.o(i.xTaskRemoveFromEventList)
    i.xTaskResumeAll                         0x080038bc   Section        0  tasks.o(i.xTaskResumeAll)
    i.xTimerCreateTimerTask                  0x08003980   Section        0  timers.o(i.xTimerCreateTimerTask)
    i.xTimerGenericCommand                   0x080039e0   Section        0  timers.o(i.xTimerGenericCommand)
    x$fpl$fpinit                             0x08003a48   Section       10  fpinit.o(x$fpl$fpinit)
    $v0                                      0x08003a48   Number         0  fpinit.o(x$fpl$fpinit)
    .constdata                               0x08003a54   Section      216  freertos.o(.constdata)
    .constdata                               0x08003b2c   Section       16  system_stm32f4xx.o(.constdata)
    .constdata                               0x08003b3c   Section        8  system_stm32f4xx.o(.constdata)
    .conststring                             0x08003b44   Section       84  freertos.o(.conststring)
    .data                                    0x20000000   Section       24  freertos.o(.data)
    .data                                    0x20000018   Section       12  stm32f4xx_hal.o(.data)
    .data                                    0x20000024   Section        4  system_stm32f4xx.o(.data)
    .data                                    0x20000028   Section       60  tasks.o(.data)
    uxDeletedTasksWaitingCleanUp             0x2000002c   Data           4  tasks.o(.data)
    uxCurrentNumberOfTasks                   0x20000030   Data           4  tasks.o(.data)
    xTickCount                               0x20000034   Data           4  tasks.o(.data)
    uxTopReadyPriority                       0x20000038   Data           4  tasks.o(.data)
    xSchedulerRunning                        0x2000003c   Data           4  tasks.o(.data)
    xPendedTicks                             0x20000040   Data           4  tasks.o(.data)
    xYieldPending                            0x20000044   Data           4  tasks.o(.data)
    xNumOfOverflows                          0x20000048   Data           4  tasks.o(.data)
    uxTaskNumber                             0x2000004c   Data           4  tasks.o(.data)
    xNextTaskUnblockTime                     0x20000050   Data           4  tasks.o(.data)
    xIdleTaskHandle                          0x20000054   Data           4  tasks.o(.data)
    uxSchedulerSuspended                     0x20000058   Data           4  tasks.o(.data)
    pxDelayedTaskList                        0x2000005c   Data           4  tasks.o(.data)
    pxOverflowDelayedTaskList                0x20000060   Data           4  tasks.o(.data)
    .data                                    0x20000064   Section       20  timers.o(.data)
    xTimerQueue                              0x20000064   Data           4  timers.o(.data)
    xTimerTaskHandle                         0x20000068   Data           4  timers.o(.data)
    xLastTime                                0x2000006c   Data           4  timers.o(.data)
    pxCurrentTimerList                       0x20000070   Data           4  timers.o(.data)
    pxOverflowTimerList                      0x20000074   Data           4  timers.o(.data)
    .data                                    0x20000078   Section        4  cmsis_os2.o(.data)
    KernelState                              0x20000078   Data           4  cmsis_os2.o(.data)
    .data                                    0x2000007c   Section       32  heap_4.o(.data)
    pxEnd                                    0x2000007c   Data           4  heap_4.o(.data)
    xFreeBytesRemaining                      0x20000080   Data           4  heap_4.o(.data)
    xMinimumEverFreeBytesRemaining           0x20000084   Data           4  heap_4.o(.data)
    xNumberOfSuccessfulAllocations           0x20000088   Data           4  heap_4.o(.data)
    xNumberOfSuccessfulFrees                 0x2000008c   Data           4  heap_4.o(.data)
    xBlockAllocatedBit                       0x20000090   Data           4  heap_4.o(.data)
    xStart                                   0x20000094   Data           8  heap_4.o(.data)
    .data                                    0x2000009c   Section       12  port.o(.data)
    ucMaxSysCallPriority                     0x2000009c   Data           1  port.o(.data)
    uxCriticalNesting                        0x200000a0   Data           4  port.o(.data)
    ulMaxPRIGROUPValue                       0x200000a4   Data           4  port.o(.data)
    .data                                    0x200000a8   Section        4  usart_task.o(.data)
    .data                                    0x200000ac   Section        5  usart_task.o(.data)
    .data                                    0x200000b4   Section        4  invert_garbage_task.o(.data)
    .data                                    0x200000b8   Section        4  drp_task.o(.data)
    .bss                                     0x200000bc   Section      144  tim.o(.bss)
    .bss                                     0x2000014c   Section       72  usart.o(.bss)
    .bss                                     0x20000194   Section       64  queue.o(.bss)
    .bss                                     0x200001d4   Section     1220  tasks.o(.bss)
    pxReadyTasksLists                        0x200001d4   Data        1120  tasks.o(.bss)
    xDelayedTaskList1                        0x20000634   Data          20  tasks.o(.bss)
    xDelayedTaskList2                        0x20000648   Data          20  tasks.o(.bss)
    xPendingReadyList                        0x2000065c   Data          20  tasks.o(.bss)
    xTasksWaitingTermination                 0x20000670   Data          20  tasks.o(.bss)
    xSuspendedTaskList                       0x20000684   Data          20  tasks.o(.bss)
    .bss                                     0x20000698   Section      280  timers.o(.bss)
    xStaticTimerQueue                        0x20000698   Data          80  timers.o(.bss)
    ucStaticTimerQueueStorage                0x200006e8   Data         160  timers.o(.bss)
    xActiveTimerList1                        0x20000788   Data          20  timers.o(.bss)
    xActiveTimerList2                        0x2000079c   Data          20  timers.o(.bss)
    .bss                                     0x200007b0   Section     1720  cmsis_os2.o(.bss)
    Idle_TCB                                 0x200007b0   Data          92  cmsis_os2.o(.bss)
    Idle_Stack                               0x2000080c   Data         512  cmsis_os2.o(.bss)
    Timer_TCB                                0x20000a0c   Data          92  cmsis_os2.o(.bss)
    Timer_Stack                              0x20000a68   Data        1024  cmsis_os2.o(.bss)
    .bss                                     0x20000e68   Section    15360  heap_4.o(.bss)
    ucHeap                                   0x20000e68   Data       15360  heap_4.o(.bss)
    .bss                                     0x20004a68   Section       96  libspace.o(.bss)
    HEAP                                     0x20004ac8   Section      512  startup_stm32f407xx.o(HEAP)
    Heap_Mem                                 0x20004ac8   Data         512  startup_stm32f407xx.o(HEAP)
    STACK                                    0x20004cc8   Section     1024  startup_stm32f407xx.o(STACK)
    Stack_Mem                                0x20004cc8   Data        1024  startup_stm32f407xx.o(STACK)
    __initial_sp                             0x200050c8   Data           0  startup_stm32f407xx.o(STACK)

    Global Symbols

    Symbol Name                              Value     Ov Type        Size  Object(Section)

    BuildAttributes$$THM_ISAv4$E$P$D$K$B$S$7EM$VFPi3$EXTD16$VFPS$VFMA$PE$A:L22UL41UL21$X:L11$S22US41US21$IEEE1$IW$USESV6$~STKCKD$USESV7$~SHL$OSPACE$ROPI$EBA8$UX$STANDARDLIB$REQ8$PRES8$EABIv2 0x00000000   Number         0  anon$$obj.o ABSOLUTE
    __ARM_use_no_argv                        0x00000000   Number         0  main.o ABSOLUTE
    __ARM_exceptions_init                     - Undefined Weak Reference
    __alloca_initialize                       - Undefined Weak Reference
    __arm_fini_                               - Undefined Weak Reference
    __arm_preinit_                            - Undefined Weak Reference
    __cpp_initialize__aeabi_                  - Undefined Weak Reference
    __cxa_finalize                            - Undefined Weak Reference
    __rt_locale                               - Undefined Weak Reference
    __sigvec_lookup                           - Undefined Weak Reference
    _atexit_init                              - Undefined Weak Reference
    _call_atexit_fns                          - Undefined Weak Reference
    _clock_init                               - Undefined Weak Reference
    _fp_trap_init                             - Undefined Weak Reference
    _fp_trap_shutdown                         - Undefined Weak Reference
    _get_lc_collate                           - Undefined Weak Reference
    _get_lc_ctype                             - Undefined Weak Reference
    _get_lc_monetary                          - Undefined Weak Reference
    _get_lc_numeric                           - Undefined Weak Reference
    _get_lc_time                              - Undefined Weak Reference
    _getenv_init                              - Undefined Weak Reference
    _handle_redirection                       - Undefined Weak Reference
    _init_alloc                               - Undefined Weak Reference
    _init_user_alloc                          - Undefined Weak Reference
    _initio                                   - Undefined Weak Reference
    _rand_init                                - Undefined Weak Reference
    _signal_finish                            - Undefined Weak Reference
    _signal_init                              - Undefined Weak Reference
    _terminate_alloc                          - Undefined Weak Reference
    _terminate_user_alloc                     - Undefined Weak Reference
    _terminateio                              - Undefined Weak Reference
    __Vectors_Size                           0x00000188   Number         0  startup_stm32f407xx.o ABSOLUTE
    __Vectors                                0x08000000   Data           4  startup_stm32f407xx.o(RESET)
    __Vectors_End                            0x08000188   Data           0  startup_stm32f407xx.o(RESET)
    __main                                   0x08000189   Thumb Code     8  __main.o(!!!main)
    __scatterload                            0x08000191   Thumb Code     0  __scatter.o(!!!scatter)
    __scatterload_rt2                        0x08000191   Thumb Code    44  __scatter.o(!!!scatter)
    __scatterload_rt2_thumb_only             0x08000191   Thumb Code     0  __scatter.o(!!!scatter)
    __scatterload_null                       0x0800019f   Thumb Code     0  __scatter.o(!!!scatter)
    __scatterload_copy                       0x080001c5   Thumb Code    26  __scatter_copy.o(!!handler_copy)
    __scatterload_zeroinit                   0x080001e1   Thumb Code    28  __scatter_zi.o(!!handler_zi)
    __rt_lib_init                            0x080001fd   Thumb Code     0  libinit.o(.ARM.Collect$$libinit$$00000000)
    __rt_lib_init_fp_1                       0x080001ff   Thumb Code     0  libinit2.o(.ARM.Collect$$libinit$$00000001)
    __rt_lib_init_alloca_1                   0x08000203   Thumb Code     0  libinit2.o(.ARM.Collect$$libinit$$0000002E)
    __rt_lib_init_argv_1                     0x08000203   Thumb Code     0  libinit2.o(.ARM.Collect$$libinit$$0000002C)
    __rt_lib_init_atexit_1                   0x08000203   Thumb Code     0  libinit2.o(.ARM.Collect$$libinit$$0000001B)
    __rt_lib_init_clock_1                    0x08000203   Thumb Code     0  libinit2.o(.ARM.Collect$$libinit$$00000021)
    __rt_lib_init_cpp_1                      0x08000203   Thumb Code     0  libinit2.o(.ARM.Collect$$libinit$$00000032)
    __rt_lib_init_exceptions_1               0x08000203   Thumb Code     0  libinit2.o(.ARM.Collect$$libinit$$00000030)
    __rt_lib_init_fp_trap_1                  0x08000203   Thumb Code     0  libinit2.o(.ARM.Collect$$libinit$$0000001F)
    __rt_lib_init_getenv_1                   0x08000203   Thumb Code     0  libinit2.o(.ARM.Collect$$libinit$$00000023)
    __rt_lib_init_heap_1                     0x08000203   Thumb Code     0  libinit2.o(.ARM.Collect$$libinit$$0000000A)
    __rt_lib_init_lc_collate_1               0x08000203   Thumb Code     0  libinit2.o(.ARM.Collect$$libinit$$00000011)
    __rt_lib_init_lc_ctype_1                 0x08000203   Thumb Code     0  libinit2.o(.ARM.Collect$$libinit$$00000013)
    __rt_lib_init_lc_monetary_1              0x08000203   Thumb Code     0  libinit2.o(.ARM.Collect$$libinit$$00000015)
    __rt_lib_init_lc_numeric_1               0x08000203   Thumb Code     0  libinit2.o(.ARM.Collect$$libinit$$00000017)
    __rt_lib_init_lc_time_1                  0x08000203   Thumb Code     0  libinit2.o(.ARM.Collect$$libinit$$00000019)
    __rt_lib_init_preinit_1                  0x08000203   Thumb Code     0  libinit2.o(.ARM.Collect$$libinit$$00000004)
    __rt_lib_init_rand_1                     0x08000203   Thumb Code     0  libinit2.o(.ARM.Collect$$libinit$$0000000E)
    __rt_lib_init_return                     0x08000203   Thumb Code     0  libinit2.o(.ARM.Collect$$libinit$$00000033)
    __rt_lib_init_signal_1                   0x08000203   Thumb Code     0  libinit2.o(.ARM.Collect$$libinit$$0000001D)
    __rt_lib_init_stdio_1                    0x08000203   Thumb Code     0  libinit2.o(.ARM.Collect$$libinit$$00000025)
    __rt_lib_init_user_alloc_1               0x08000203   Thumb Code     0  libinit2.o(.ARM.Collect$$libinit$$0000000C)
    __rt_lib_shutdown                        0x08000205   Thumb Code     0  libshutdown.o(.ARM.Collect$$libshutdown$$00000000)
    __rt_lib_shutdown_cpp_1                  0x08000207   Thumb Code     0  libshutdown2.o(.ARM.Collect$$libshutdown$$00000004)
    __rt_lib_shutdown_fini_1                 0x08000207   Thumb Code     0  libshutdown2.o(.ARM.Collect$$libshutdown$$00000002)
    __rt_lib_shutdown_fp_trap_1              0x08000207   Thumb Code     0  libshutdown2.o(.ARM.Collect$$libshutdown$$00000009)
    __rt_lib_shutdown_heap_1                 0x08000207   Thumb Code     0  libshutdown2.o(.ARM.Collect$$libshutdown$$00000011)
    __rt_lib_shutdown_return                 0x08000207   Thumb Code     0  libshutdown2.o(.ARM.Collect$$libshutdown$$00000012)
    __rt_lib_shutdown_signal_1               0x08000207   Thumb Code     0  libshutdown2.o(.ARM.Collect$$libshutdown$$0000000C)
    __rt_lib_shutdown_stdio_1                0x08000207   Thumb Code     0  libshutdown2.o(.ARM.Collect$$libshutdown$$00000006)
    __rt_lib_shutdown_user_alloc_1           0x08000207   Thumb Code     0  libshutdown2.o(.ARM.Collect$$libshutdown$$0000000E)
    __rt_entry                               0x08000209   Thumb Code     0  __rtentry.o(.ARM.Collect$$rtentry$$00000000)
    __rt_entry_presh_1                       0x08000209   Thumb Code     0  __rtentry2.o(.ARM.Collect$$rtentry$$00000002)
    __rt_entry_sh                            0x08000209   Thumb Code     0  __rtentry4.o(.ARM.Collect$$rtentry$$00000004)
    __rt_entry_li                            0x0800020f   Thumb Code     0  __rtentry2.o(.ARM.Collect$$rtentry$$0000000A)
    __rt_entry_postsh_1                      0x0800020f   Thumb Code     0  __rtentry2.o(.ARM.Collect$$rtentry$$00000009)
    __rt_entry_main                          0x08000213   Thumb Code     0  __rtentry2.o(.ARM.Collect$$rtentry$$0000000D)
    __rt_entry_postli_1                      0x08000213   Thumb Code     0  __rtentry2.o(.ARM.Collect$$rtentry$$0000000C)
    __rt_exit                                0x0800021b   Thumb Code     0  rtexit.o(.ARM.Collect$$rtexit$$00000000)
    __rt_exit_ls                             0x0800021d   Thumb Code     0  rtexit2.o(.ARM.Collect$$rtexit$$00000003)
    __rt_exit_prels_1                        0x0800021d   Thumb Code     0  rtexit2.o(.ARM.Collect$$rtexit$$00000002)
    __rt_exit_exit                           0x08000221   Thumb Code     0  rtexit2.o(.ARM.Collect$$rtexit$$00000004)
    SVC_Handler                              0x08000229   Thumb Code    28  port.o(.emb_text)
    __asm___6_port_c_39a90d8d__prvStartFirstTask 0x08000249   Thumb Code    36  port.o(.emb_text)
    __asm___6_port_c_39a90d8d__prvEnableVFP  0x08000271   Thumb Code    16  port.o(.emb_text)
    PendSV_Handler                           0x08000285   Thumb Code    88  port.o(.emb_text)
    vPortGetIPSR                             0x080002e1   Thumb Code     6  port.o(.emb_text)
    Reset_Handler                            0x080002e9   Thumb Code     8  startup_stm32f407xx.o(.text)
    ADC_IRQHandler                           0x08000303   Thumb Code     0  startup_stm32f407xx.o(.text)
    CAN1_RX0_IRQHandler                      0x08000303   Thumb Code     0  startup_stm32f407xx.o(.text)
    CAN1_RX1_IRQHandler                      0x08000303   Thumb Code     0  startup_stm32f407xx.o(.text)
    CAN1_SCE_IRQHandler                      0x08000303   Thumb Code     0  startup_stm32f407xx.o(.text)
    CAN1_TX_IRQHandler                       0x08000303   Thumb Code     0  startup_stm32f407xx.o(.text)
    CAN2_RX0_IRQHandler                      0x08000303   Thumb Code     0  startup_stm32f407xx.o(.text)
    CAN2_RX1_IRQHandler                      0x08000303   Thumb Code     0  startup_stm32f407xx.o(.text)
    CAN2_SCE_IRQHandler                      0x08000303   Thumb Code     0  startup_stm32f407xx.o(.text)
    CAN2_TX_IRQHandler                       0x08000303   Thumb Code     0  startup_stm32f407xx.o(.text)
    DCMI_IRQHandler                          0x08000303   Thumb Code     0  startup_stm32f407xx.o(.text)
    DMA1_Stream0_IRQHandler                  0x08000303   Thumb Code     0  startup_stm32f407xx.o(.text)
    DMA1_Stream1_IRQHandler                  0x08000303   Thumb Code     0  startup_stm32f407xx.o(.text)
    DMA1_Stream2_IRQHandler                  0x08000303   Thumb Code     0  startup_stm32f407xx.o(.text)
    DMA1_Stream3_IRQHandler                  0x08000303   Thumb Code     0  startup_stm32f407xx.o(.text)
    DMA1_Stream4_IRQHandler                  0x08000303   Thumb Code     0  startup_stm32f407xx.o(.text)
    DMA1_Stream5_IRQHandler                  0x08000303   Thumb Code     0  startup_stm32f407xx.o(.text)
    DMA1_Stream6_IRQHandler                  0x08000303   Thumb Code     0  startup_stm32f407xx.o(.text)
    DMA1_Stream7_IRQHandler                  0x08000303   Thumb Code     0  startup_stm32f407xx.o(.text)
    DMA2_Stream0_IRQHandler                  0x08000303   Thumb Code     0  startup_stm32f407xx.o(.text)
    DMA2_Stream1_IRQHandler                  0x08000303   Thumb Code     0  startup_stm32f407xx.o(.text)
    DMA2_Stream2_IRQHandler                  0x08000303   Thumb Code     0  startup_stm32f407xx.o(.text)
    DMA2_Stream3_IRQHandler                  0x08000303   Thumb Code     0  startup_stm32f407xx.o(.text)
    DMA2_Stream4_IRQHandler                  0x08000303   Thumb Code     0  startup_stm32f407xx.o(.text)
    DMA2_Stream5_IRQHandler                  0x08000303   Thumb Code     0  startup_stm32f407xx.o(.text)
    DMA2_Stream6_IRQHandler                  0x08000303   Thumb Code     0  startup_stm32f407xx.o(.text)
    DMA2_Stream7_IRQHandler                  0x08000303   Thumb Code     0  startup_stm32f407xx.o(.text)
    ETH_IRQHandler                           0x08000303   Thumb Code     0  startup_stm32f407xx.o(.text)
    ETH_WKUP_IRQHandler                      0x08000303   Thumb Code     0  startup_stm32f407xx.o(.text)
    EXTI0_IRQHandler                         0x08000303   Thumb Code     0  startup_stm32f407xx.o(.text)
    EXTI15_10_IRQHandler                     0x08000303   Thumb Code     0  startup_stm32f407xx.o(.text)
    EXTI1_IRQHandler                         0x08000303   Thumb Code     0  startup_stm32f407xx.o(.text)
    EXTI2_IRQHandler                         0x08000303   Thumb Code     0  startup_stm32f407xx.o(.text)
    EXTI3_IRQHandler                         0x08000303   Thumb Code     0  startup_stm32f407xx.o(.text)
    EXTI4_IRQHandler                         0x08000303   Thumb Code     0  startup_stm32f407xx.o(.text)
    EXTI9_5_IRQHandler                       0x08000303   Thumb Code     0  startup_stm32f407xx.o(.text)
    FLASH_IRQHandler                         0x08000303   Thumb Code     0  startup_stm32f407xx.o(.text)
    FMC_IRQHandler                           0x08000303   Thumb Code     0  startup_stm32f407xx.o(.text)
    FPU_IRQHandler                           0x08000303   Thumb Code     0  startup_stm32f407xx.o(.text)
    HASH_RNG_IRQHandler                      0x08000303   Thumb Code     0  startup_stm32f407xx.o(.text)
    I2C1_ER_IRQHandler                       0x08000303   Thumb Code     0  startup_stm32f407xx.o(.text)
    I2C1_EV_IRQHandler                       0x08000303   Thumb Code     0  startup_stm32f407xx.o(.text)
    I2C2_ER_IRQHandler                       0x08000303   Thumb Code     0  startup_stm32f407xx.o(.text)
    I2C2_EV_IRQHandler                       0x08000303   Thumb Code     0  startup_stm32f407xx.o(.text)
    I2C3_ER_IRQHandler                       0x08000303   Thumb Code     0  startup_stm32f407xx.o(.text)
    I2C3_EV_IRQHandler                       0x08000303   Thumb Code     0  startup_stm32f407xx.o(.text)
    OTG_FS_IRQHandler                        0x08000303   Thumb Code     0  startup_stm32f407xx.o(.text)
    OTG_FS_WKUP_IRQHandler                   0x08000303   Thumb Code     0  startup_stm32f407xx.o(.text)
    OTG_HS_EP1_IN_IRQHandler                 0x08000303   Thumb Code     0  startup_stm32f407xx.o(.text)
    OTG_HS_EP1_OUT_IRQHandler                0x08000303   Thumb Code     0  startup_stm32f407xx.o(.text)
    OTG_HS_IRQHandler                        0x08000303   Thumb Code     0  startup_stm32f407xx.o(.text)
    OTG_HS_WKUP_IRQHandler                   0x08000303   Thumb Code     0  startup_stm32f407xx.o(.text)
    PVD_IRQHandler                           0x08000303   Thumb Code     0  startup_stm32f407xx.o(.text)
    RCC_IRQHandler                           0x08000303   Thumb Code     0  startup_stm32f407xx.o(.text)
    RTC_Alarm_IRQHandler                     0x08000303   Thumb Code     0  startup_stm32f407xx.o(.text)
    RTC_WKUP_IRQHandler                      0x08000303   Thumb Code     0  startup_stm32f407xx.o(.text)
    SDIO_IRQHandler                          0x08000303   Thumb Code     0  startup_stm32f407xx.o(.text)
    SPI1_IRQHandler                          0x08000303   Thumb Code     0  startup_stm32f407xx.o(.text)
    SPI2_IRQHandler                          0x08000303   Thumb Code     0  startup_stm32f407xx.o(.text)
    SPI3_IRQHandler                          0x08000303   Thumb Code     0  startup_stm32f407xx.o(.text)
    TAMP_STAMP_IRQHandler                    0x08000303   Thumb Code     0  startup_stm32f407xx.o(.text)
    TIM1_BRK_TIM9_IRQHandler                 0x08000303   Thumb Code     0  startup_stm32f407xx.o(.text)
    TIM1_CC_IRQHandler                       0x08000303   Thumb Code     0  startup_stm32f407xx.o(.text)
    TIM1_TRG_COM_TIM11_IRQHandler            0x08000303   Thumb Code     0  startup_stm32f407xx.o(.text)
    TIM1_UP_TIM10_IRQHandler                 0x08000303   Thumb Code     0  startup_stm32f407xx.o(.text)
    TIM2_IRQHandler                          0x08000303   Thumb Code     0  startup_stm32f407xx.o(.text)
    TIM3_IRQHandler                          0x08000303   Thumb Code     0  startup_stm32f407xx.o(.text)
    TIM4_IRQHandler                          0x08000303   Thumb Code     0  startup_stm32f407xx.o(.text)
    TIM5_IRQHandler                          0x08000303   Thumb Code     0  startup_stm32f407xx.o(.text)
    TIM6_DAC_IRQHandler                      0x08000303   Thumb Code     0  startup_stm32f407xx.o(.text)
    TIM7_IRQHandler                          0x08000303   Thumb Code     0  startup_stm32f407xx.o(.text)
    TIM8_BRK_TIM12_IRQHandler                0x08000303   Thumb Code     0  startup_stm32f407xx.o(.text)
    TIM8_CC_IRQHandler                       0x08000303   Thumb Code     0  startup_stm32f407xx.o(.text)
    TIM8_TRG_COM_TIM14_IRQHandler            0x08000303   Thumb Code     0  startup_stm32f407xx.o(.text)
    TIM8_UP_TIM13_IRQHandler                 0x08000303   Thumb Code     0  startup_stm32f407xx.o(.text)
    UART4_IRQHandler                         0x08000303   Thumb Code     0  startup_stm32f407xx.o(.text)
    UART5_IRQHandler                         0x08000303   Thumb Code     0  startup_stm32f407xx.o(.text)
    USART2_IRQHandler                        0x08000303   Thumb Code     0  startup_stm32f407xx.o(.text)
    USART3_IRQHandler                        0x08000303   Thumb Code     0  startup_stm32f407xx.o(.text)
    USART6_IRQHandler                        0x08000303   Thumb Code     0  startup_stm32f407xx.o(.text)
    WWDG_IRQHandler                          0x08000303   Thumb Code     0  startup_stm32f407xx.o(.text)
    __user_initial_stackheap                 0x08000305   Thumb Code     0  startup_stm32f407xx.o(.text)
    __aeabi_uldivmod                         0x08000329   Thumb Code     0  lludivv7m.o(.text)
    _ll_udiv                                 0x08000329   Thumb Code   238  lludivv7m.o(.text)
    __aeabi_memcpy                           0x08000417   Thumb Code     0  rt_memcpy_v6.o(.text)
    __rt_memcpy                              0x08000417   Thumb Code   138  rt_memcpy_v6.o(.text)
    _memcpy_lastbytes                        0x0800047d   Thumb Code     0  rt_memcpy_v6.o(.text)
    __aeabi_memset                           0x080004a1   Thumb Code    16  aeabi_memset.o(.text)
    __aeabi_memclr4                          0x080004b1   Thumb Code     0  rt_memclr_w.o(.text)
    __aeabi_memclr8                          0x080004b1   Thumb Code     0  rt_memclr_w.o(.text)
    __rt_memclr_w                            0x080004b1   Thumb Code    78  rt_memclr_w.o(.text)
    _memset_w                                0x080004b5   Thumb Code     0  rt_memclr_w.o(.text)
    __use_two_region_memory                  0x080004ff   Thumb Code     2  heapauxi.o(.text)
    __rt_heap_escrow$2region                 0x08000501   Thumb Code     2  heapauxi.o(.text)
    __rt_heap_expand$2region                 0x08000503   Thumb Code     2  heapauxi.o(.text)
    __aeabi_memcpy4                          0x08000505   Thumb Code     0  rt_memcpy_w.o(.text)
    __aeabi_memcpy8                          0x08000505   Thumb Code     0  rt_memcpy_w.o(.text)
    __rt_memcpy_w                            0x08000505   Thumb Code   100  rt_memcpy_w.o(.text)
    _memcpy_lastbytes_aligned                0x0800054d   Thumb Code     0  rt_memcpy_w.o(.text)
    __aeabi_memclr                           0x08000569   Thumb Code     0  rt_memclr.o(.text)
    __rt_memclr                              0x08000569   Thumb Code    68  rt_memclr.o(.text)
    _memset                                  0x0800056d   Thumb Code     0  rt_memclr.o(.text)
    __user_setup_stackheap                   0x080005ad   Thumb Code    74  sys_stackheap_outer.o(.text)
    exit                                     0x080005f7   Thumb Code    18  exit.o(.text)
    __user_libspace                          0x08000609   Thumb Code     8  libspace.o(.text)
    __user_perproc_libspace                  0x08000609   Thumb Code     0  libspace.o(.text)
    __user_perthread_libspace                0x08000609   Thumb Code     0  libspace.o(.text)
    _sys_exit                                0x08000611   Thumb Code     8  sys_exit.o(.text)
    __I$use$semihosting                      0x0800061d   Thumb Code     0  use_no_semi.o(.text)
    __use_no_semihosting_swi                 0x0800061d   Thumb Code     2  use_no_semi.o(.text)
    BusFault_Handler                         0x0800061f   Thumb Code     2  stm32f4xx_it.o(i.BusFault_Handler)
    __semihosting_library_function           0x0800061f   Thumb Code     0  indicate_semi.o(.text)
    Conveyor_Task                            0x08000621   Thumb Code    72  conveyor_bj_task.o(i.Conveyor_Task)
    DebugMon_Handler                         0x08000675   Thumb Code     2  stm32f4xx_it.o(i.DebugMon_Handler)
    Drp_Task                                 0x08000679   Thumb Code    62  drp_task.o(i.Drp_Task)
    Error_Handler                            0x080006c5   Thumb Code     4  main.o(i.Error_Handler)
    HAL_DMA_Abort                            0x080006c9   Thumb Code   146  stm32f4xx_hal_dma.o(i.HAL_DMA_Abort)
    HAL_DMA_Abort_IT                         0x0800075b   Thumb Code    36  stm32f4xx_hal_dma.o(i.HAL_DMA_Abort_IT)
    HAL_GPIO_Init                            0x08000781   Thumb Code   450  stm32f4xx_hal_gpio.o(i.HAL_GPIO_Init)
    HAL_GPIO_ReadPin                         0x08000971   Thumb Code    10  stm32f4xx_hal_gpio.o(i.HAL_GPIO_ReadPin)
    HAL_GPIO_TogglePin                       0x0800097b   Thumb Code    16  stm32f4xx_hal_gpio.o(i.HAL_GPIO_TogglePin)
    HAL_GPIO_WritePin                        0x0800098b   Thumb Code    10  stm32f4xx_hal_gpio.o(i.HAL_GPIO_WritePin)
    HAL_GetTick                              0x08000995   Thumb Code     6  stm32f4xx_hal.o(i.HAL_GetTick)
    HAL_IncTick                              0x080009a1   Thumb Code    12  stm32f4xx_hal.o(i.HAL_IncTick)
    HAL_Init                                 0x080009b1   Thumb Code    48  stm32f4xx_hal.o(i.HAL_Init)
    HAL_InitTick                             0x080009e5   Thumb Code    54  stm32f4xx_hal.o(i.HAL_InitTick)
    HAL_MspInit                              0x08000a25   Thumb Code    52  stm32f4xx_hal_msp.o(i.HAL_MspInit)
    HAL_NVIC_EnableIRQ                       0x08000a5d   Thumb Code    26  stm32f4xx_hal_cortex.o(i.HAL_NVIC_EnableIRQ)
    HAL_NVIC_SetPriority                     0x08000a79   Thumb Code    60  stm32f4xx_hal_cortex.o(i.HAL_NVIC_SetPriority)
    HAL_NVIC_SetPriorityGrouping             0x08000ab9   Thumb Code    26  stm32f4xx_hal_cortex.o(i.HAL_NVIC_SetPriorityGrouping)
    HAL_RCC_ClockConfig                      0x08000add   Thumb Code   288  stm32f4xx_hal_rcc.o(i.HAL_RCC_ClockConfig)
    HAL_RCC_GetPCLK1Freq                     0x08000c11   Thumb Code    20  stm32f4xx_hal_rcc.o(i.HAL_RCC_GetPCLK1Freq)
    HAL_RCC_GetPCLK2Freq                     0x08000c31   Thumb Code    20  stm32f4xx_hal_rcc.o(i.HAL_RCC_GetPCLK2Freq)
    HAL_RCC_GetSysClockFreq                  0x08000c51   Thumb Code    88  stm32f4xx_hal_rcc.o(i.HAL_RCC_GetSysClockFreq)
    HAL_RCC_OscConfig                        0x08000cb5   Thumb Code   856  stm32f4xx_hal_rcc.o(i.HAL_RCC_OscConfig)
    HAL_SYSTICK_Config                       0x08001021   Thumb Code    40  stm32f4xx_hal_cortex.o(i.HAL_SYSTICK_Config)
    HAL_TIMEx_ConfigBreakDeadTime            0x08001049   Thumb Code    84  stm32f4xx_hal_tim_ex.o(i.HAL_TIMEx_ConfigBreakDeadTime)
    HAL_TIMEx_MasterConfigSynchronization    0x0800109d   Thumb Code   116  stm32f4xx_hal_tim_ex.o(i.HAL_TIMEx_MasterConfigSynchronization)
    HAL_TIM_MspPostInit                      0x0800112d   Thumb Code   112  tim.o(i.HAL_TIM_MspPostInit)
    HAL_TIM_PWM_ConfigChannel                0x080011ad   Thumb Code   204  stm32f4xx_hal_tim.o(i.HAL_TIM_PWM_ConfigChannel)
    HAL_TIM_PWM_Init                         0x08001279   Thumb Code    90  stm32f4xx_hal_tim.o(i.HAL_TIM_PWM_Init)
    HAL_TIM_PWM_MspInit                      0x080012d5   Thumb Code    42  tim.o(i.HAL_TIM_PWM_MspInit)
    HAL_TIM_PWM_Start                        0x08001309   Thumb Code   172  stm32f4xx_hal_tim.o(i.HAL_TIM_PWM_Start)
    HAL_UARTEx_RxEventCallback               0x080013d1   Thumb Code     2  stm32f4xx_hal_uart.o(i.HAL_UARTEx_RxEventCallback)
    HAL_UART_ErrorCallback                   0x080013d3   Thumb Code     2  stm32f4xx_hal_uart.o(i.HAL_UART_ErrorCallback)
    HAL_UART_IRQHandler                      0x080013d5   Thumb Code   618  stm32f4xx_hal_uart.o(i.HAL_UART_IRQHandler)
    HAL_UART_Init                            0x08001645   Thumb Code   100  stm32f4xx_hal_uart.o(i.HAL_UART_Init)
    HAL_UART_MspInit                         0x080016a9   Thumb Code   110  usart.o(i.HAL_UART_MspInit)
    HAL_UART_Receive_IT                      0x08001725   Thumb Code    28  stm32f4xx_hal_uart.o(i.HAL_UART_Receive_IT)
    HAL_UART_RxCpltCallback                  0x08001741   Thumb Code    18  usart_task.o(i.HAL_UART_RxCpltCallback)
    HAL_UART_Transmit_IT                     0x0800175d   Thumb Code    50  stm32f4xx_hal_uart.o(i.HAL_UART_Transmit_IT)
    HAL_UART_TxCpltCallback                  0x0800178f   Thumb Code     2  usart_task.o(i.HAL_UART_TxCpltCallback)
    HardFault_Handler                        0x08001791   Thumb Code     2  stm32f4xx_it.o(i.HardFault_Handler)
    Invert_task                              0x08001795   Thumb Code   118  invert_garbage_task.o(i.Invert_task)
    MX_FREERTOS_Init                         0x0800181d   Thumb Code    88  freertos.o(i.MX_FREERTOS_Init)
    MX_GPIO_Init                             0x08001895   Thumb Code   188  gpio.o(i.MX_GPIO_Init)
    MX_TIM1_Init                             0x08001961   Thumb Code   202  tim.o(i.MX_TIM1_Init)
    MX_TIM2_Init                             0x08001a35   Thumb Code   118  tim.o(i.MX_TIM2_Init)
    MX_USART1_UART_Init                      0x08001ab1   Thumb Code    48  usart.o(i.MX_USART1_UART_Init)
    MemManage_Handler                        0x08001ae9   Thumb Code     2  stm32f4xx_it.o(i.MemManage_Handler)
    NMI_Handler                              0x08001aeb   Thumb Code     2  stm32f4xx_it.o(i.NMI_Handler)
    Panel_Dj_Task                            0x08001aed   Thumb Code    40  invert_garbage_task.o(i.Panel_Dj_Task)
    StartDefaultTask                         0x08001b1d   Thumb Code     8  freertos.o(i.StartDefaultTask)
    SysTick_Handler                          0x08001b25   Thumb Code    24  stm32f4xx_it.o(i.SysTick_Handler)
    SystemClock_Config                       0x08001b3d   Thumb Code   140  main.o(i.SystemClock_Config)
    SystemInit                               0x08001bd1   Thumb Code    12  system_stm32f4xx.o(i.SystemInit)
    TIM_Base_SetConfig                       0x08001be1   Thumb Code   170  stm32f4xx_hal_tim.o(i.TIM_Base_SetConfig)
    TIM_CCxChannelCmd                        0x08001cb9   Thumb Code    26  stm32f4xx_hal_tim.o(i.TIM_CCxChannelCmd)
    TIM_OC2_SetConfig                        0x08001d35   Thumb Code    98  stm32f4xx_hal_tim.o(i.TIM_OC2_SetConfig)
    UART_Start_Receive_IT                    0x08002085   Thumb Code    54  stm32f4xx_hal_uart.o(i.UART_Start_Receive_IT)
    USART1_IRQHandler                        0x080020bd   Thumb Code     6  stm32f4xx_it.o(i.USART1_IRQHandler)
    UsageFault_Handler                       0x080020c9   Thumb Code     2  stm32f4xx_it.o(i.UsageFault_Handler)
    conveyor_under                           0x080020ed   Thumb Code    44  bj_motor.o(i.conveyor_under)
    conveyor_upper                           0x0800211d   Thumb Code    46  bj_motor.o(i.conveyor_upper)
    delay_us                                 0x08002155   Thumb Code    18  bj_motor.o(i.delay_us)
    main                                     0x08002169   Thumb Code   130  main.o(i.main)
    osDelay                                  0x08002201   Thumb Code    26  cmsis_os2.o(i.osDelay)
    osKernelInitialize                       0x0800221d   Thumb Code    32  cmsis_os2.o(i.osKernelInitialize)
    osKernelStart                            0x08002241   Thumb Code    48  cmsis_os2.o(i.osKernelStart)
    osThreadNew                              0x08002279   Thumb Code   138  cmsis_os2.o(i.osThreadNew)
    pvPortMalloc                             0x08002a99   Thumb Code   216  heap_4.o(i.pvPortMalloc)
    pxPortInitialiseStack                    0x08002b75   Thumb Code    40  port.o(i.pxPortInitialiseStack)
    tr_Full_Task                             0x08002ba1   Thumb Code   106  drp_task.o(i.tr_Full_Task)
    uxListRemove                             0x08002c1d   Thumb Code    38  list.o(i.uxListRemove)
    vApplicationGetIdleTaskMemory            0x08002c45   Thumb Code    16  cmsis_os2.o(i.vApplicationGetIdleTaskMemory)
    vApplicationGetTimerTaskMemory           0x08002c59   Thumb Code    18  cmsis_os2.o(i.vApplicationGetTimerTaskMemory)
    vListInitialise                          0x08002c71   Thumb Code    22  list.o(i.vListInitialise)
    vListInitialiseItem                      0x08002c87   Thumb Code     6  list.o(i.vListInitialiseItem)
    vListInsert                              0x08002c8d   Thumb Code    48  list.o(i.vListInsert)
    vListInsertEnd                           0x08002cbd   Thumb Code    24  list.o(i.vListInsertEnd)
    vPortEnterCritical                       0x08002cd5   Thumb Code    54  port.o(i.vPortEnterCritical)
    vPortExitCritical                        0x08002d15   Thumb Code    34  port.o(i.vPortExitCritical)
    vPortFree                                0x08002d3d   Thumb Code    94  heap_4.o(i.vPortFree)
    vPortSetupTimerInterrupt                 0x08002da1   Thumb Code    32  port.o(i.vPortSetupTimerInterrupt)
    vPortValidateInterruptPriority           0x08002dc5   Thumb Code    74  port.o(i.vPortValidateInterruptPriority)
    vQueueAddToRegistry                      0x08002e19   Thumb Code    34  queue.o(i.vQueueAddToRegistry)
    vQueueWaitForMessageRestricted           0x08002e41   Thumb Code    68  queue.o(i.vQueueWaitForMessageRestricted)
    vTaskDelay                               0x08002e85   Thumb Code    66  tasks.o(i.vTaskDelay)
    vTaskInternalSetTimeOutState             0x08002ed1   Thumb Code    12  tasks.o(i.vTaskInternalSetTimeOutState)
    vTaskMissedYield                         0x08002ee1   Thumb Code     8  tasks.o(i.vTaskMissedYield)
    vTaskPlaceOnEventList                    0x08002eed   Thumb Code    44  tasks.o(i.vTaskPlaceOnEventList)
    vTaskPlaceOnEventListRestricted          0x08002f1d   Thumb Code    52  tasks.o(i.vTaskPlaceOnEventListRestricted)
    vTaskStartScheduler                      0x08002f55   Thumb Code   118  tasks.o(i.vTaskStartScheduler)
    vTaskSuspendAll                          0x08002fdd   Thumb Code    10  tasks.o(i.vTaskSuspendAll)
    vTaskSwitchContext                       0x08002fed   Thumb Code    90  tasks.o(i.vTaskSwitchContext)
    xPortStartScheduler                      0x08003051   Thumb Code   222  port.o(i.xPortStartScheduler)
    xPortSysTickHandler                      0x08003145   Thumb Code    38  port.o(i.xPortSysTickHandler)
    xQueueGenericCreateStatic                0x08003171   Thumb Code   102  queue.o(i.xQueueGenericCreateStatic)
    xQueueGenericReset                       0x080031d9   Thumb Code   132  queue.o(i.xQueueGenericReset)
    xQueueGenericSend                        0x08003261   Thumb Code   346  queue.o(i.xQueueGenericSend)
    xQueueGenericSendFromISR                 0x080033c1   Thumb Code   190  queue.o(i.xQueueGenericSendFromISR)
    xQueueReceive                            0x08003481   Thumb Code   308  queue.o(i.xQueueReceive)
    xTaskCheckForTimeOut                     0x080035b9   Thumb Code   112  tasks.o(i.xTaskCheckForTimeOut)
    xTaskCreate                              0x0800362d   Thumb Code    90  tasks.o(i.xTaskCreate)
    xTaskCreateStatic                        0x08003687   Thumb Code    86  tasks.o(i.xTaskCreateStatic)
    xTaskGetSchedulerState                   0x080036dd   Thumb Code    22  tasks.o(i.xTaskGetSchedulerState)
    xTaskGetTickCount                        0x080036f9   Thumb Code     6  tasks.o(i.xTaskGetTickCount)
    xTaskIncrementTick                       0x08003705   Thumb Code   192  tasks.o(i.xTaskIncrementTick)
    xTaskPriorityDisinherit                  0x080037cd   Thumb Code   118  tasks.o(i.xTaskPriorityDisinherit)
    xTaskRemoveFromEventList                 0x0800384d   Thumb Code    98  tasks.o(i.xTaskRemoveFromEventList)
    xTaskResumeAll                           0x080038bd   Thumb Code   182  tasks.o(i.xTaskResumeAll)
    xTimerCreateTimerTask                    0x08003981   Thumb Code    78  timers.o(i.xTimerCreateTimerTask)
    xTimerGenericCommand                     0x080039e1   Thumb Code    98  timers.o(i.xTimerGenericCommand)
    _fp_init                                 0x08003a49   Thumb Code    10  fpinit.o(x$fpl$fpinit)
    __fplib_config_fpu_vfp                   0x08003a51   Thumb Code     0  fpinit.o(x$fpl$fpinit)
    __fplib_config_pureend_doubles           0x08003a51   Thumb Code     0  fpinit.o(x$fpl$fpinit)
    defaultTask_attributes                   0x08003a54   Data          36  freertos.o(.constdata)
    Conveyor_task_attributes                 0x08003a78   Data          36  freertos.o(.constdata)
    Invert_task_attributes                   0x08003a9c   Data          36  freertos.o(.constdata)
    Panel_Dj_Task_attributes                 0x08003ac0   Data          36  freertos.o(.constdata)
    Drp_Task_attributes                      0x08003ae4   Data          36  freertos.o(.constdata)
    tr_Full_Task_attributes                  0x08003b08   Data          36  freertos.o(.constdata)
    AHBPrescTable                            0x08003b2c   Data          16  system_stm32f4xx.o(.constdata)
    APBPrescTable                            0x08003b3c   Data           8  system_stm32f4xx.o(.constdata)
    Region$$Table$$Base                      0x08003b98   Number         0  anon$$obj.o(Region$$Table)
    Region$$Table$$Limit                     0x08003bb8   Number         0  anon$$obj.o(Region$$Table)
    defaultTaskHandle                        0x20000000   Data           4  freertos.o(.data)
    Conveyor_TaskHandle                      0x20000004   Data           4  freertos.o(.data)
    Invert_taskHandle                        0x20000008   Data           4  freertos.o(.data)
    Panel_Dj_TaskHandle                      0x2000000c   Data           4  freertos.o(.data)
    Drp_TaskHandle                           0x20000010   Data           4  freertos.o(.data)
    tr_Full_TaskHandle                       0x20000014   Data           4  freertos.o(.data)
    uwTickFreq                               0x20000018   Data           1  stm32f4xx_hal.o(.data)
    uwTickPrio                               0x2000001c   Data           4  stm32f4xx_hal.o(.data)
    uwTick                                   0x20000020   Data           4  stm32f4xx_hal.o(.data)
    SystemCoreClock                          0x20000024   Data           4  system_stm32f4xx.o(.data)
    pxCurrentTCB                             0x20000028   Data           4  tasks.o(.data)
    rv_Camera                                0x200000a8   Data           4  usart_task.o(.data)
    tr_st                                    0x200000ac   Data           5  usart_task.o(.data)
    singles                                  0x200000b4   Data           4  invert_garbage_task.o(.data)
    drp                                      0x200000b8   Data           4  drp_task.o(.data)
    htim1                                    0x200000bc   Data          72  tim.o(.bss)
    htim2                                    0x20000104   Data          72  tim.o(.bss)
    huart1                                   0x2000014c   Data          72  usart.o(.bss)
    xQueueRegistry                           0x20000194   Data          64  queue.o(.bss)
    __libspace_start                         0x20004a68   Data          96  libspace.o(.bss)
    __temporary_stack_top$libspace           0x20004ac8   Data           0  libspace.o(.bss)



==============================================================================

Memory Map of the image

  Image Entry point : 0x08000189

  Load Region LR_IROM1 (Base: 0x08000000, Size: 0x00003c74, Max: 0x00080000, ABSOLUTE)

    Execution Region ER_IROM1 (Exec base: 0x08000000, Load base: 0x08000000, Size: 0x00003bb8, Max: 0x00080000, ABSOLUTE)

    Exec Addr    Load Addr    Size         Type   Attr      Idx    E Section Name        Object

    0x08000000   0x08000000   0x00000188   Data   RO            3    RESET               startup_stm32f407xx.o
    0x08000188   0x08000188   0x00000008   Code   RO         4929  * !!!main             c_w.l(__main.o)
    0x08000190   0x08000190   0x00000034   Code   RO         5102    !!!scatter          c_w.l(__scatter.o)
    0x080001c4   0x080001c4   0x0000001a   Code   RO         5104    !!handler_copy      c_w.l(__scatter_copy.o)
    0x080001de   0x080001de   0x00000002   PAD
    0x080001e0   0x080001e0   0x0000001c   Code   RO         5106    !!handler_zi        c_w.l(__scatter_zi.o)
    0x080001fc   0x080001fc   0x00000002   Code   RO         4970    .ARM.Collect$$libinit$$00000000  c_w.l(libinit.o)
    0x080001fe   0x080001fe   0x00000004   Code   RO         4982    .ARM.Collect$$libinit$$00000001  c_w.l(libinit2.o)
    0x08000202   0x08000202   0x00000000   Code   RO         4985    .ARM.Collect$$libinit$$00000004  c_w.l(libinit2.o)
    0x08000202   0x08000202   0x00000000   Code   RO         4988    .ARM.Collect$$libinit$$0000000A  c_w.l(libinit2.o)
    0x08000202   0x08000202   0x00000000   Code   RO         4990    .ARM.Collect$$libinit$$0000000C  c_w.l(libinit2.o)
    0x08000202   0x08000202   0x00000000   Code   RO         4992    .ARM.Collect$$libinit$$0000000E  c_w.l(libinit2.o)
    0x08000202   0x08000202   0x00000000   Code   RO         4995    .ARM.Collect$$libinit$$00000011  c_w.l(libinit2.o)
    0x08000202   0x08000202   0x00000000   Code   RO         4997    .ARM.Collect$$libinit$$00000013  c_w.l(libinit2.o)
    0x08000202   0x08000202   0x00000000   Code   RO         4999    .ARM.Collect$$libinit$$00000015  c_w.l(libinit2.o)
    0x08000202   0x08000202   0x00000000   Code   RO         5001    .ARM.Collect$$libinit$$00000017  c_w.l(libinit2.o)
    0x08000202   0x08000202   0x00000000   Code   RO         5003    .ARM.Collect$$libinit$$00000019  c_w.l(libinit2.o)
    0x08000202   0x08000202   0x00000000   Code   RO         5005    .ARM.Collect$$libinit$$0000001B  c_w.l(libinit2.o)
    0x08000202   0x08000202   0x00000000   Code   RO         5007    .ARM.Collect$$libinit$$0000001D  c_w.l(libinit2.o)
    0x08000202   0x08000202   0x00000000   Code   RO         5009    .ARM.Collect$$libinit$$0000001F  c_w.l(libinit2.o)
    0x08000202   0x08000202   0x00000000   Code   RO         5011    .ARM.Collect$$libinit$$00000021  c_w.l(libinit2.o)
    0x08000202   0x08000202   0x00000000   Code   RO         5013    .ARM.Collect$$libinit$$00000023  c_w.l(libinit2.o)
    0x08000202   0x08000202   0x00000000   Code   RO         5015    .ARM.Collect$$libinit$$00000025  c_w.l(libinit2.o)
    0x08000202   0x08000202   0x00000000   Code   RO         5019    .ARM.Collect$$libinit$$0000002C  c_w.l(libinit2.o)
    0x08000202   0x08000202   0x00000000   Code   RO         5021    .ARM.Collect$$libinit$$0000002E  c_w.l(libinit2.o)
    0x08000202   0x08000202   0x00000000   Code   RO         5023    .ARM.Collect$$libinit$$00000030  c_w.l(libinit2.o)
    0x08000202   0x08000202   0x00000000   Code   RO         5025    .ARM.Collect$$libinit$$00000032  c_w.l(libinit2.o)
    0x08000202   0x08000202   0x00000002   Code   RO         5026    .ARM.Collect$$libinit$$00000033  c_w.l(libinit2.o)
    0x08000204   0x08000204   0x00000002   Code   RO         5057    .ARM.Collect$$libshutdown$$00000000  c_w.l(libshutdown.o)
    0x08000206   0x08000206   0x00000000   Code   RO         5083    .ARM.Collect$$libshutdown$$00000002  c_w.l(libshutdown2.o)
    0x08000206   0x08000206   0x00000000   Code   RO         5085    .ARM.Collect$$libshutdown$$00000004  c_w.l(libshutdown2.o)
    0x08000206   0x08000206   0x00000000   Code   RO         5087    .ARM.Collect$$libshutdown$$00000006  c_w.l(libshutdown2.o)
    0x08000206   0x08000206   0x00000000   Code   RO         5090    .ARM.Collect$$libshutdown$$00000009  c_w.l(libshutdown2.o)
    0x08000206   0x08000206   0x00000000   Code   RO         5093    .ARM.Collect$$libshutdown$$0000000C  c_w.l(libshutdown2.o)
    0x08000206   0x08000206   0x00000000   Code   RO         5095    .ARM.Collect$$libshutdown$$0000000E  c_w.l(libshutdown2.o)
    0x08000206   0x08000206   0x00000000   Code   RO         5098    .ARM.Collect$$libshutdown$$00000011  c_w.l(libshutdown2.o)
    0x08000206   0x08000206   0x00000002   Code   RO         5099    .ARM.Collect$$libshutdown$$00000012  c_w.l(libshutdown2.o)
    0x08000208   0x08000208   0x00000000   Code   RO         4931    .ARM.Collect$$rtentry$$00000000  c_w.l(__rtentry.o)
    0x08000208   0x08000208   0x00000000   Code   RO         4941    .ARM.Collect$$rtentry$$00000002  c_w.l(__rtentry2.o)
    0x08000208   0x08000208   0x00000006   Code   RO         4953    .ARM.Collect$$rtentry$$00000004  c_w.l(__rtentry4.o)
    0x0800020e   0x0800020e   0x00000000   Code   RO         4943    .ARM.Collect$$rtentry$$00000009  c_w.l(__rtentry2.o)
    0x0800020e   0x0800020e   0x00000004   Code   RO         4944    .ARM.Collect$$rtentry$$0000000A  c_w.l(__rtentry2.o)
    0x08000212   0x08000212   0x00000000   Code   RO         4946    .ARM.Collect$$rtentry$$0000000C  c_w.l(__rtentry2.o)
    0x08000212   0x08000212   0x00000008   Code   RO         4947    .ARM.Collect$$rtentry$$0000000D  c_w.l(__rtentry2.o)
    0x0800021a   0x0800021a   0x00000002   Code   RO         4974    .ARM.Collect$$rtexit$$00000000  c_w.l(rtexit.o)
    0x0800021c   0x0800021c   0x00000000   Code   RO         5030    .ARM.Collect$$rtexit$$00000002  c_w.l(rtexit2.o)
    0x0800021c   0x0800021c   0x00000004   Code   RO         5031    .ARM.Collect$$rtexit$$00000003  c_w.l(rtexit2.o)
    0x08000220   0x08000220   0x00000006   Code   RO         5032    .ARM.Collect$$rtexit$$00000004  c_w.l(rtexit2.o)
    0x08000226   0x08000226   0x00000002   PAD
    0x08000228   0x08000228   0x000000be   Code   RO         4648    .emb_text           port.o
    0x080002e6   0x080002e6   0x00000002   PAD
    0x080002e8   0x080002e8   0x00000040   Code   RO            4    .text               startup_stm32f407xx.o
    0x08000328   0x08000328   0x000000ee   Code   RO         4917    .text               c_w.l(lludivv7m.o)
    0x08000416   0x08000416   0x0000008a   Code   RO         4919    .text               c_w.l(rt_memcpy_v6.o)
    0x080004a0   0x080004a0   0x00000010   Code   RO         4923    .text               c_w.l(aeabi_memset.o)
    0x080004b0   0x080004b0   0x0000004e   Code   RO         4925    .text               c_w.l(rt_memclr_w.o)
    0x080004fe   0x080004fe   0x00000006   Code   RO         4927    .text               c_w.l(heapauxi.o)
    0x08000504   0x08000504   0x00000064   Code   RO         4936    .text               c_w.l(rt_memcpy_w.o)
    0x08000568   0x08000568   0x00000044   Code   RO         4938    .text               c_w.l(rt_memclr.o)
    0x080005ac   0x080005ac   0x0000004a   Code   RO         4957    .text               c_w.l(sys_stackheap_outer.o)
    0x080005f6   0x080005f6   0x00000012   Code   RO         4959    .text               c_w.l(exit.o)
    0x08000608   0x08000608   0x00000008   Code   RO         4971    .text               c_w.l(libspace.o)
    0x08000610   0x08000610   0x0000000c   Code   RO         5027    .text               c_w.l(sys_exit.o)
    0x0800061c   0x0800061c   0x00000002   Code   RO         5046    .text               c_w.l(use_no_semi.o)
    0x0800061e   0x0800061e   0x00000000   Code   RO         5048    .text               c_w.l(indicate_semi.o)
    0x0800061e   0x0800061e   0x00000002   Code   RO          370    i.BusFault_Handler  stm32f4xx_it.o
    0x08000620   0x08000620   0x00000054   Code   RO         4861    i.Conveyor_Task     conveyor_bj_task.o
    0x08000674   0x08000674   0x00000002   Code   RO          371    i.DebugMon_Handler  stm32f4xx_it.o
    0x08000676   0x08000676   0x00000002   PAD
    0x08000678   0x08000678   0x0000004c   Code   RO         4885    i.Drp_Task          drp_task.o
    0x080006c4   0x080006c4   0x00000004   Code   RO           13    i.Error_Handler     main.o
    0x080006c8   0x080006c8   0x00000092   Code   RO          926    i.HAL_DMA_Abort     stm32f4xx_hal_dma.o
    0x0800075a   0x0800075a   0x00000024   Code   RO          927    i.HAL_DMA_Abort_IT  stm32f4xx_hal_dma.o
    0x0800077e   0x0800077e   0x00000002   PAD
    0x08000780   0x08000780   0x000001f0   Code   RO          819    i.HAL_GPIO_Init     stm32f4xx_hal_gpio.o
    0x08000970   0x08000970   0x0000000a   Code   RO          821    i.HAL_GPIO_ReadPin  stm32f4xx_hal_gpio.o
    0x0800097a   0x0800097a   0x00000010   Code   RO          822    i.HAL_GPIO_TogglePin  stm32f4xx_hal_gpio.o
    0x0800098a   0x0800098a   0x0000000a   Code   RO          823    i.HAL_GPIO_WritePin  stm32f4xx_hal_gpio.o
    0x08000994   0x08000994   0x0000000c   Code   RO         1357    i.HAL_GetTick       stm32f4xx_hal.o
    0x080009a0   0x080009a0   0x00000010   Code   RO         1363    i.HAL_IncTick       stm32f4xx_hal.o
    0x080009b0   0x080009b0   0x00000034   Code   RO         1364    i.HAL_Init          stm32f4xx_hal.o
    0x080009e4   0x080009e4   0x00000040   Code   RO         1365    i.HAL_InitTick      stm32f4xx_hal.o
    0x08000a24   0x08000a24   0x00000038   Code   RO          440    i.HAL_MspInit       stm32f4xx_hal_msp.o
    0x08000a5c   0x08000a5c   0x0000001a   Code   RO         1209    i.HAL_NVIC_EnableIRQ  stm32f4xx_hal_cortex.o
    0x08000a76   0x08000a76   0x00000002   PAD
    0x08000a78   0x08000a78   0x00000040   Code   RO         1215    i.HAL_NVIC_SetPriority  stm32f4xx_hal_cortex.o
    0x08000ab8   0x08000ab8   0x00000024   Code   RO         1216    i.HAL_NVIC_SetPriorityGrouping  stm32f4xx_hal_cortex.o
    0x08000adc   0x08000adc   0x00000134   Code   RO          465    i.HAL_RCC_ClockConfig  stm32f4xx_hal_rcc.o
    0x08000c10   0x08000c10   0x00000020   Code   RO          472    i.HAL_RCC_GetPCLK1Freq  stm32f4xx_hal_rcc.o
    0x08000c30   0x08000c30   0x00000020   Code   RO          473    i.HAL_RCC_GetPCLK2Freq  stm32f4xx_hal_rcc.o
    0x08000c50   0x08000c50   0x00000064   Code   RO          474    i.HAL_RCC_GetSysClockFreq  stm32f4xx_hal_rcc.o
    0x08000cb4   0x08000cb4   0x0000036c   Code   RO          477    i.HAL_RCC_OscConfig  stm32f4xx_hal_rcc.o
    0x08001020   0x08001020   0x00000028   Code   RO         1220    i.HAL_SYSTICK_Config  stm32f4xx_hal_cortex.o
    0x08001048   0x08001048   0x00000054   Code   RO         2311    i.HAL_TIMEx_ConfigBreakDeadTime  stm32f4xx_hal_tim_ex.o
    0x0800109c   0x0800109c   0x00000090   Code   RO         2327    i.HAL_TIMEx_MasterConfigSynchronization  stm32f4xx_hal_tim_ex.o
    0x0800112c   0x0800112c   0x00000080   Code   RO          274    i.HAL_TIM_MspPostInit  tim.o
    0x080011ac   0x080011ac   0x000000cc   Code   RO         1676    i.HAL_TIM_PWM_ConfigChannel  stm32f4xx_hal_tim.o
    0x08001278   0x08001278   0x0000005a   Code   RO         1679    i.HAL_TIM_PWM_Init  stm32f4xx_hal_tim.o
    0x080012d2   0x080012d2   0x00000002   PAD
    0x080012d4   0x080012d4   0x00000034   Code   RO          276    i.HAL_TIM_PWM_MspInit  tim.o
    0x08001308   0x08001308   0x000000c8   Code   RO         1684    i.HAL_TIM_PWM_Start  stm32f4xx_hal_tim.o
    0x080013d0   0x080013d0   0x00000002   Code   RO         2587    i.HAL_UARTEx_RxEventCallback  stm32f4xx_hal_uart.o
    0x080013d2   0x080013d2   0x00000002   Code   RO         2601    i.HAL_UART_ErrorCallback  stm32f4xx_hal_uart.o
    0x080013d4   0x080013d4   0x00000270   Code   RO         2604    i.HAL_UART_IRQHandler  stm32f4xx_hal_uart.o
    0x08001644   0x08001644   0x00000064   Code   RO         2605    i.HAL_UART_Init     stm32f4xx_hal_uart.o
    0x080016a8   0x080016a8   0x0000007c   Code   RO          329    i.HAL_UART_MspInit  usart.o
    0x08001724   0x08001724   0x0000001c   Code   RO         2610    i.HAL_UART_Receive_IT  stm32f4xx_hal_uart.o
    0x08001740   0x08001740   0x0000001c   Code   RO         4782    i.HAL_UART_RxCpltCallback  usart_task.o
    0x0800175c   0x0800175c   0x00000032   Code   RO         2615    i.HAL_UART_Transmit_IT  stm32f4xx_hal_uart.o
    0x0800178e   0x0800178e   0x00000002   Code   RO         4783    i.HAL_UART_TxCpltCallback  usart_task.o
    0x08001790   0x08001790   0x00000002   Code   RO          372    i.HardFault_Handler  stm32f4xx_it.o
    0x08001792   0x08001792   0x00000002   PAD
    0x08001794   0x08001794   0x00000088   Code   RO         4825    i.Invert_task       invert_garbage_task.o
    0x0800181c   0x0800181c   0x00000078   Code   RO          225    i.MX_FREERTOS_Init  freertos.o
    0x08001894   0x08001894   0x000000cc   Code   RO          201    i.MX_GPIO_Init      gpio.o
    0x08001960   0x08001960   0x000000d4   Code   RO          277    i.MX_TIM1_Init      tim.o
    0x08001a34   0x08001a34   0x0000007c   Code   RO          278    i.MX_TIM2_Init      tim.o
    0x08001ab0   0x08001ab0   0x00000038   Code   RO          330    i.MX_USART1_UART_Init  usart.o
    0x08001ae8   0x08001ae8   0x00000002   Code   RO          373    i.MemManage_Handler  stm32f4xx_it.o
    0x08001aea   0x08001aea   0x00000002   Code   RO          374    i.NMI_Handler       stm32f4xx_it.o
    0x08001aec   0x08001aec   0x00000030   Code   RO         4826    i.Panel_Dj_Task     invert_garbage_task.o
    0x08001b1c   0x08001b1c   0x00000008   Code   RO          226    i.StartDefaultTask  freertos.o
    0x08001b24   0x08001b24   0x00000018   Code   RO          375    i.SysTick_Handler   stm32f4xx_it.o
    0x08001b3c   0x08001b3c   0x00000094   Code   RO           14    i.SystemClock_Config  main.o
    0x08001bd0   0x08001bd0   0x00000010   Code   RO         2939    i.SystemInit        system_stm32f4xx.o
    0x08001be0   0x08001be0   0x000000d8   Code   RO         1697    i.TIM_Base_SetConfig  stm32f4xx_hal_tim.o
    0x08001cb8   0x08001cb8   0x0000001a   Code   RO         1698    i.TIM_CCxChannelCmd  stm32f4xx_hal_tim.o
    0x08001cd2   0x08001cd2   0x00000002   PAD
    0x08001cd4   0x08001cd4   0x00000060   Code   RO         1710    i.TIM_OC1_SetConfig  stm32f4xx_hal_tim.o
    0x08001d34   0x08001d34   0x0000006c   Code   RO         1711    i.TIM_OC2_SetConfig  stm32f4xx_hal_tim.o
    0x08001da0   0x08001da0   0x00000068   Code   RO         1712    i.TIM_OC3_SetConfig  stm32f4xx_hal_tim.o
    0x08001e08   0x08001e08   0x00000050   Code   RO         1713    i.TIM_OC4_SetConfig  stm32f4xx_hal_tim.o
    0x08001e58   0x08001e58   0x00000010   Code   RO         2618    i.UART_DMAAbortOnError  stm32f4xx_hal_uart.o
    0x08001e68   0x08001e68   0x0000004e   Code   RO         2628    i.UART_EndRxTransfer  stm32f4xx_hal_uart.o
    0x08001eb6   0x08001eb6   0x000000c2   Code   RO         2630    i.UART_Receive_IT   stm32f4xx_hal_uart.o
    0x08001f78   0x08001f78   0x0000010c   Code   RO         2631    i.UART_SetConfig    stm32f4xx_hal_uart.o
    0x08002084   0x08002084   0x00000036   Code   RO         2633    i.UART_Start_Receive_IT  stm32f4xx_hal_uart.o
    0x080020ba   0x080020ba   0x00000002   PAD
    0x080020bc   0x080020bc   0x0000000c   Code   RO          376    i.USART1_IRQHandler  stm32f4xx_it.o
    0x080020c8   0x080020c8   0x00000002   Code   RO          377    i.UsageFault_Handler  stm32f4xx_it.o
    0x080020ca   0x080020ca   0x00000020   Code   RO         1222    i.__NVIC_SetPriority  stm32f4xx_hal_cortex.o
    0x080020ea   0x080020ea   0x00000002   PAD
    0x080020ec   0x080020ec   0x00000030   Code   RO         4730    i.conveyor_under    bj_motor.o
    0x0800211c   0x0800211c   0x00000038   Code   RO         4731    i.conveyor_upper    bj_motor.o
    0x08002154   0x08002154   0x00000012   Code   RO         4733    i.delay_us          bj_motor.o
    0x08002166   0x08002166   0x00000002   PAD
    0x08002168   0x08002168   0x00000098   Code   RO           15    i.main              main.o
    0x08002200   0x08002200   0x0000001a   Code   RO         4087    i.osDelay           cmsis_os2.o
    0x0800221a   0x0800221a   0x00000002   PAD
    0x0800221c   0x0800221c   0x00000024   Code   RO         4101    i.osKernelInitialize  cmsis_os2.o
    0x08002240   0x08002240   0x00000038   Code   RO         4104    i.osKernelStart     cmsis_os2.o
    0x08002278   0x08002278   0x0000008a   Code   RO         4146    i.osThreadNew       cmsis_os2.o
    0x08002302   0x08002302   0x00000002   PAD
    0x08002304   0x08002304   0x0000005c   Code   RO         3547    i.prvAddCurrentTaskToDelayedList  tasks.o
    0x08002360   0x08002360   0x000000d0   Code   RO         3548    i.prvAddNewTaskToReadyList  tasks.o
    0x08002430   0x08002430   0x00000058   Code   RO         3912    i.prvCheckForValidListAndQueue  timers.o
    0x08002488   0x08002488   0x00000026   Code   RO         3144    i.prvCopyDataFromQueue  queue.o
    0x080024ae   0x080024ae   0x0000006c   Code   RO         3145    i.prvCopyDataToQueue  queue.o
    0x0800251a   0x0800251a   0x00000034   Code   RO         3549    i.prvDeleteTCB      tasks.o
    0x0800254e   0x0800254e   0x00000002   PAD
    0x08002550   0x08002550   0x0000004c   Code   RO         4593    i.prvHeapInit       heap_4.o
    0x0800259c   0x0800259c   0x00000060   Code   RO         3550    i.prvIdleTask       tasks.o
    0x080025fc   0x080025fc   0x00000022   Code   RO         3147    i.prvInitialiseNewQueue  queue.o
    0x0800261e   0x0800261e   0x00000002   PAD
    0x08002620   0x08002620   0x000000b0   Code   RO         3551    i.prvInitialiseNewTask  tasks.o
    0x080026d0   0x080026d0   0x0000004c   Code   RO         4594    i.prvInsertBlockIntoFreeList  heap_4.o
    0x0800271c   0x0800271c   0x00000038   Code   RO         3914    i.prvInsertTimerInActiveList  timers.o
    0x08002754   0x08002754   0x0000001c   Code   RO         3148    i.prvIsQueueEmpty   queue.o
    0x08002770   0x08002770   0x000000fc   Code   RO         3915    i.prvProcessReceivedCommands  timers.o
    0x0800286c   0x0800286c   0x000000c0   Code   RO         3916    i.prvProcessTimerOrBlockTask  timers.o
    0x0800292c   0x0800292c   0x00000020   Code   RO         3553    i.prvResetNextTaskUnblockTime  tasks.o
    0x0800294c   0x0800294c   0x00000028   Code   RO         3917    i.prvSampleTimeNow  timers.o
    0x08002974   0x08002974   0x0000006c   Code   RO         3918    i.prvSwitchTimerLists  timers.o
    0x080029e0   0x080029e0   0x00000028   Code   RO         4649    i.prvTaskExitError  port.o
    0x08002a08   0x08002a08   0x00000024   Code   RO         3919    i.prvTimerTask      timers.o
    0x08002a2c   0x08002a2c   0x0000006a   Code   RO         3149    i.prvUnlockQueue    queue.o
    0x08002a96   0x08002a96   0x00000002   PAD
    0x08002a98   0x08002a98   0x000000dc   Code   RO         4595    i.pvPortMalloc      heap_4.o
    0x08002b74   0x08002b74   0x0000002c   Code   RO         4650    i.pxPortInitialiseStack  port.o
    0x08002ba0   0x08002ba0   0x0000007c   Code   RO         4886    i.tr_Full_Task      drp_task.o
    0x08002c1c   0x08002c1c   0x00000026   Code   RO         3104    i.uxListRemove      list.o
    0x08002c42   0x08002c42   0x00000002   PAD
    0x08002c44   0x08002c44   0x00000014   Code   RO         4158    i.vApplicationGetIdleTaskMemory  cmsis_os2.o
    0x08002c58   0x08002c58   0x00000018   Code   RO         4159    i.vApplicationGetTimerTaskMemory  cmsis_os2.o
    0x08002c70   0x08002c70   0x00000016   Code   RO         3105    i.vListInitialise   list.o
    0x08002c86   0x08002c86   0x00000006   Code   RO         3106    i.vListInitialiseItem  list.o
    0x08002c8c   0x08002c8c   0x00000030   Code   RO         3107    i.vListInsert       list.o
    0x08002cbc   0x08002cbc   0x00000018   Code   RO         3108    i.vListInsertEnd    list.o
    0x08002cd4   0x08002cd4   0x00000040   Code   RO         4652    i.vPortEnterCritical  port.o
    0x08002d14   0x08002d14   0x00000028   Code   RO         4653    i.vPortExitCritical  port.o
    0x08002d3c   0x08002d3c   0x00000064   Code   RO         4596    i.vPortFree         heap_4.o
    0x08002da0   0x08002da0   0x00000024   Code   RO         4654    i.vPortSetupTimerInterrupt  port.o
    0x08002dc4   0x08002dc4   0x00000054   Code   RO         4655    i.vPortValidateInterruptPriority  port.o
    0x08002e18   0x08002e18   0x00000028   Code   RO         3155    i.vQueueAddToRegistry  queue.o
    0x08002e40   0x08002e40   0x00000044   Code   RO         3159    i.vQueueWaitForMessageRestricted  queue.o
    0x08002e84   0x08002e84   0x0000004c   Code   RO         3566    i.vTaskDelay        tasks.o
    0x08002ed0   0x08002ed0   0x00000010   Code   RO         3571    i.vTaskInternalSetTimeOutState  tasks.o
    0x08002ee0   0x08002ee0   0x0000000c   Code   RO         3572    i.vTaskMissedYield  tasks.o
    0x08002eec   0x08002eec   0x00000030   Code   RO         3574    i.vTaskPlaceOnEventList  tasks.o
    0x08002f1c   0x08002f1c   0x00000038   Code   RO         3575    i.vTaskPlaceOnEventListRestricted  tasks.o
    0x08002f54   0x08002f54   0x00000088   Code   RO         3583    i.vTaskStartScheduler  tasks.o
    0x08002fdc   0x08002fdc   0x00000010   Code   RO         3585    i.vTaskSuspendAll   tasks.o
    0x08002fec   0x08002fec   0x00000064   Code   RO         3586    i.vTaskSwitchContext  tasks.o
    0x08003050   0x08003050   0x000000f4   Code   RO         4656    i.xPortStartScheduler  port.o
    0x08003144   0x08003144   0x0000002c   Code   RO         4657    i.xPortSysTickHandler  port.o
    0x08003170   0x08003170   0x00000066   Code   RO         3165    i.xQueueGenericCreateStatic  queue.o
    0x080031d6   0x080031d6   0x00000002   PAD
    0x080031d8   0x080031d8   0x00000088   Code   RO         3166    i.xQueueGenericReset  queue.o
    0x08003260   0x08003260   0x00000160   Code   RO         3167    i.xQueueGenericSend  queue.o
    0x080033c0   0x080033c0   0x000000be   Code   RO         3168    i.xQueueGenericSendFromISR  queue.o
    0x0800347e   0x0800347e   0x00000002   PAD
    0x08003480   0x08003480   0x00000138   Code   RO         3177    i.xQueueReceive     queue.o
    0x080035b8   0x080035b8   0x00000074   Code   RO         3588    i.xTaskCheckForTimeOut  tasks.o
    0x0800362c   0x0800362c   0x0000005a   Code   RO         3589    i.xTaskCreate       tasks.o
    0x08003686   0x08003686   0x00000056   Code   RO         3590    i.xTaskCreateStatic  tasks.o
    0x080036dc   0x080036dc   0x0000001c   Code   RO         3594    i.xTaskGetSchedulerState  tasks.o
    0x080036f8   0x080036f8   0x0000000c   Code   RO         3595    i.xTaskGetTickCount  tasks.o
    0x08003704   0x08003704   0x000000c8   Code   RO         3597    i.xTaskIncrementTick  tasks.o
    0x080037cc   0x080037cc   0x00000080   Code   RO         3600    i.xTaskPriorityDisinherit  tasks.o
    0x0800384c   0x0800384c   0x00000070   Code   RO         3602    i.xTaskRemoveFromEventList  tasks.o
    0x080038bc   0x080038bc   0x000000c4   Code   RO         3603    i.xTaskResumeAll    tasks.o
    0x08003980   0x08003980   0x00000060   Code   RO         3928    i.xTimerCreateTimerTask  timers.o
    0x080039e0   0x080039e0   0x00000068   Code   RO         3929    i.xTimerGenericCommand  timers.o
    0x08003a48   0x08003a48   0x0000000a   Code   RO         5042    x$fpl$fpinit        fz_wm.l(fpinit.o)
    0x08003a52   0x08003a52   0x00000002   PAD
    0x08003a54   0x08003a54   0x000000d8   Data   RO          227    .constdata          freertos.o
    0x08003b2c   0x08003b2c   0x00000010   Data   RO         2940    .constdata          system_stm32f4xx.o
    0x08003b3c   0x08003b3c   0x00000008   Data   RO         2941    .constdata          system_stm32f4xx.o
    0x08003b44   0x08003b44   0x00000054   Data   RO          228    .conststring        freertos.o
    0x08003b98   0x08003b98   0x00000020   Data   RO         5100    Region$$Table       anon$$obj.o


    Execution Region RW_IRAM1 (Exec base: 0x20000000, Load base: 0x08003bb8, Size: 0x000050c8, Max: 0x0001c000, ABSOLUTE)

    Exec Addr    Load Addr    Size         Type   Attr      Idx    E Section Name        Object

    0x20000000   0x08003bb8   0x00000018   Data   RW          229    .data               freertos.o
    0x20000018   0x08003bd0   0x0000000c   Data   RW         1371    .data               stm32f4xx_hal.o
    0x20000024   0x08003bdc   0x00000004   Data   RW         2942    .data               system_stm32f4xx.o
    0x20000028   0x08003be0   0x0000003c   Data   RW         3606    .data               tasks.o
    0x20000064   0x08003c1c   0x00000014   Data   RW         3937    .data               timers.o
    0x20000078   0x08003c30   0x00000004   Data   RW         4161    .data               cmsis_os2.o
    0x2000007c   0x08003c34   0x00000020   Data   RW         4602    .data               heap_4.o
    0x2000009c   0x08003c54   0x0000000c   Data   RW         4658    .data               port.o
    0x200000a8   0x08003c60   0x00000004   Data   RW         4785    .data               usart_task.o
    0x200000ac   0x08003c64   0x00000005   Data   RW         4786    .data               usart_task.o
    0x200000b1   0x08003c69   0x00000003   PAD
    0x200000b4   0x08003c6c   0x00000004   Data   RW         4827    .data               invert_garbage_task.o
    0x200000b8   0x08003c70   0x00000004   Data   RW         4887    .data               drp_task.o
    0x200000bc        -       0x00000090   Zero   RW          279    .bss                tim.o
    0x2000014c        -       0x00000048   Zero   RW          331    .bss                usart.o
    0x20000194        -       0x00000040   Zero   RW         3181    .bss                queue.o
    0x200001d4        -       0x000004c4   Zero   RW         3605    .bss                tasks.o
    0x20000698        -       0x00000118   Zero   RW         3936    .bss                timers.o
    0x200007b0        -       0x000006b8   Zero   RW         4160    .bss                cmsis_os2.o
    0x20000e68        -       0x00003c00   Zero   RW         4601    .bss                heap_4.o
    0x20004a68        -       0x00000060   Zero   RW         4972    .bss                c_w.l(libspace.o)
    0x20004ac8        -       0x00000200   Zero   RW            2    HEAP                startup_stm32f407xx.o
    0x20004cc8        -       0x00000400   Zero   RW            1    STACK               startup_stm32f407xx.o


    Execution Region RW_IRAM2 (Exec base: 0x2001c000, Load base: 0x08003c74, Size: 0x00000000, Max: 0x00004000, ABSOLUTE)

    **** No section assigned to this execution region ****


==============================================================================

Image component sizes


      Code (inc. data)   RO Data    RW Data    ZI Data      Debug   Object Name

       122         14          0          0          0       2101   bj_motor.o
       300         22          0          4       1720      65445   cmsis_os2.o
        84         12          0          0          0        604   conveyor_bj_task.o
       200         32          0          4          0       2184   drp_task.o
         0          0          0          0          0      19772   event_groups.o
       128         32        300         24          0       2686   freertos.o
       204         16          0          0          0       1091   gpio.o
       472         24          0         32      15360       5191   heap_4.o
       184         26          0          4          0       1564   invert_garbage_task.o
       138          0          0          0          0       3866   list.o
       304         30          0          0          0     704756   main.o
       786         82          0         12          0      12113   port.o
      1514         20          0          0         64      18204   queue.o
        64         26        392          0       1536        896   startup_stm32f407xx.o
       144         24          0         12          0       9129   stm32f4xx_hal.o
       198         14          0          0          0      34143   stm32f4xx_hal_cortex.o
       182          0          0          0          0       2255   stm32f4xx_hal_dma.o
       532         46          0          0          0       3756   stm32f4xx_hal_gpio.o
        56          4          0          0          0        970   stm32f4xx_hal_msp.o
      1348         76          0          0          0       5544   stm32f4xx_hal_rcc.o
      1124        110          0          0          0       8958   stm32f4xx_hal_tim.o
       228         28          0          0          0       2348   stm32f4xx_hal_tim_ex.o
      1416         16          0          0          0      10101   stm32f4xx_hal_uart.o
        48          6          0          0          0       4195   stm32f4xx_it.o
         0          0          0          0          0        432   stream_buffer.o
        16          4         24          4          0       1283   system_stm32f4xx.o
      2084        168          0         60       1220      28248   tasks.o
       516         42          0          0        144       3468   tim.o
       972         80          0         20        280      33043   timers.o
       180         22          0          0         72       1922   usart.o
        30         10          0          9          0       2070   usart_task.o

    ----------------------------------------------------------------------
     13610        986        748        188      20396     992338   Object Totals
         0          0         32          0          0          0   (incl. Generated)
        36          0          0          3          0          0   (incl. Padding)

    ----------------------------------------------------------------------

      Code (inc. data)   RO Data    RW Data    ZI Data      Debug   Library Member Name

         8          0          0          0          0         68   __main.o
         0          0          0          0          0          0   __rtentry.o
        12          0          0          0          0          0   __rtentry2.o
         6          0          0          0          0          0   __rtentry4.o
        52          8          0          0          0          0   __scatter.o
        26          0          0          0          0          0   __scatter_copy.o
        28          0          0          0          0          0   __scatter_zi.o
        16          0          0          0          0         68   aeabi_memset.o
        18          0          0          0          0         80   exit.o
         6          0          0          0          0        152   heapauxi.o
         0          0          0          0          0          0   indicate_semi.o
         2          0          0          0          0          0   libinit.o
         6          0          0          0          0          0   libinit2.o
         2          0          0          0          0          0   libshutdown.o
         2          0          0          0          0          0   libshutdown2.o
         8          4          0          0         96         68   libspace.o
       238          0          0          0          0        100   lludivv7m.o
        68          0          0          0          0         68   rt_memclr.o
        78          0          0          0          0         80   rt_memclr_w.o
       138          0          0          0          0         68   rt_memcpy_v6.o
       100          0          0          0          0         80   rt_memcpy_w.o
         2          0          0          0          0          0   rtexit.o
        10          0          0          0          0          0   rtexit2.o
        12          4          0          0          0         68   sys_exit.o
        74          0          0          0          0         80   sys_stackheap_outer.o
         2          0          0          0          0         68   use_no_semi.o
        10          0          0          0          0        116   fpinit.o

    ----------------------------------------------------------------------
       930         16          0          0         96       1164   Library Totals
         6          0          0          0          0          0   (incl. Padding)

    ----------------------------------------------------------------------

      Code (inc. data)   RO Data    RW Data    ZI Data      Debug   Library Name

       914         16          0          0         96       1048   c_w.l
        10          0          0          0          0        116   fz_wm.l

    ----------------------------------------------------------------------
       930         16          0          0         96       1164   Library Totals

    ----------------------------------------------------------------------

==============================================================================


      Code (inc. data)   RO Data    RW Data    ZI Data      Debug   

     14540       1002        748        188      20492     979634   Grand Totals
     14540       1002        748        188      20492     979634   ELF Image Totals
     14540       1002        748        188          0          0   ROM Totals

==============================================================================

    Total RO  Size (Code + RO Data)                15288 (  14.93kB)
    Total RW  Size (RW Data + ZI Data)             20680 (  20.20kB)
    Total ROM Size (Code + RO Data + RW Data)      15476 (  15.11kB)

==============================================================================

