Component: ARM Compiler 5.06 update 6 (build 750) Tool: armlink [4d35ed]

==============================================================================

Section Cross References

    startup_stm32f407xx.o(RESET) refers to startup_stm32f407xx.o(STACK) for __initial_sp
    startup_stm32f407xx.o(RESET) refers to startup_stm32f407xx.o(.text) for Reset_Handler
    startup_stm32f407xx.o(RESET) refers to stm32f4xx_it.o(i.NMI_Handler) for NMI_Handler
    startup_stm32f407xx.o(RESET) refers to stm32f4xx_it.o(i.HardFault_Handler) for HardFault_Handler
    startup_stm32f407xx.o(RESET) refers to stm32f4xx_it.o(i.MemManage_Handler) for MemManage_Handler
    startup_stm32f407xx.o(RESET) refers to stm32f4xx_it.o(i.BusFault_Handler) for BusFault_Handler
    startup_stm32f407xx.o(RESET) refers to stm32f4xx_it.o(i.UsageFault_Handler) for UsageFault_Handler
    startup_stm32f407xx.o(RESET) refers to port.o(.emb_text) for SVC_Handler
    startup_stm32f407xx.o(RESET) refers to stm32f4xx_it.o(i.DebugMon_Handler) for DebugMon_Handler
    startup_stm32f407xx.o(RESET) refers to stm32f4xx_it.o(i.SysTick_Handler) for SysTick_Handler
    startup_stm32f407xx.o(RESET) refers to stm32f4xx_it.o(i.CAN1_RX0_IRQHandler) for CAN1_RX0_IRQHandler
    startup_stm32f407xx.o(RESET) refers to stm32f4xx_it.o(i.USART1_IRQHandler) for USART1_IRQHandler
    startup_stm32f407xx.o(RESET) refers to stm32f4xx_it.o(i.CAN2_RX0_IRQHandler) for CAN2_RX0_IRQHandler
    startup_stm32f407xx.o(.text) refers to system_stm32f4xx.o(i.SystemInit) for SystemInit
    startup_stm32f407xx.o(.text) refers to entry.o(.ARM.Collect$$$$00000000) for __main
    main.o(i.SystemClock_Config) refers to memseta.o(.text) for __aeabi_memclr4
    main.o(i.SystemClock_Config) refers to stm32f4xx_hal_rcc.o(i.HAL_RCC_OscConfig) for HAL_RCC_OscConfig
    main.o(i.SystemClock_Config) refers to main.o(i.Error_Handler) for Error_Handler
    main.o(i.SystemClock_Config) refers to stm32f4xx_hal_rcc.o(i.HAL_RCC_ClockConfig) for HAL_RCC_ClockConfig
    main.o(i.main) refers to stm32f4xx_hal.o(i.HAL_Init) for HAL_Init
    main.o(i.main) refers to main.o(i.SystemClock_Config) for SystemClock_Config
    main.o(i.main) refers to gpio.o(i.MX_GPIO_Init) for MX_GPIO_Init
    main.o(i.main) refers to can.o(i.MX_CAN1_Init) for MX_CAN1_Init
    main.o(i.main) refers to can.o(i.MX_CAN2_Init) for MX_CAN2_Init
    main.o(i.main) refers to usart.o(i.MX_USART1_UART_Init) for MX_USART1_UART_Init
    main.o(i.main) refers to cmd_tr.o(i.can_Init) for can_Init
    main.o(i.main) refers to lcd.o(i.LCD_Init) for LCD_Init
    main.o(i.main) refers to myusart.o(i.Usart_Init) for Usart_Init
    main.o(i.main) refers to stm32f4xx_hal.o(i.HAL_Delay) for HAL_Delay
    main.o(i.main) refers to cmsis_os2.o(i.osKernelInitialize) for osKernelInitialize
    main.o(i.main) refers to freertos.o(i.MX_FREERTOS_Init) for MX_FREERTOS_Init
    main.o(i.main) refers to cmsis_os2.o(i.osKernelStart) for osKernelStart
    gpio.o(i.MX_GPIO_Init) refers to memseta.o(.text) for __aeabi_memclr4
    gpio.o(i.MX_GPIO_Init) refers to stm32f4xx_hal_gpio.o(i.HAL_GPIO_WritePin) for HAL_GPIO_WritePin
    gpio.o(i.MX_GPIO_Init) refers to stm32f4xx_hal_gpio.o(i.HAL_GPIO_Init) for HAL_GPIO_Init
    freertos.o(i.MX_FREERTOS_Init) refers to cmsis_os2.o(i.osThreadNew) for osThreadNew
    freertos.o(i.MX_FREERTOS_Init) refers to freertos.o(.constdata) for .constdata
    freertos.o(i.MX_FREERTOS_Init) refers to ahr_task.o(i.AHR_Task) for AHR_Task
    freertos.o(i.MX_FREERTOS_Init) refers to freertos.o(.data) for .data
    freertos.o(i.MX_FREERTOS_Init) refers to lcd_task.o(i.LCD_Task) for LCD_Task
    freertos.o(i.MX_FREERTOS_Init) refers to chassis_task.o(i.Chassis_Task) for Chassis_Task
    freertos.o(i.MX_FREERTOS_Init) refers to main_task.o(i.Main_Task) for Main_Task
    freertos.o(.constdata) refers to freertos.o(.conststring) for .conststring
    can.o(i.HAL_CAN_MspDeInit) refers to stm32f4xx_hal_gpio.o(i.HAL_GPIO_DeInit) for HAL_GPIO_DeInit
    can.o(i.HAL_CAN_MspDeInit) refers to stm32f4xx_hal_cortex.o(i.HAL_NVIC_DisableIRQ) for HAL_NVIC_DisableIRQ
    can.o(i.HAL_CAN_MspDeInit) refers to can.o(.data) for .data
    can.o(i.HAL_CAN_MspInit) refers to memseta.o(.text) for __aeabi_memclr4
    can.o(i.HAL_CAN_MspInit) refers to stm32f4xx_hal_gpio.o(i.HAL_GPIO_Init) for HAL_GPIO_Init
    can.o(i.HAL_CAN_MspInit) refers to stm32f4xx_hal_cortex.o(i.HAL_NVIC_SetPriority) for HAL_NVIC_SetPriority
    can.o(i.HAL_CAN_MspInit) refers to stm32f4xx_hal_cortex.o(i.HAL_NVIC_EnableIRQ) for HAL_NVIC_EnableIRQ
    can.o(i.HAL_CAN_MspInit) refers to can.o(.data) for .data
    can.o(i.MX_CAN1_Init) refers to stm32f4xx_hal_can.o(i.HAL_CAN_Init) for HAL_CAN_Init
    can.o(i.MX_CAN1_Init) refers to main.o(i.Error_Handler) for Error_Handler
    can.o(i.MX_CAN1_Init) refers to can.o(.bss) for .bss
    can.o(i.MX_CAN2_Init) refers to stm32f4xx_hal_can.o(i.HAL_CAN_Init) for HAL_CAN_Init
    can.o(i.MX_CAN2_Init) refers to main.o(i.Error_Handler) for Error_Handler
[...]
    .text                                    0x08000348   Section        0  llushr.o(.text)
    .text                                    0x08000368   Section       36  init.o(.text)
    i.AHR_Task                               0x0800038c   Section        0  ahr_task.o(i.AHR_Task)
    i.BusFault_Handler                       0x080003a8   Section        0  stm32f4xx_it.o(i.BusFault_Handler)
    i.CAN1_RX0_IRQHandler                    0x080003ac   Section        0  stm32f4xx_it.o(i.CAN1_RX0_IRQHandler)
    i.CAN2_RX0_IRQHandler                    0x080003b8   Section        0  stm32f4xx_it.o(i.CAN2_RX0_IRQHandler)
    i.Chassis_Task                           0x080003c4   Section        0  chassis_task.o(i.Chassis_Task)
    i.DebugMon_Handler                       0x08000424   Section        0  stm32f4xx_it.o(i.DebugMon_Handler)
    i.Delay_Us                               0x08000428   Section        0  chassis.o(i.Delay_Us)
    i.Emm_V5_Pos_Control                     0x0800047c   Section        0  emm_v5.o(i.Emm_V5_Pos_Control)
    i.Emm_V5_Stop_Now                        0x080004cc   Section        0  emm_v5.o(i.Emm_V5_Stop_Now)
    i.Emm_V5_Synchronous_motion              0x080004f2   Section        0  emm_v5.o(i.Emm_V5_Synchronous_motion)
    i.Error_Handler                          0x08000518   Section        0  main.o(i.Error_Handler)
    i.HAL_CAN_ActivateNotification           0x0800051c   Section        0  stm32f4xx_hal_can.o(i.HAL_CAN_ActivateNotification)
    i.HAL_CAN_AddTxMessage                   0x08000540   Section        0  stm32f4xx_hal_can.o(i.HAL_CAN_AddTxMessage)
    i.HAL_CAN_ConfigFilter                   0x08000634   Section        0  stm32f4xx_hal_can.o(i.HAL_CAN_ConfigFilter)
    i.HAL_CAN_ErrorCallback                  0x08000744   Section        0  stm32f4xx_hal_can.o(i.HAL_CAN_ErrorCallback)
    i.HAL_CAN_IRQHandler                     0x08000746   Section        0  stm32f4xx_hal_can.o(i.HAL_CAN_IRQHandler)
    i.HAL_CAN_Init                           0x08000942   Section        0  stm32f4xx_hal_can.o(i.HAL_CAN_Init)
    i.HAL_CAN_MspInit                        0x08000a94   Section        0  can.o(i.HAL_CAN_MspInit)
    i.HAL_CAN_RxFifo0FullCallback            0x08000b98   Section        0  stm32f4xx_hal_can.o(i.HAL_CAN_RxFifo0FullCallback)
    i.HAL_CAN_RxFifo0MsgPendingCallback      0x08000b9a   Section        0  callback.o(i.HAL_CAN_RxFifo0MsgPendingCallback)
    i.HAL_CAN_RxFifo1FullCallback            0x08000b9c   Section        0  stm32f4xx_hal_can.o(i.HAL_CAN_RxFifo1FullCallback)
    i.HAL_CAN_RxFifo1MsgPendingCallback      0x08000b9e   Section        0  stm32f4xx_hal_can.o(i.HAL_CAN_RxFifo1MsgPendingCallback)
    i.HAL_CAN_SleepCallback                  0x08000ba0   Section        0  stm32f4xx_hal_can.o(i.HAL_CAN_SleepCallback)
    i.HAL_CAN_Start                          0x08000ba2   Section        0  stm32f4xx_hal_can.o(i.HAL_CAN_Start)
    i.HAL_CAN_TxMailbox0AbortCallback        0x08000bfa   Section        0  stm32f4xx_hal_can.o(i.HAL_CAN_TxMailbox0AbortCallback)
    i.HAL_CAN_TxMailbox0CompleteCallback     0x08000bfc   Section        0  stm32f4xx_hal_can.o(i.HAL_CAN_TxMailbox0CompleteCallback)
    i.HAL_CAN_TxMailbox1AbortCallback        0x08000bfe   Section        0  stm32f4xx_hal_can.o(i.HAL_CAN_TxMailbox1AbortCallback)
    i.HAL_CAN_TxMailbox1CompleteCallback     0x08000c00   Section        0  stm32f4xx_hal_can.o(i.HAL_CAN_TxMailbox1CompleteCallback)
    i.HAL_CAN_TxMailbox2AbortCallback        0x08000c02   Section        0  stm32f4xx_hal_can.o(i.HAL_CAN_TxMailbox2AbortCallback)
    i.HAL_CAN_TxMailbox2CompleteCallback     0x08000c04   Section        0  stm32f4xx_hal_can.o(i.HAL_CAN_TxMailbox2CompleteCallback)
    i.HAL_CAN_WakeUpFromRxMsgCallback        0x08000c06   Section        0  stm32f4xx_hal_can.o(i.HAL_CAN_WakeUpFromRxMsgCallback)
    i.HAL_DMA_Abort                          0x08000c08   Section        0  stm32f4xx_hal_dma.o(i.HAL_DMA_Abort)
    i.HAL_DMA_Abort_IT                       0x08000c96   Section        0  stm32f4xx_hal_dma.o(i.HAL_DMA_Abort_IT)
    i.HAL_Delay                              0x08000cbc   Section        0  stm32f4xx_hal.o(i.HAL_Delay)
    i.HAL_GPIO_Init                          0x08000ce0   Section        0  stm32f4xx_hal_gpio.o(i.HAL_GPIO_Init)
    i.HAL_GPIO_WritePin                      0x08000eb0   Section        0  stm32f4xx_hal_gpio.o(i.HAL_GPIO_WritePin)
    i.HAL_GetTick                            0x08000ec0   Section        0  stm32f4xx_hal.o(i.HAL_GetTick)
    i.HAL_IncTick                            0x08000ecc   Section        0  stm32f4xx_hal.o(i.HAL_IncTick)
    i.HAL_Init                               0x08000edc   Section        0  stm32f4xx_hal.o(i.HAL_Init)
    i.HAL_InitTick                           0x08000f10   Section        0  stm32f4xx_hal.o(i.HAL_InitTick)
    i.HAL_MspInit                            0x08000f54   Section        0  stm32f4xx_hal_msp.o(i.HAL_MspInit)
    i.HAL_NVIC_EnableIRQ                     0x08000f8c   Section        0  stm32f4xx_hal_cortex.o(i.HAL_NVIC_EnableIRQ)
    i.HAL_NVIC_SetPriority                   0x08000fa8   Section        0  stm32f4xx_hal_cortex.o(i.HAL_NVIC_SetPriority)
    i.HAL_NVIC_SetPriorityGrouping           0x08000fe8   Section        0  stm32f4xx_hal_cortex.o(i.HAL_NVIC_SetPriorityGrouping)
    i.HAL_RCC_ClockConfig                    0x0800100c   Section        0  stm32f4xx_hal_rcc.o(i.HAL_RCC_ClockConfig)
    i.HAL_RCC_GetHCLKFreq                    0x08001158   Section        0  stm32f4xx_hal_rcc.o(i.HAL_RCC_GetHCLKFreq)
    i.HAL_RCC_GetPCLK1Freq                   0x08001164   Section        0  stm32f4xx_hal_rcc.o(i.HAL_RCC_GetPCLK1Freq)
    i.HAL_RCC_GetPCLK2Freq                   0x08001184   Section        0  stm32f4xx_hal_rcc.o(i.HAL_RCC_GetPCLK2Freq)
    i.HAL_RCC_GetSysClockFreq                0x080011a4   Section        0  stm32f4xx_hal_rcc.o(i.HAL_RCC_GetSysClockFreq)
    i.HAL_RCC_OscConfig                      0x0800120c   Section        0  stm32f4xx_hal_rcc.o(i.HAL_RCC_OscConfig)
    i.HAL_SYSTICK_Config                     0x080015cc   Section        0  stm32f4xx_hal_cortex.o(i.HAL_SYSTICK_Config)
    i.HAL_UARTEx_RxEventCallback             0x080015f4   Section        0  stm32f4xx_hal_uart.o(i.HAL_UARTEx_RxEventCallback)
    i.HAL_UART_ErrorCallback                 0x080015f6   Section        0  stm32f4xx_hal_uart.o(i.HAL_UART_ErrorCallback)
    i.HAL_UART_IRQHandler                    0x080015f8   Section        0  stm32f4xx_hal_uart.o(i.HAL_UART_IRQHandler)
    i.HAL_UART_Init                          0x08001820   Section        0  stm32f4xx_hal_uart.o(i.HAL_UART_Init)
    i.HAL_UART_MspInit                       0x08001884   Section        0  usart.o(i.HAL_UART_MspInit)
    i.HAL_UART_Receive_IT                    0x08001900   Section        0  stm32f4xx_hal_uart.o(i.HAL_UART_Receive_IT)
    i.HAL_UART_RxCpltCallback                0x08001930   Section        0  callback.o(i.HAL_UART_RxCpltCallback)
    i.HAL_UART_TxCpltCallback                0x08001940   Section        0  stm32f4xx_hal_uart.o(i.HAL_UART_TxCpltCallback)
    i.HardFault_Handler                      0x08001942   Section        0  stm32f4xx_it.o(i.HardFault_Handler)
    i.JY901_process                          0x08001944   Section        0  jy901_usart.o(i.JY901_process)
    i.LCD_Clear                              0x080019ac   Section        0  lcd.o(i.LCD_Clear)
    i.LCD_Init                               0x08001a04   Section        0  lcd.o(i.LCD_Init)
    i.LCD_RESET                              0x08001c50   Section        0  lcd.o(i.LCD_RESET)
    i.LCD_SetWindows                         0x08001c74   Section        0  lcd.o(i.LCD_SetWindows)
    i.LCD_Task                               0x08001cd0   Section        0  lcd_task.o(i.LCD_Task)
    i.LCD_WR_DATA                            0x08001cd4   Section        0  lcd.o(i.LCD_WR_DATA)
    i.LCD_WR_REG                             0x08001cf0   Section        0  lcd.o(i.LCD_WR_REG)
    i.LCD_WriteRAM_Prepare                   0x08001d0c   Section        0  lcd.o(i.LCD_WriteRAM_Prepare)
    i.LCD_WriteReg                           0x08001d18   Section        0  lcd.o(i.LCD_WriteReg)
    i.LCD_direction                          0x08001d2c   Section        0  lcd.o(i.LCD_direction)
    i.Lcd_WriteData_16Bit                    0x08001d88   Section        0  lcd.o(i.Lcd_WriteData_16Bit)
    i.MX_CAN1_Init                           0x08001db0   Section        0  can.o(i.MX_CAN1_Init)
    i.MX_CAN2_Init                           0x08001df4   Section        0  can.o(i.MX_CAN2_Init)
    i.MX_FREERTOS_Init                       0x08001e38   Section        0  freertos.o(i.MX_FREERTOS_Init)
    i.MX_GPIO_Init                           0x08001e8c   Section        0  gpio.o(i.MX_GPIO_Init)
    i.MX_USART1_UART_Init                    0x08001efc   Section        0  usart.o(i.MX_USART1_UART_Init)
    i.Main_Task                              0x08001f34   Section        0  main_task.o(i.Main_Task)
    i.MemManage_Handler                      0x08001f64   Section        0  stm32f4xx_it.o(i.MemManage_Handler)
    i.NMI_Handler                            0x08001f66   Section        0  stm32f4xx_it.o(i.NMI_Handler)
    i.Param_assign                           0x08001f68   Section        0  chassis_task.o(i.Param_assign)
    i.Pos_back                               0x08001f7c   Section        0  chassis.o(i.Pos_back)
    i.Pos_forward                            0x08001fd2   Section        0  chassis.o(i.Pos_forward)
    i.Pos_left                               0x0800202a   Section        0  chassis.o(i.Pos_left)
    i.Pos_right                              0x08002084   Section        0  chassis.o(i.Pos_right)
    i.RingBuffer_Init                        0x080020de   Section        0  ring_buffer.o(i.RingBuffer_Init)
    i.SPIv_WriteData                         0x08002100   Section        0  spi.o(i.SPIv_WriteData)
    i.SysTick_Handler                        0x08002130   Section        0  stm32f4xx_it.o(i.SysTick_Handler)
    i.SystemClock_Config                     0x08002148   Section        0  main.o(i.SystemClock_Config)
    i.SystemInit                             0x080021dc   Section        0  system_stm32f4xx.o(i.SystemInit)
    i.UART_DMAAbortOnError                   0x080021ec   Section        0  stm32f4xx_hal_uart.o(i.UART_DMAAbortOnError)
    UART_DMAAbortOnError                     0x080021ed   Thumb Code    16  stm32f4xx_hal_uart.o(i.UART_DMAAbortOnError)
    i.UART_EndRxTransfer                     0x080021fc   Section        0  stm32f4xx_hal_uart.o(i.UART_EndRxTransfer)
    UART_EndRxTransfer                       0x080021fd   Thumb Code    78  stm32f4xx_hal_uart.o(i.UART_EndRxTransfer)
    i.UART_EndTransmit_IT                    0x0800224a   Section        0  stm32f4xx_hal_uart.o(i.UART_EndTransmit_IT)
    UART_EndTransmit_IT                      0x0800224b   Thumb Code    26  stm32f4xx_hal_uart.o(i.UART_EndTransmit_IT)
    i.UART_Receive_IT                        0x08002264   Section        0  stm32f4xx_hal_uart.o(i.UART_Receive_IT)
    UART_Receive_IT                          0x08002265   Thumb Code   198  stm32f4xx_hal_uart.o(i.UART_Receive_IT)
    i.UART_SetConfig                         0x0800232c   Section        0  stm32f4xx_hal_uart.o(i.UART_SetConfig)
    UART_SetConfig                           0x0800232d   Thumb Code   266  stm32f4xx_hal_uart.o(i.UART_SetConfig)
    i.UART_Start_Receive_IT                  0x08002440   Section        0  stm32f4xx_hal_uart.o(i.UART_Start_Receive_IT)
    i.UART_Transmit_IT                       0x0800247c   Section        0  stm32f4xx_hal_uart.o(i.UART_Transmit_IT)
    UART_Transmit_IT                         0x0800247d   Thumb Code    94  stm32f4xx_hal_uart.o(i.UART_Transmit_IT)
    i.USART1_IRQHandler                      0x080024dc   Section        0  stm32f4xx_it.o(i.USART1_IRQHandler)
    i.UsageFault_Handler                     0x080024e8   Section        0  stm32f4xx_it.o(i.UsageFault_Handler)
    i.Usart_Init                             0x080024ec   Section        0  myusart.o(i.Usart_Init)
    i.__NVIC_SetPriority                     0x080025b8   Section        0  stm32f4xx_hal_cortex.o(i.__NVIC_SetPriority)
    __NVIC_SetPriority                       0x080025b9   Thumb Code    32  stm32f4xx_hal_cortex.o(i.__NVIC_SetPriority)
    i.__scatterload_copy                     0x080025d8   Section       14  handlers.o(i.__scatterload_copy)
    i.__scatterload_null                     0x080025e6   Section        2  handlers.o(i.__scatterload_null)
    i.__scatterload_zeroinit                 0x080025e8   Section       14  handlers.o(i.__scatterload_zeroinit)
    i.brake                                  0x080025f6   Section        0  chassis.o(i.brake)
    i.can_Init                               0x0800260c   Section        0  cmd_tr.o(i.can_Init)
    i.can_cmd_send                           0x08002660   Section        0  cmd_tr.o(i.can_cmd_send)
    i.main                                   0x08002758   Section        0  main.o(i.main)
    i.osDelay                                0x08002792   Section        0  cmsis_os2.o(i.osDelay)
    i.osKernelInitialize                     0x080027b0   Section        0  cmsis_os2.o(i.osKernelInitialize)
    i.osKernelStart                          0x080027d8   Section        0  cmsis_os2.o(i.osKernelStart)
    i.osThreadNew                            0x08002810   Section        0  cmsis_os2.o(i.osThreadNew)
    i.prvAddCurrentTaskToDelayedList         0x080028cc   Section        0  tasks.o(i.prvAddCurrentTaskToDelayedList)
    prvAddCurrentTaskToDelayedList           0x080028cd   Thumb Code    88  tasks.o(i.prvAddCurrentTaskToDelayedList)
    i.prvAddNewTaskToReadyList               0x0800292c   Section        0  tasks.o(i.prvAddNewTaskToReadyList)
    prvAddNewTaskToReadyList                 0x0800292d   Thumb Code   124  tasks.o(i.prvAddNewTaskToReadyList)
    i.prvCheckForValidListAndQueue           0x080029b4   Section        0  timers.o(i.prvCheckForValidListAndQueue)
    prvCheckForValidListAndQueue             0x080029b5   Thumb Code    68  timers.o(i.prvCheckForValidListAndQueue)
    i.prvCheckTasksWaitingTermination        0x08002a10   Section        0  tasks.o(i.prvCheckTasksWaitingTermination)
    prvCheckTasksWaitingTermination          0x08002a11   Thumb Code    56  tasks.o(i.prvCheckTasksWaitingTermination)
    i.prvCopyDataFromQueue                   0x08002a50   Section        0  queue.o(i.prvCopyDataFromQueue)
    prvCopyDataFromQueue                     0x08002a51   Thumb Code    36  queue.o(i.prvCopyDataFromQueue)
    i.prvCopyDataToQueue                     0x08002a74   Section        0  queue.o(i.prvCopyDataToQueue)
    prvCopyDataToQueue                       0x08002a75   Thumb Code   110  queue.o(i.prvCopyDataToQueue)
    i.prvDeleteTCB                           0x08002ae2   Section        0  tasks.o(i.prvDeleteTCB)
    prvDeleteTCB                             0x08002ae3   Thumb Code    64  tasks.o(i.prvDeleteTCB)
    i.prvGetNextExpireTime                   0x08002b24   Section        0  timers.o(i.prvGetNextExpireTime)
    prvGetNextExpireTime                     0x08002b25   Thumb Code    30  timers.o(i.prvGetNextExpireTime)
    i.prvHeapInit                            0x08002b48   Section        0  heap_4.o(i.prvHeapInit)
    prvHeapInit                              0x08002b49   Thumb Code    70  heap_4.o(i.prvHeapInit)
    i.prvIdleTask                            0x08002b98   Section        0  tasks.o(i.prvIdleTask)
    prvIdleTask                              0x08002b99   Thumb Code    30  tasks.o(i.prvIdleTask)
    i.prvInitialiseNewQueue                  0x08002bc0   Section        0  queue.o(i.prvInitialiseNewQueue)
    prvInitialiseNewQueue                    0x08002bc1   Thumb Code    34  queue.o(i.prvInitialiseNewQueue)
    i.prvInitialiseNewTask                   0x08002be2   Section        0  tasks.o(i.prvInitialiseNewTask)
    prvInitialiseNewTask                     0x08002be3   Thumb Code   148  tasks.o(i.prvInitialiseNewTask)
    i.prvInitialiseTaskLists                 0x08002c78   Section        0  tasks.o(i.prvInitialiseTaskLists)
    prvInitialiseTaskLists                   0x08002c79   Thumb Code    66  tasks.o(i.prvInitialiseTaskLists)
    i.prvInsertBlockIntoFreeList             0x08002cd8   Section        0  heap_4.o(i.prvInsertBlockIntoFreeList)
    prvInsertBlockIntoFreeList               0x08002cd9   Thumb Code    84  heap_4.o(i.prvInsertBlockIntoFreeList)
    i.prvInsertTimerInActiveList             0x08002d34   Section        0  timers.o(i.prvInsertTimerInActiveList)
    prvInsertTimerInActiveList               0x08002d35   Thumb Code    66  timers.o(i.prvInsertTimerInActiveList)
    i.prvIsQueueEmpty                        0x08002d7c   Section        0  queue.o(i.prvIsQueueEmpty)
    prvIsQueueEmpty                          0x08002d7d   Thumb Code    26  queue.o(i.prvIsQueueEmpty)
    i.prvIsQueueFull                         0x08002d96   Section        0  queue.o(i.prvIsQueueFull)
    prvIsQueueFull                           0x08002d97   Thumb Code    30  queue.o(i.prvIsQueueFull)
    i.prvProcessExpiredTimer                 0x08002db4   Section        0  timers.o(i.prvProcessExpiredTimer)
    prvProcessExpiredTimer                   0x08002db5   Thumb Code   100  timers.o(i.prvProcessExpiredTimer)
    i.prvProcessReceivedCommands             0x08002e1c   Section        0  timers.o(i.prvProcessReceivedCommands)
    prvProcessReceivedCommands               0x08002e1d   Thumb Code   268  timers.o(i.prvProcessReceivedCommands)
    i.prvProcessTimerOrBlockTask             0x08002f2c   Section        0  timers.o(i.prvProcessTimerOrBlockTask)
    prvProcessTimerOrBlockTask               0x08002f2d   Thumb Code   100  timers.o(i.prvProcessTimerOrBlockTask)
    i.prvResetNextTaskUnblockTime            0x08002f98   Section        0  tasks.o(i.prvResetNextTaskUnblockTime)
    prvResetNextTaskUnblockTime              0x08002f99   Thumb Code    30  tasks.o(i.prvResetNextTaskUnblockTime)
    i.prvSampleTimeNow                       0x08002fbc   Section        0  timers.o(i.prvSampleTimeNow)
    prvSampleTimeNow                         0x08002fbd   Thumb Code    38  timers.o(i.prvSampleTimeNow)
    i.prvSwitchTimerLists                    0x08002fe8   Section        0  timers.o(i.prvSwitchTimerLists)
    prvSwitchTimerLists                      0x08002fe9   Thumb Code   116  timers.o(i.prvSwitchTimerLists)
    i.prvTaskExitError                       0x08003060   Section        0  port.o(i.prvTaskExitError)
    prvTaskExitError                         0x08003061   Thumb Code    42  port.o(i.prvTaskExitError)
    i.prvTimerTask                           0x08003090   Section        0  timers.o(i.prvTimerTask)
    prvTimerTask                             0x08003091   Thumb Code    20  timers.o(i.prvTimerTask)
    i.prvUnlockQueue                         0x080030a4   Section        0  queue.o(i.prvUnlockQueue)
    prvUnlockQueue                           0x080030a5   Thumb Code   104  queue.o(i.prvUnlockQueue)
    i.pvPortMalloc                           0x0800310c   Section        0  heap_4.o(i.pvPortMalloc)
    i.pxPortInitialiseStack                  0x080031f4   Section        0  port.o(i.pxPortInitialiseStack)
    i.uxListRemove                           0x08003220   Section        0  list.o(i.uxListRemove)
    i.vApplicationGetIdleTaskMemory          0x08003248   Section        0  cmsis_os2.o(i.vApplicationGetIdleTaskMemory)
    i.vApplicationGetTimerTaskMemory         0x0800325c   Section        0  cmsis_os2.o(i.vApplicationGetTimerTaskMemory)
    i.vListInitialise                        0x08003274   Section        0  list.o(i.vListInitialise)
    i.vListInitialiseItem                    0x0800328a   Section        0  list.o(i.vListInitialiseItem)
    i.vListInsert                            0x08003290   Section        0  list.o(i.vListInsert)
    i.vListInsertEnd                         0x080032c6   Section        0  list.o(i.vListInsertEnd)
    i.vPortEnterCritical                     0x080032e0   Section        0  port.o(i.vPortEnterCritical)
    i.vPortExitCritical                      0x08003320   Section        0  port.o(i.vPortExitCritical)
    i.vPortFree                              0x0800334c   Section        0  heap_4.o(i.vPortFree)
    i.vPortSetupTimerInterrupt               0x080033b0   Section        0  port.o(i.vPortSetupTimerInterrupt)
    i.vPortValidateInterruptPriority         0x080033d4   Section        0  port.o(i.vPortValidateInterruptPriority)
    i.vQueueAddToRegistry                    0x08003428   Section        0  queue.o(i.vQueueAddToRegistry)
    i.vQueueWaitForMessageRestricted         0x08003450   Section        0  queue.o(i.vQueueWaitForMessageRestricted)
    i.vTaskDelay                             0x0800349c   Section        0  tasks.o(i.vTaskDelay)
    i.vTaskInternalSetTimeOutState           0x080034ec   Section        0  tasks.o(i.vTaskInternalSetTimeOutState)
    i.vTaskMissedYield                       0x080034fc   Section        0  tasks.o(i.vTaskMissedYield)
    i.vTaskPlaceOnEventList                  0x08003508   Section        0  tasks.o(i.vTaskPlaceOnEventList)
    i.vTaskPlaceOnEventListRestricted        0x0800353c   Section        0  tasks.o(i.vTaskPlaceOnEventListRestricted)
    i.vTaskStartScheduler                    0x08003578   Section        0  tasks.o(i.vTaskStartScheduler)
    i.vTaskSuspendAll                        0x08003608   Section        0  tasks.o(i.vTaskSuspendAll)
    i.vTaskSwitchContext                     0x08003618   Section        0  tasks.o(i.vTaskSwitchContext)
    i.xPortStartScheduler                    0x08003684   Section        0  port.o(i.xPortStartScheduler)
    i.xPortSysTickHandler                    0x08003788   Section        0  port.o(i.xPortSysTickHandler)
    i.xQueueGenericCreateStatic              0x080037b4   Section        0  queue.o(i.xQueueGenericCreateStatic)
    i.xQueueGenericReset                     0x08003824   Section        0  queue.o(i.xQueueGenericReset)
    i.xQueueGenericSend                      0x080038b4   Section        0  queue.o(i.xQueueGenericSend)
    i.xQueueGenericSendFromISR               0x08003a24   Section        0  queue.o(i.xQueueGenericSendFromISR)
    i.xQueueReceive                          0x08003ae4   Section        0  queue.o(i.xQueueReceive)
    i.xTaskCheckForTimeOut                   0x08003c2c   Section        0  tasks.o(i.xTaskCheckForTimeOut)
    i.xTaskCreate                            0x08003cac   Section        0  tasks.o(i.xTaskCreate)
    i.xTaskCreateStatic                      0x08003d18   Section        0  tasks.o(i.xTaskCreateStatic)
    i.xTaskGetSchedulerState                 0x08003d78   Section        0  tasks.o(i.xTaskGetSchedulerState)
    i.xTaskGetTickCount                      0x08003d94   Section        0  tasks.o(i.xTaskGetTickCount)
    i.xTaskIncrementTick                     0x08003da0   Section        0  tasks.o(i.xTaskIncrementTick)
    i.xTaskPriorityDisinherit                0x08003e6c   Section        0  tasks.o(i.xTaskPriorityDisinherit)
    i.xTaskRemoveFromEventList               0x08003eec   Section        0  tasks.o(i.xTaskRemoveFromEventList)
    i.xTaskResumeAll                         0x08003f64   Section        0  tasks.o(i.xTaskResumeAll)
    i.xTimerCreateTimerTask                  0x08004030   Section        0  timers.o(i.xTimerCreateTimerTask)
    i.xTimerGenericCommand                   0x08004098   Section        0  timers.o(i.xTimerGenericCommand)
    .constdata                               0x0800410c   Section      144  freertos.o(.constdata)
    .constdata                               0x0800419c   Section       16  system_stm32f4xx.o(.constdata)
    .constdata                               0x080041ac   Section        8  system_stm32f4xx.o(.constdata)
    .constdata                               0x080041b4   Section       64  cmd_tr.o(.constdata)
    .conststring                             0x080041f4   Section       49  freertos.o(.conststring)
    .data                                    0x20000000   Section       16  freertos.o(.data)
    .data                                    0x20000010   Section        4  can.o(.data)
    HAL_RCC_CAN1_CLK_ENABLED                 0x20000010   Data           4  can.o(.data)
    .data                                    0x20000014   Section       12  stm32f4xx_hal.o(.data)
    .data                                    0x20000020   Section        4  system_stm32f4xx.o(.data)
    .data                                    0x20000024   Section        8  jy901_usart.o(.data)
    .data                                    0x2000002c   Section       60  tasks.o(.data)
    uxDeletedTasksWaitingCleanUp             0x20000030   Data           4  tasks.o(.data)
    uxCurrentNumberOfTasks                   0x20000034   Data           4  tasks.o(.data)
    xTickCount                               0x20000038   Data           4  tasks.o(.data)
    uxTopReadyPriority                       0x2000003c   Data           4  tasks.o(.data)
    xSchedulerRunning                        0x20000040   Data           4  tasks.o(.data)
    xPendedTicks                             0x20000044   Data           4  tasks.o(.data)
    xYieldPending                            0x20000048   Data           4  tasks.o(.data)
    xNumOfOverflows                          0x2000004c   Data           4  tasks.o(.data)
    uxTaskNumber                             0x20000050   Data           4  tasks.o(.data)
    xNextTaskUnblockTime                     0x20000054   Data           4  tasks.o(.data)
    xIdleTaskHandle                          0x20000058   Data           4  tasks.o(.data)
    uxSchedulerSuspended                     0x2000005c   Data           4  tasks.o(.data)
    pxDelayedTaskList                        0x20000060   Data           4  tasks.o(.data)
    pxOverflowDelayedTaskList                0x20000064   Data           4  tasks.o(.data)
    .data                                    0x20000068   Section       20  timers.o(.data)
    xTimerQueue                              0x20000068   Data           4  timers.o(.data)
    xTimerTaskHandle                         0x2000006c   Data           4  timers.o(.data)
    xLastTime                                0x20000070   Data           4  timers.o(.data)
    pxCurrentTimerList                       0x20000074   Data           4  timers.o(.data)
    pxOverflowTimerList                      0x20000078   Data           4  timers.o(.data)
    .data                                    0x2000007c   Section        4  cmsis_os2.o(.data)
    KernelState                              0x2000007c   Data           4  cmsis_os2.o(.data)
    .data                                    0x20000080   Section       32  heap_4.o(.data)
    pxEnd                                    0x20000080   Data           4  heap_4.o(.data)
    xFreeBytesRemaining                      0x20000084   Data           4  heap_4.o(.data)
    xMinimumEverFreeBytesRemaining           0x20000088   Data           4  heap_4.o(.data)
    xNumberOfSuccessfulAllocations           0x2000008c   Data           4  heap_4.o(.data)
    xNumberOfSuccessfulFrees                 0x20000090   Data           4  heap_4.o(.data)
    xBlockAllocatedBit                       0x20000094   Data           4  heap_4.o(.data)
    xStart                                   0x20000098   Data           8  heap_4.o(.data)
    .data                                    0x200000a0   Section       12  port.o(.data)
    ucMaxSysCallPriority                     0x200000a0   Data           1  port.o(.data)
    uxCriticalNesting                        0x200000a4   Data           4  port.o(.data)
    ulMaxPRIGROUPValue                       0x200000a8   Data           4  port.o(.data)
    .bss                                     0x200000ac   Section       80  can.o(.bss)
    .bss                                     0x200000fc   Section       68  usart.o(.bss)
    .bss                                     0x20000140   Section       14  lcd.o(.bss)
    .bss                                     0x20000150   Section     4204  myusart.o(.bss)
    .bss                                     0x200011bc   Section       52  jy901_usart.o(.bss)
    .bss                                     0x200011f0   Section       64  queue.o(.bss)
    .bss                                     0x20001230   Section     1220  tasks.o(.bss)
    pxReadyTasksLists                        0x20001230   Data        1120  tasks.o(.bss)
    xDelayedTaskList1                        0x20001690   Data          20  tasks.o(.bss)
    xDelayedTaskList2                        0x200016a4   Data          20  tasks.o(.bss)
    xPendingReadyList                        0x200016b8   Data          20  tasks.o(.bss)
    xTasksWaitingTermination                 0x200016cc   Data          20  tasks.o(.bss)
    xSuspendedTaskList                       0x200016e0   Data          20  tasks.o(.bss)
    .bss                                     0x200016f4   Section      280  timers.o(.bss)
    xStaticTimerQueue                        0x200016f4   Data          80  timers.o(.bss)
    ucStaticTimerQueueStorage                0x20001744   Data         160  timers.o(.bss)
    xActiveTimerList1                        0x200017e4   Data          20  timers.o(.bss)
    xActiveTimerList2                        0x200017f8   Data          20  timers.o(.bss)
    .bss                                     0x2000180c   Section     1720  cmsis_os2.o(.bss)
    Idle_TCB                                 0x2000180c   Data          92  cmsis_os2.o(.bss)
    Idle_Stack                               0x20001868   Data         512  cmsis_os2.o(.bss)
    Timer_TCB                                0x20001a68   Data          92  cmsis_os2.o(.bss)
    Timer_Stack                              0x20001ac4   Data        1024  cmsis_os2.o(.bss)
    .bss                                     0x20001ec4   Section    15360  heap_4.o(.bss)
    ucHeap                                   0x20001ec4   Data       15360  heap_4.o(.bss)
    .bss                                     0x20005ac4   Section       12  chassis_task.o(.bss)
    STACK                                    0x20005ad0   Section     1024  startup_stm32f407xx.o(STACK)

    Global Symbols

    Symbol Name                              Value     Ov Type        Size  Object(Section)

    BuildAttributes$$THM_ISAv4$E$P$D$K$B$S$7EM$VFPi3$EXTD16$VFPS$VFMA$PE$A:L22UL41UL21$X:L11$S22US41US21$IEEE1$IW$USESV6$~STKCKD$USESV7$~SHL$OTIME$ROPI$IEEEX$EBA8$MICROLIB$REQ8$PRES8$EABIv2 0x00000000   Number         0  anon$$obj.o ABSOLUTE
    __ARM_use_no_argv                        0x00000000   Number         0  main.o ABSOLUTE
    __use_no_errno                           0x00000000   Number         0  useno.o ABSOLUTE
    __use_no_exception_handling              0x00000000   Number         0  useno.o ABSOLUTE
    __use_no_fp                              0x00000000   Number         0  useno.o ABSOLUTE
    __use_no_heap                            0x00000000   Number         0  useno.o ABSOLUTE
    __use_no_heap_region                     0x00000000   Number         0  useno.o ABSOLUTE
    __use_no_semihosting                     0x00000000   Number         0  useno.o ABSOLUTE
    __use_no_semihosting_swi                 0x00000000   Number         0  useno.o ABSOLUTE
    __use_no_signal_handling                 0x00000000   Number         0  useno.o ABSOLUTE
    __cpp_initialize__aeabi_                  - Undefined Weak Reference
    __cxa_finalize                            - Undefined Weak Reference
    __decompress                              - Undefined Weak Reference
    _clock_init                               - Undefined Weak Reference
    _microlib_exit                            - Undefined Weak Reference
    __Vectors_Size                           0x00000188   Number         0  startup_stm32f407xx.o ABSOLUTE
    __Vectors                                0x08000000   Data           4  startup_stm32f407xx.o(RESET)
    __Vectors_End                            0x08000188   Data           0  startup_stm32f407xx.o(RESET)
    __main                                   0x08000189   Thumb Code     0  entry.o(.ARM.Collect$$$$00000000)
    _main_stk                                0x08000189   Thumb Code     0  entry2.o(.ARM.Collect$$$$00000001)
    _main_scatterload                        0x0800018d   Thumb Code     0  entry5.o(.ARM.Collect$$$$00000004)
    __main_after_scatterload                 0x08000191   Thumb Code     0  entry5.o(.ARM.Collect$$$$00000004)
    _main_clock                              0x08000191   Thumb Code     0  entry7b.o(.ARM.Collect$$$$00000008)
    _main_cpp_init                           0x08000191   Thumb Code     0  entry8b.o(.ARM.Collect$$$$0000000A)
    _main_init                               0x08000191   Thumb Code     0  entry9a.o(.ARM.Collect$$$$0000000B)
    __rt_final_cpp                           0x08000199   Thumb Code     0  entry10a.o(.ARM.Collect$$$$0000000D)
    __rt_final_exit                          0x08000199   Thumb Code     0  entry11a.o(.ARM.Collect$$$$0000000F)
    SVC_Handler                              0x0800019d   Thumb Code    28  port.o(.emb_text)
    __asm___6_port_c_39a90d8d__prvStartFirstTask 0x080001bd   Thumb Code    36  port.o(.emb_text)
    __asm___6_port_c_39a90d8d__prvEnableVFP  0x080001e5   Thumb Code    16  port.o(.emb_text)
    PendSV_Handler                           0x080001f9   Thumb Code    88  port.o(.emb_text)
    vPortGetIPSR                             0x08000255   Thumb Code     6  port.o(.emb_text)
    Reset_Handler                            0x0800025d   Thumb Code     8  startup_stm32f407xx.o(.text)
    ADC_IRQHandler                           0x08000277   Thumb Code     0  startup_stm32f407xx.o(.text)
    CAN1_RX1_IRQHandler                      0x08000277   Thumb Code     0  startup_stm32f407xx.o(.text)
    CAN1_SCE_IRQHandler                      0x08000277   Thumb Code     0  startup_stm32f407xx.o(.text)
    CAN1_TX_IRQHandler                       0x08000277   Thumb Code     0  startup_stm32f407xx.o(.text)
    CAN2_RX1_IRQHandler                      0x08000277   Thumb Code     0  startup_stm32f407xx.o(.text)
    CAN2_SCE_IRQHandler                      0x08000277   Thumb Code     0  startup_stm32f407xx.o(.text)
    CAN2_TX_IRQHandler                       0x08000277   Thumb Code     0  startup_stm32f407xx.o(.text)
    DCMI_IRQHandler                          0x08000277   Thumb Code     0  startup_stm32f407xx.o(.text)
    DMA1_Stream0_IRQHandler                  0x08000277   Thumb Code     0  startup_stm32f407xx.o(.text)
    DMA1_Stream1_IRQHandler                  0x08000277   Thumb Code     0  startup_stm32f407xx.o(.text)
    DMA1_Stream2_IRQHandler                  0x08000277   Thumb Code     0  startup_stm32f407xx.o(.text)
    DMA1_Stream3_IRQHandler                  0x08000277   Thumb Code     0  startup_stm32f407xx.o(.text)
    DMA1_Stream4_IRQHandler                  0x08000277   Thumb Code     0  startup_stm32f407xx.o(.text)
    DMA1_Stream5_IRQHandler                  0x08000277   Thumb Code     0  startup_stm32f407xx.o(.text)
    DMA1_Stream6_IRQHandler                  0x08000277   Thumb Code     0  startup_stm32f407xx.o(.text)
    DMA1_Stream7_IRQHandler                  0x08000277   Thumb Code     0  startup_stm32f407xx.o(.text)
    DMA2_Stream0_IRQHandler                  0x08000277   Thumb Code     0  startup_stm32f407xx.o(.text)
    DMA2_Stream1_IRQHandler                  0x08000277   Thumb Code     0  startup_stm32f407xx.o(.text)
    DMA2_Stream2_IRQHandler                  0x08000277   Thumb Code     0  startup_stm32f407xx.o(.text)
    DMA2_Stream3_IRQHandler                  0x08000277   Thumb Code     0  startup_stm32f407xx.o(.text)
    DMA2_Stream4_IRQHandler                  0x08000277   Thumb Code     0  startup_stm32f407xx.o(.text)
    DMA2_Stream5_IRQHandler                  0x08000277   Thumb Code     0  startup_stm32f407xx.o(.text)
    DMA2_Stream6_IRQHandler                  0x08000277   Thumb Code     0  startup_stm32f407xx.o(.text)
    DMA2_Stream7_IRQHandler                  0x08000277   Thumb Code     0  startup_stm32f407xx.o(.text)
    ETH_IRQHandler                           0x08000277   Thumb Code     0  startup_stm32f407xx.o(.text)
    ETH_WKUP_IRQHandler                      0x08000277   Thumb Code     0  startup_stm32f407xx.o(.text)
    EXTI0_IRQHandler                         0x08000277   Thumb Code     0  startup_stm32f407xx.o(.text)
    EXTI15_10_IRQHandler                     0x08000277   Thumb Code     0  startup_stm32f407xx.o(.text)
    EXTI1_IRQHandler                         0x08000277   Thumb Code     0  startup_stm32f407xx.o(.text)
    EXTI2_IRQHandler                         0x08000277   Thumb Code     0  startup_stm32f407xx.o(.text)
    EXTI3_IRQHandler                         0x08000277   Thumb Code     0  startup_stm32f407xx.o(.text)
    EXTI4_IRQHandler                         0x08000277   Thumb Code     0  startup_stm32f407xx.o(.text)
    EXTI9_5_IRQHandler                       0x08000277   Thumb Code     0  startup_stm32f407xx.o(.text)
    FLASH_IRQHandler                         0x08000277   Thumb Code     0  startup_stm32f407xx.o(.text)
    FMC_IRQHandler                           0x08000277   Thumb Code     0  startup_stm32f407xx.o(.text)
    FPU_IRQHandler                           0x08000277   Thumb Code     0  startup_stm32f407xx.o(.text)
    HASH_RNG_IRQHandler                      0x08000277   Thumb Code     0  startup_stm32f407xx.o(.text)
    I2C1_ER_IRQHandler                       0x08000277   Thumb Code     0  startup_stm32f407xx.o(.text)
    I2C1_EV_IRQHandler                       0x08000277   Thumb Code     0  startup_stm32f407xx.o(.text)
    I2C2_ER_IRQHandler                       0x08000277   Thumb Code     0  startup_stm32f407xx.o(.text)
    I2C2_EV_IRQHandler                       0x08000277   Thumb Code     0  startup_stm32f407xx.o(.text)
    I2C3_ER_IRQHandler                       0x08000277   Thumb Code     0  startup_stm32f407xx.o(.text)
    I2C3_EV_IRQHandler                       0x08000277   Thumb Code     0  startup_stm32f407xx.o(.text)
    OTG_FS_IRQHandler                        0x08000277   Thumb Code     0  startup_stm32f407xx.o(.text)
    OTG_FS_WKUP_IRQHandler                   0x08000277   Thumb Code     0  startup_stm32f407xx.o(.text)
    OTG_HS_EP1_IN_IRQHandler                 0x08000277   Thumb Code     0  startup_stm32f407xx.o(.text)
    OTG_HS_EP1_OUT_IRQHandler                0x08000277   Thumb Code     0  startup_stm32f407xx.o(.text)
    OTG_HS_IRQHandler                        0x08000277   Thumb Code     0  startup_stm32f407xx.o(.text)
    OTG_HS_WKUP_IRQHandler                   0x08000277   Thumb Code     0  startup_stm32f407xx.o(.text)
    PVD_IRQHandler                           0x08000277   Thumb Code     0  startup_stm32f407xx.o(.text)
    RCC_IRQHandler                           0x08000277   Thumb Code     0  startup_stm32f407xx.o(.text)
    RTC_Alarm_IRQHandler                     0x08000277   Thumb Code     0  startup_stm32f407xx.o(.text)
    RTC_WKUP_IRQHandler                      0x08000277   Thumb Code     0  startup_stm32f407xx.o(.text)
    SDIO_IRQHandler                          0x08000277   Thumb Code     0  startup_stm32f407xx.o(.text)
    SPI1_IRQHandler                          0x08000277   Thumb Code     0  startup_stm32f407xx.o(.text)
    SPI2_IRQHandler                          0x08000277   Thumb Code     0  startup_stm32f407xx.o(.text)
    SPI3_IRQHandler                          0x08000277   Thumb Code     0  startup_stm32f407xx.o(.text)
    TAMP_STAMP_IRQHandler                    0x08000277   Thumb Code     0  startup_stm32f407xx.o(.text)
    TIM1_BRK_TIM9_IRQHandler                 0x08000277   Thumb Code     0  startup_stm32f407xx.o(.text)
    TIM1_CC_IRQHandler                       0x08000277   Thumb Code     0  startup_stm32f407xx.o(.text)
    TIM1_TRG_COM_TIM11_IRQHandler            0x08000277   Thumb Code     0  startup_stm32f407xx.o(.text)
    TIM1_UP_TIM10_IRQHandler                 0x08000277   Thumb Code     0  startup_stm32f407xx.o(.text)
    TIM2_IRQHandler                          0x08000277   Thumb Code     0  startup_stm32f407xx.o(.text)
    TIM3_IRQHandler                          0x08000277   Thumb Code     0  startup_stm32f407xx.o(.text)
    TIM4_IRQHandler                          0x08000277   Thumb Code     0  startup_stm32f407xx.o(.text)
    TIM5_IRQHandler                          0x08000277   Thumb Code     0  startup_stm32f407xx.o(.text)
    TIM6_DAC_IRQHandler                      0x08000277   Thumb Code     0  startup_stm32f407xx.o(.text)
    TIM7_IRQHandler                          0x08000277   Thumb Code     0  startup_stm32f407xx.o(.text)
    TIM8_BRK_TIM12_IRQHandler                0x08000277   Thumb Code     0  startup_stm32f407xx.o(.text)
    TIM8_CC_IRQHandler                       0x08000277   Thumb Code     0  startup_stm32f407xx.o(.text)
    TIM8_TRG_COM_TIM14_IRQHandler            0x08000277   Thumb Code     0  startup_stm32f407xx.o(.text)
    TIM8_UP_TIM13_IRQHandler                 0x08000277   Thumb Code     0  startup_stm32f407xx.o(.text)
    UART4_IRQHandler                         0x08000277   Thumb Code     0  startup_stm32f407xx.o(.text)
    UART5_IRQHandler                         0x08000277   Thumb Code     0  startup_stm32f407xx.o(.text)
    USART2_IRQHandler                        0x08000277   Thumb Code     0  startup_stm32f407xx.o(.text)
    USART3_IRQHandler                        0x08000277   Thumb Code     0  startup_stm32f407xx.o(.text)
    USART6_IRQHandler                        0x08000277   Thumb Code     0  startup_stm32f407xx.o(.text)
    WWDG_IRQHandler                          0x08000277   Thumb Code     0  startup_stm32f407xx.o(.text)
    __aeabi_uldivmod                         0x08000281   Thumb Code    98  uldiv.o(.text)
    __aeabi_memcpy                           0x080002e3   Thumb Code    36  memcpya.o(.text)
    __aeabi_memcpy4                          0x080002e3   Thumb Code     0  memcpya.o(.text)
    __aeabi_memcpy8                          0x080002e3   Thumb Code     0  memcpya.o(.text)
    __aeabi_memset                           0x08000307   Thumb Code    14  memseta.o(.text)
    __aeabi_memset4                          0x08000307   Thumb Code     0  memseta.o(.text)
    __aeabi_memset8                          0x08000307   Thumb Code     0  memseta.o(.text)
    __aeabi_memclr                           0x08000315   Thumb Code     4  memseta.o(.text)
    __aeabi_memclr4                          0x08000315   Thumb Code     0  memseta.o(.text)
    __aeabi_memclr8                          0x08000315   Thumb Code     0  memseta.o(.text)
    memset                                   0x08000319   Thumb Code    18  memseta.o(.text)
    __aeabi_llsl                             0x0800032b   Thumb Code    30  llshl.o(.text)
    _ll_shift_l                              0x0800032b   Thumb Code     0  llshl.o(.text)
    __aeabi_llsr                             0x08000349   Thumb Code    32  llushr.o(.text)
    _ll_ushift_r                             0x08000349   Thumb Code     0  llushr.o(.text)
    __scatterload                            0x08000369   Thumb Code    28  init.o(.text)
    __scatterload_rt2                        0x08000369   Thumb Code     0  init.o(.text)
    AHR_Task                                 0x0800038d   Thumb Code    20  ahr_task.o(i.AHR_Task)
    BusFault_Handler                         0x080003a9   Thumb Code     2  stm32f4xx_it.o(i.BusFault_Handler)
    CAN1_RX0_IRQHandler                      0x080003ad   Thumb Code     6  stm32f4xx_it.o(i.CAN1_RX0_IRQHandler)
    CAN2_RX0_IRQHandler                      0x080003b9   Thumb Code     6  stm32f4xx_it.o(i.CAN2_RX0_IRQHandler)
    Chassis_Task                             0x080003c5   Thumb Code    90  chassis_task.o(i.Chassis_Task)
    DebugMon_Handler                         0x08000425   Thumb Code     2  stm32f4xx_it.o(i.DebugMon_Handler)
    Delay_Us                                 0x08000429   Thumb Code    80  chassis.o(i.Delay_Us)
    Emm_V5_Pos_Control                       0x0800047d   Thumb Code    80  emm_v5.o(i.Emm_V5_Pos_Control)
    Emm_V5_Stop_Now                          0x080004cd   Thumb Code    38  emm_v5.o(i.Emm_V5_Stop_Now)
    Emm_V5_Synchronous_motion                0x080004f3   Thumb Code    38  emm_v5.o(i.Emm_V5_Synchronous_motion)
    Error_Handler                            0x08000519   Thumb Code     4  main.o(i.Error_Handler)
    HAL_CAN_ActivateNotification             0x0800051d   Thumb Code    36  stm32f4xx_hal_can.o(i.HAL_CAN_ActivateNotification)
    HAL_CAN_AddTxMessage                     0x08000541   Thumb Code   242  stm32f4xx_hal_can.o(i.HAL_CAN_AddTxMessage)
    HAL_CAN_ConfigFilter                     0x08000635   Thumb Code   266  stm32f4xx_hal_can.o(i.HAL_CAN_ConfigFilter)
    HAL_CAN_ErrorCallback                    0x08000745   Thumb Code     2  stm32f4xx_hal_can.o(i.HAL_CAN_ErrorCallback)
    HAL_CAN_IRQHandler                       0x08000747   Thumb Code   508  stm32f4xx_hal_can.o(i.HAL_CAN_IRQHandler)
    HAL_CAN_Init                             0x08000943   Thumb Code   338  stm32f4xx_hal_can.o(i.HAL_CAN_Init)
    HAL_CAN_MspInit                          0x08000a95   Thumb Code   236  can.o(i.HAL_CAN_MspInit)
    HAL_CAN_RxFifo0FullCallback              0x08000b99   Thumb Code     2  stm32f4xx_hal_can.o(i.HAL_CAN_RxFifo0FullCallback)
    HAL_CAN_RxFifo0MsgPendingCallback        0x08000b9b   Thumb Code     2  callback.o(i.HAL_CAN_RxFifo0MsgPendingCallback)
    HAL_CAN_RxFifo1FullCallback              0x08000b9d   Thumb Code     2  stm32f4xx_hal_can.o(i.HAL_CAN_RxFifo1FullCallback)
    HAL_CAN_RxFifo1MsgPendingCallback        0x08000b9f   Thumb Code     2  stm32f4xx_hal_can.o(i.HAL_CAN_RxFifo1MsgPendingCallback)
    HAL_CAN_SleepCallback                    0x08000ba1   Thumb Code     2  stm32f4xx_hal_can.o(i.HAL_CAN_SleepCallback)
    HAL_CAN_Start                            0x08000ba3   Thumb Code    88  stm32f4xx_hal_can.o(i.HAL_CAN_Start)
    HAL_CAN_TxMailbox0AbortCallback          0x08000bfb   Thumb Code     2  stm32f4xx_hal_can.o(i.HAL_CAN_TxMailbox0AbortCallback)
    HAL_CAN_TxMailbox0CompleteCallback       0x08000bfd   Thumb Code     2  stm32f4xx_hal_can.o(i.HAL_CAN_TxMailbox0CompleteCallback)
    HAL_CAN_TxMailbox1AbortCallback          0x08000bff   Thumb Code     2  stm32f4xx_hal_can.o(i.HAL_CAN_TxMailbox1AbortCallback)
    HAL_CAN_TxMailbox1CompleteCallback       0x08000c01   Thumb Code     2  stm32f4xx_hal_can.o(i.HAL_CAN_TxMailbox1CompleteCallback)
    HAL_CAN_TxMailbox2AbortCallback          0x08000c03   Thumb Code     2  stm32f4xx_hal_can.o(i.HAL_CAN_TxMailbox2AbortCallback)
    HAL_CAN_TxMailbox2CompleteCallback       0x08000c05   Thumb Code     2  stm32f4xx_hal_can.o(i.HAL_CAN_TxMailbox2CompleteCallback)
    HAL_CAN_WakeUpFromRxMsgCallback          0x08000c07   Thumb Code     2  stm32f4xx_hal_can.o(i.HAL_CAN_WakeUpFromRxMsgCallback)
    HAL_DMA_Abort                            0x08000c09   Thumb Code   142  stm32f4xx_hal_dma.o(i.HAL_DMA_Abort)
    HAL_DMA_Abort_IT                         0x08000c97   Thumb Code    36  stm32f4xx_hal_dma.o(i.HAL_DMA_Abort_IT)
    HAL_Delay                                0x08000cbd   Thumb Code    32  stm32f4xx_hal.o(i.HAL_Delay)
    HAL_GPIO_Init                            0x08000ce1   Thumb Code   420  stm32f4xx_hal_gpio.o(i.HAL_GPIO_Init)
    HAL_GPIO_WritePin                        0x08000eb1   Thumb Code    14  stm32f4xx_hal_gpio.o(i.HAL_GPIO_WritePin)
    HAL_GetTick                              0x08000ec1   Thumb Code     6  stm32f4xx_hal.o(i.HAL_GetTick)
    HAL_IncTick                              0x08000ecd   Thumb Code    12  stm32f4xx_hal.o(i.HAL_IncTick)
    HAL_Init                                 0x08000edd   Thumb Code    48  stm32f4xx_hal.o(i.HAL_Init)
    HAL_InitTick                             0x08000f11   Thumb Code    58  stm32f4xx_hal.o(i.HAL_InitTick)
    HAL_MspInit                              0x08000f55   Thumb Code    52  stm32f4xx_hal_msp.o(i.HAL_MspInit)
    HAL_NVIC_EnableIRQ                       0x08000f8d   Thumb Code    26  stm32f4xx_hal_cortex.o(i.HAL_NVIC_EnableIRQ)
    HAL_NVIC_SetPriority                     0x08000fa9   Thumb Code    60  stm32f4xx_hal_cortex.o(i.HAL_NVIC_SetPriority)
    HAL_NVIC_SetPriorityGrouping             0x08000fe9   Thumb Code    26  stm32f4xx_hal_cortex.o(i.HAL_NVIC_SetPriorityGrouping)
    HAL_RCC_ClockConfig                      0x0800100d   Thumb Code   310  stm32f4xx_hal_rcc.o(i.HAL_RCC_ClockConfig)
    HAL_RCC_GetHCLKFreq                      0x08001159   Thumb Code     6  stm32f4xx_hal_rcc.o(i.HAL_RCC_GetHCLKFreq)
    HAL_RCC_GetPCLK1Freq                     0x08001165   Thumb Code    22  stm32f4xx_hal_rcc.o(i.HAL_RCC_GetPCLK1Freq)
    HAL_RCC_GetPCLK2Freq                     0x08001185   Thumb Code    22  stm32f4xx_hal_rcc.o(i.HAL_RCC_GetPCLK2Freq)
    HAL_RCC_GetSysClockFreq                  0x080011a5   Thumb Code    94  stm32f4xx_hal_rcc.o(i.HAL_RCC_GetSysClockFreq)
    HAL_RCC_OscConfig                        0x0800120d   Thumb Code   942  stm32f4xx_hal_rcc.o(i.HAL_RCC_OscConfig)
    HAL_SYSTICK_Config                       0x080015cd   Thumb Code    40  stm32f4xx_hal_cortex.o(i.HAL_SYSTICK_Config)
    HAL_UARTEx_RxEventCallback               0x080015f5   Thumb Code     2  stm32f4xx_hal_uart.o(i.HAL_UARTEx_RxEventCallback)
    HAL_UART_ErrorCallback                   0x080015f7   Thumb Code     2  stm32f4xx_hal_uart.o(i.HAL_UART_ErrorCallback)
    HAL_UART_IRQHandler                      0x080015f9   Thumb Code   546  stm32f4xx_hal_uart.o(i.HAL_UART_IRQHandler)
    HAL_UART_Init                            0x08001821   Thumb Code   100  stm32f4xx_hal_uart.o(i.HAL_UART_Init)
    HAL_UART_MspInit                         0x08001885   Thumb Code   110  usart.o(i.HAL_UART_MspInit)
    HAL_UART_Receive_IT                      0x08001901   Thumb Code    46  stm32f4xx_hal_uart.o(i.HAL_UART_Receive_IT)
    HAL_UART_RxCpltCallback                  0x08001931   Thumb Code    12  callback.o(i.HAL_UART_RxCpltCallback)
    HAL_UART_TxCpltCallback                  0x08001941   Thumb Code     2  stm32f4xx_hal_uart.o(i.HAL_UART_TxCpltCallback)
    HardFault_Handler                        0x08001943   Thumb Code     2  stm32f4xx_it.o(i.HardFault_Handler)
    JY901_process                            0x08001945   Thumb Code    88  jy901_usart.o(i.JY901_process)
    LCD_Clear                                0x080019ad   Thumb Code    78  lcd.o(i.LCD_Clear)
    LCD_Init                                 0x08001a05   Thumb Code   582  lcd.o(i.LCD_Init)
    LCD_RESET                                0x08001c51   Thumb Code    30  lcd.o(i.LCD_RESET)
    LCD_SetWindows                           0x08001c75   Thumb Code    88  lcd.o(i.LCD_SetWindows)
    LCD_Task                                 0x08001cd1   Thumb Code     2  lcd_task.o(i.LCD_Task)
    LCD_WR_DATA                              0x08001cd5   Thumb Code    24  lcd.o(i.LCD_WR_DATA)
    LCD_WR_REG                               0x08001cf1   Thumb Code    24  lcd.o(i.LCD_WR_REG)
    LCD_WriteRAM_Prepare                     0x08001d0d   Thumb Code     8  lcd.o(i.LCD_WriteRAM_Prepare)
    LCD_WriteReg                             0x08001d19   Thumb Code    18  lcd.o(i.LCD_WriteReg)
    LCD_direction                            0x08001d2d   Thumb Code    86  lcd.o(i.LCD_direction)
    Lcd_WriteData_16Bit                      0x08001d89   Thumb Code    34  lcd.o(i.Lcd_WriteData_16Bit)
    MX_CAN1_Init                             0x08001db1   Thumb Code    60  can.o(i.MX_CAN1_Init)
    MX_CAN2_Init                             0x08001df5   Thumb Code    60  can.o(i.MX_CAN2_Init)
    MX_FREERTOS_Init                         0x08001e39   Thumb Code    60  freertos.o(i.MX_FREERTOS_Init)
    MX_GPIO_Init                             0x08001e8d   Thumb Code   102  gpio.o(i.MX_GPIO_Init)
    MX_USART1_UART_Init                      0x08001efd   Thumb Code    48  usart.o(i.MX_USART1_UART_Init)
    Main_Task                                0x08001f35   Thumb Code    48  main_task.o(i.Main_Task)
    MemManage_Handler                        0x08001f65   Thumb Code     2  stm32f4xx_it.o(i.MemManage_Handler)
    NMI_Handler                              0x08001f67   Thumb Code     2  stm32f4xx_it.o(i.NMI_Handler)
    Param_assign                             0x08001f69   Thumb Code    16  chassis_task.o(i.Param_assign)
    Pos_back                                 0x08001f7d   Thumb Code    86  chassis.o(i.Pos_back)
    Pos_forward                              0x08001fd3   Thumb Code    88  chassis.o(i.Pos_forward)
    Pos_left                                 0x0800202b   Thumb Code    90  chassis.o(i.Pos_left)
    Pos_right                                0x08002085   Thumb Code    90  chassis.o(i.Pos_right)
    RingBuffer_Init                          0x080020df   Thumb Code    32  ring_buffer.o(i.RingBuffer_Init)
    SPIv_WriteData                           0x08002101   Thumb Code    42  spi.o(i.SPIv_WriteData)
    SysTick_Handler                          0x08002131   Thumb Code    24  stm32f4xx_it.o(i.SysTick_Handler)
    SystemClock_Config                       0x08002149   Thumb Code   138  main.o(i.SystemClock_Config)
    SystemInit                               0x080021dd   Thumb Code    12  system_stm32f4xx.o(i.SystemInit)
    UART_Start_Receive_IT                    0x08002441   Thumb Code    60  stm32f4xx_hal_uart.o(i.UART_Start_Receive_IT)
    USART1_IRQHandler                        0x080024dd   Thumb Code     6  stm32f4xx_it.o(i.USART1_IRQHandler)
    UsageFault_Handler                       0x080024e9   Thumb Code     2  stm32f4xx_it.o(i.UsageFault_Handler)
    Usart_Init                               0x080024ed   Thumb Code   182  myusart.o(i.Usart_Init)
    __scatterload_copy                       0x080025d9   Thumb Code    14  handlers.o(i.__scatterload_copy)
    __scatterload_null                       0x080025e7   Thumb Code     2  handlers.o(i.__scatterload_null)
    __scatterload_zeroinit                   0x080025e9   Thumb Code    14  handlers.o(i.__scatterload_zeroinit)
    brake                                    0x080025f7   Thumb Code    22  chassis.o(i.brake)
    can_Init                                 0x0800260d   Thumb Code    70  cmd_tr.o(i.can_Init)
    can_cmd_send                             0x08002661   Thumb Code   236  cmd_tr.o(i.can_cmd_send)
    main                                     0x08002759   Thumb Code    58  main.o(i.main)
    osDelay                                  0x08002793   Thumb Code    30  cmsis_os2.o(i.osDelay)
    osKernelInitialize                       0x080027b1   Thumb Code    34  cmsis_os2.o(i.osKernelInitialize)
    osKernelStart                            0x080027d9   Thumb Code    48  cmsis_os2.o(i.osKernelStart)
    osThreadNew                              0x08002811   Thumb Code   188  cmsis_os2.o(i.osThreadNew)
    pvPortMalloc                             0x0800310d   Thumb Code   224  heap_4.o(i.pvPortMalloc)
    pxPortInitialiseStack                    0x080031f5   Thumb Code    38  port.o(i.pxPortInitialiseStack)
    uxListRemove                             0x08003221   Thumb Code    38  list.o(i.uxListRemove)
    vApplicationGetIdleTaskMemory            0x08003249   Thumb Code    16  cmsis_os2.o(i.vApplicationGetIdleTaskMemory)
    vApplicationGetTimerTaskMemory           0x0800325d   Thumb Code    18  cmsis_os2.o(i.vApplicationGetTimerTaskMemory)
    vListInitialise                          0x08003275   Thumb Code    22  list.o(i.vListInitialise)
    vListInitialiseItem                      0x0800328b   Thumb Code     6  list.o(i.vListInitialiseItem)
    vListInsert                              0x08003291   Thumb Code    54  list.o(i.vListInsert)
    vListInsertEnd                           0x080032c7   Thumb Code    24  list.o(i.vListInsertEnd)
    vPortEnterCritical                       0x080032e1   Thumb Code    54  port.o(i.vPortEnterCritical)
    vPortExitCritical                        0x08003321   Thumb Code    38  port.o(i.vPortExitCritical)
    vPortFree                                0x0800334d   Thumb Code    94  heap_4.o(i.vPortFree)
    vPortSetupTimerInterrupt                 0x080033b1   Thumb Code    32  port.o(i.vPortSetupTimerInterrupt)
    vPortValidateInterruptPriority           0x080033d5   Thumb Code    74  port.o(i.vPortValidateInterruptPriority)
    vQueueAddToRegistry                      0x08003429   Thumb Code    34  queue.o(i.vQueueAddToRegistry)
    vQueueWaitForMessageRestricted           0x08003451   Thumb Code    74  queue.o(i.vQueueWaitForMessageRestricted)
    vTaskDelay                               0x0800349d   Thumb Code    70  tasks.o(i.vTaskDelay)
    vTaskInternalSetTimeOutState             0x080034ed   Thumb Code    12  tasks.o(i.vTaskInternalSetTimeOutState)
    vTaskMissedYield                         0x080034fd   Thumb Code     8  tasks.o(i.vTaskMissedYield)
    vTaskPlaceOnEventList                    0x08003509   Thumb Code    48  tasks.o(i.vTaskPlaceOnEventList)
    vTaskPlaceOnEventListRestricted          0x0800353d   Thumb Code    54  tasks.o(i.vTaskPlaceOnEventListRestricted)
    vTaskStartScheduler                      0x08003579   Thumb Code   128  tasks.o(i.vTaskStartScheduler)
    vTaskSuspendAll                          0x08003609   Thumb Code    10  tasks.o(i.vTaskSuspendAll)
    vTaskSwitchContext                       0x08003619   Thumb Code   100  tasks.o(i.vTaskSwitchContext)
    xPortStartScheduler                      0x08003685   Thumb Code   232  port.o(i.xPortStartScheduler)
    xPortSysTickHandler                      0x08003789   Thumb Code    38  port.o(i.xPortSysTickHandler)
    xQueueGenericCreateStatic                0x080037b5   Thumb Code   112  queue.o(i.xQueueGenericCreateStatic)
    xQueueGenericReset                       0x08003825   Thumb Code   138  queue.o(i.xQueueGenericReset)
    xQueueGenericSend                        0x080038b5   Thumb Code   362  queue.o(i.xQueueGenericSend)
    xQueueGenericSendFromISR                 0x08003a25   Thumb Code   190  queue.o(i.xQueueGenericSendFromISR)
    xQueueReceive                            0x08003ae5   Thumb Code   322  queue.o(i.xQueueReceive)
    xTaskCheckForTimeOut                     0x08003c2d   Thumb Code   122  tasks.o(i.xTaskCheckForTimeOut)
    xTaskCreate                              0x08003cad   Thumb Code   108  tasks.o(i.xTaskCreate)
    xTaskCreateStatic                        0x08003d19   Thumb Code    96  tasks.o(i.xTaskCreateStatic)
    xTaskGetSchedulerState                   0x08003d79   Thumb Code    24  tasks.o(i.xTaskGetSchedulerState)
    xTaskGetTickCount                        0x08003d95   Thumb Code     6  tasks.o(i.xTaskGetTickCount)
    xTaskIncrementTick                       0x08003da1   Thumb Code   196  tasks.o(i.xTaskIncrementTick)
    xTaskPriorityDisinherit                  0x08003e6d   Thumb Code   118  tasks.o(i.xTaskPriorityDisinherit)
    xTaskRemoveFromEventList                 0x08003eed   Thumb Code   106  tasks.o(i.xTaskRemoveFromEventList)
    xTaskResumeAll                           0x08003f65   Thumb Code   190  tasks.o(i.xTaskResumeAll)
    xTimerCreateTimerTask                    0x08004031   Thumb Code    86  timers.o(i.xTimerCreateTimerTask)
    xTimerGenericCommand                     0x08004099   Thumb Code   112  timers.o(i.xTimerGenericCommand)
    AHRTask_attributes                       0x0800410c   Data          36  freertos.o(.constdata)
    LCDTask_attributes                       0x08004130   Data          36  freertos.o(.constdata)
    ChassisTask_attributes                   0x08004154   Data          36  freertos.o(.constdata)
    MainTask_attributes                      0x08004178   Data          36  freertos.o(.constdata)
    AHBPrescTable                            0x0800419c   Data          16  system_stm32f4xx.o(.constdata)
    APBPrescTable                            0x080041ac   Data           8  system_stm32f4xx.o(.constdata)
    Region$$Table$$Base                      0x08004228   Number         0  anon$$obj.o(Region$$Table)
    Region$$Table$$Limit                     0x08004248   Number         0  anon$$obj.o(Region$$Table)
    AHRTaskHandle                            0x20000000   Data           4  freertos.o(.data)
    LCDTaskHandle                            0x20000004   Data           4  freertos.o(.data)
    ChassisTaskHandle                        0x20000008   Data           4  freertos.o(.data)
    MainTaskHandle                           0x2000000c   Data           4  freertos.o(.data)
    uwTickFreq                               0x20000014   Data           1  stm32f4xx_hal.o(.data)
    uwTickPrio                               0x20000018   Data           4  stm32f4xx_hal.o(.data)
    uwTick                                   0x2000001c   Data           4  stm32f4xx_hal.o(.data)
    SystemCoreClock                          0x20000020   Data           4  system_stm32f4xx.o(.data)
    stcAngle                                 0x20000024   Data           8  jy901_usart.o(.data)
    pxCurrentTCB                             0x2000002c   Data           4  tasks.o(.data)
    hcan1                                    0x200000ac   Data          40  can.o(.bss)
    hcan2                                    0x200000d4   Data          40  can.o(.bss)
    huart1                                   0x200000fc   Data          68  usart.o(.bss)
    lcddev                                   0x20000140   Data          14  lcd.o(.bss)
    uart4SendBuf                             0x20000150   Data        2049  myusart.o(.bss)
    uart4RecvBuf                             0x20000951   Data        2049  myusart.o(.bss)
    uart4SendRingBuf                         0x20001154   Data          12  myusart.o(.bss)
    uart4RecvRingBuf                         0x20001160   Data          12  myusart.o(.bss)
    uart4                                    0x2000116c   Data          12  myusart.o(.bss)
    UART4_InitStructure                      0x20001178   Data          68  myusart.o(.bss)
    JY901_data                               0x200011bc   Data          52  jy901_usart.o(.bss)
    xQueueRegistry                           0x200011f0   Data          64  queue.o(.bss)
    my_param                                 0x20005ac4   Data          12  chassis_task.o(.bss)
    __initial_sp                             0x20005ed0   Data           0  startup_stm32f407xx.o(STACK)



==============================================================================

Memory Map of the image

  Image Entry point : 0x08000189

  Load Region LR_IROM1 (Base: 0x08000000, Size: 0x000042f4, Max: 0x00080000, ABSOLUTE)

    Execution Region ER_IROM1 (Exec base: 0x08000000, Load base: 0x08000000, Size: 0x00004248, Max: 0x00080000, ABSOLUTE)

    Exec Addr    Load Addr    Size         Type   Attr      Idx    E Section Name        Object

    0x08000000   0x08000000   0x00000188   Data   RO            3    RESET               startup_stm32f407xx.o
    0x08000188   0x08000188   0x00000000   Code   RO         5673  * .ARM.Collect$$$$00000000  mc_w.l(entry.o)
    0x08000188   0x08000188   0x00000004   Code   RO         5785    .ARM.Collect$$$$00000001  mc_w.l(entry2.o)
    0x0800018c   0x0800018c   0x00000004   Code   RO         5788    .ARM.Collect$$$$00000004  mc_w.l(entry5.o)
    0x08000190   0x08000190   0x00000000   Code   RO         5790    .ARM.Collect$$$$00000008  mc_w.l(entry7b.o)
    0x08000190   0x08000190   0x00000000   Code   RO         5792    .ARM.Collect$$$$0000000A  mc_w.l(entry8b.o)
    0x08000190   0x08000190   0x00000008   Code   RO         5793    .ARM.Collect$$$$0000000B  mc_w.l(entry9a.o)
    0x08000198   0x08000198   0x00000000   Code   RO         5795    .ARM.Collect$$$$0000000D  mc_w.l(entry10a.o)
    0x08000198   0x08000198   0x00000000   Code   RO         5797    .ARM.Collect$$$$0000000F  mc_w.l(entry11a.o)
    0x08000198   0x08000198   0x00000004   Code   RO         5786    .ARM.Collect$$$$00002712  mc_w.l(entry2.o)
    0x0800019c   0x0800019c   0x000000be   Code   RO         5398    .emb_text           port.o
    0x0800025a   0x0800025a   0x00000002   PAD
    0x0800025c   0x0800025c   0x00000024   Code   RO            4    .text               startup_stm32f407xx.o
    0x08000280   0x08000280   0x00000062   Code   RO         5676    .text               mc_w.l(uldiv.o)
    0x080002e2   0x080002e2   0x00000024   Code   RO         5678    .text               mc_w.l(memcpya.o)
    0x08000306   0x08000306   0x00000024   Code   RO         5682    .text               mc_w.l(memseta.o)
    0x0800032a   0x0800032a   0x0000001e   Code   RO         5799    .text               mc_w.l(llshl.o)
    0x08000348   0x08000348   0x00000020   Code   RO         5801    .text               mc_w.l(llushr.o)
    0x08000368   0x08000368   0x00000024   Code   RO         5829    .text               mc_w.l(init.o)
    0x0800038c   0x0800038c   0x0000001c   Code   RO         5478    i.AHR_Task          ahr_task.o
    0x080003a8   0x080003a8   0x00000002   Code   RO          419    i.BusFault_Handler  stm32f4xx_it.o
    0x080003aa   0x080003aa   0x00000002   PAD
    0x080003ac   0x080003ac   0x0000000c   Code   RO          420    i.CAN1_RX0_IRQHandler  stm32f4xx_it.o
    0x080003b8   0x080003b8   0x0000000c   Code   RO          421    i.CAN2_RX0_IRQHandler  stm32f4xx_it.o
    0x080003c4   0x080003c4   0x00000060   Code   RO         5526    i.Chassis_Task      chassis_task.o
    0x08000424   0x08000424   0x00000002   Code   RO          422    i.DebugMon_Handler  stm32f4xx_it.o
    0x08000426   0x08000426   0x00000002   PAD
    0x08000428   0x08000428   0x00000054   Code   RO         2499    i.Delay_Us          chassis.o
    0x0800047c   0x0800047c   0x00000050   Code   RO         2407    i.Emm_V5_Pos_Control  emm_v5.o
    0x080004cc   0x080004cc   0x00000026   Code   RO         2409    i.Emm_V5_Stop_Now   emm_v5.o
    0x080004f2   0x080004f2   0x00000026   Code   RO         2410    i.Emm_V5_Synchronous_motion  emm_v5.o
    0x08000518   0x08000518   0x00000004   Code   RO           13    i.Error_Handler     main.o
    0x0800051c   0x0800051c   0x00000024   Code   RO          526    i.HAL_CAN_ActivateNotification  stm32f4xx_hal_can.o
    0x08000540   0x08000540   0x000000f2   Code   RO          527    i.HAL_CAN_AddTxMessage  stm32f4xx_hal_can.o
    0x08000632   0x08000632   0x00000002   PAD
    0x08000634   0x08000634   0x00000110   Code   RO          528    i.HAL_CAN_ConfigFilter  stm32f4xx_hal_can.o
    0x08000744   0x08000744   0x00000002   Code   RO          531    i.HAL_CAN_ErrorCallback  stm32f4xx_hal_can.o
    0x08000746   0x08000746   0x000001fc   Code   RO          538    i.HAL_CAN_IRQHandler  stm32f4xx_hal_can.o
    0x08000942   0x08000942   0x00000152   Code   RO          539    i.HAL_CAN_Init      stm32f4xx_hal_can.o
    0x08000a94   0x08000a94   0x00000104   Code   RO          329    i.HAL_CAN_MspInit   can.o
    0x08000b98   0x08000b98   0x00000002   Code   RO          546    i.HAL_CAN_RxFifo0FullCallback  stm32f4xx_hal_can.o
    0x08000b9a   0x08000b9a   0x00000002   Code   RO         2377    i.HAL_CAN_RxFifo0MsgPendingCallback  callback.o
    0x08000b9c   0x08000b9c   0x00000002   Code   RO          548    i.HAL_CAN_RxFifo1FullCallback  stm32f4xx_hal_can.o
    0x08000b9e   0x08000b9e   0x00000002   Code   RO          549    i.HAL_CAN_RxFifo1MsgPendingCallback  stm32f4xx_hal_can.o
    0x08000ba0   0x08000ba0   0x00000002   Code   RO          550    i.HAL_CAN_SleepCallback  stm32f4xx_hal_can.o
    0x08000ba2   0x08000ba2   0x00000058   Code   RO          551    i.HAL_CAN_Start     stm32f4xx_hal_can.o
    0x08000bfa   0x08000bfa   0x00000002   Code   RO          553    i.HAL_CAN_TxMailbox0AbortCallback  stm32f4xx_hal_can.o
    0x08000bfc   0x08000bfc   0x00000002   Code   RO          554    i.HAL_CAN_TxMailbox0CompleteCallback  stm32f4xx_hal_can.o
    0x08000bfe   0x08000bfe   0x00000002   Code   RO          555    i.HAL_CAN_TxMailbox1AbortCallback  stm32f4xx_hal_can.o
    0x08000c00   0x08000c00   0x00000002   Code   RO          556    i.HAL_CAN_TxMailbox1CompleteCallback  stm32f4xx_hal_can.o
    0x08000c02   0x08000c02   0x00000002   Code   RO          557    i.HAL_CAN_TxMailbox2AbortCallback  stm32f4xx_hal_can.o
    0x08000c04   0x08000c04   0x00000002   Code   RO          558    i.HAL_CAN_TxMailbox2CompleteCallback  stm32f4xx_hal_can.o
    0x08000c06   0x08000c06   0x00000002   Code   RO          560    i.HAL_CAN_WakeUpFromRxMsgCallback  stm32f4xx_hal_can.o
    0x08000c08   0x08000c08   0x0000008e   Code   RO         1266    i.HAL_DMA_Abort     stm32f4xx_hal_dma.o
    0x08000c96   0x08000c96   0x00000024   Code   RO         1267    i.HAL_DMA_Abort_IT  stm32f4xx_hal_dma.o
    0x08000cba   0x08000cba   0x00000002   PAD
    0x08000cbc   0x08000cbc   0x00000024   Code   RO         1685    i.HAL_Delay         stm32f4xx_hal.o
    0x08000ce0   0x08000ce0   0x000001d0   Code   RO         1159    i.HAL_GPIO_Init     stm32f4xx_hal_gpio.o
    0x08000eb0   0x08000eb0   0x0000000e   Code   RO         1163    i.HAL_GPIO_WritePin  stm32f4xx_hal_gpio.o
    0x08000ebe   0x08000ebe   0x00000002   PAD
    0x08000ec0   0x08000ec0   0x0000000c   Code   RO         1691    i.HAL_GetTick       stm32f4xx_hal.o
    0x08000ecc   0x08000ecc   0x00000010   Code   RO         1697    i.HAL_IncTick       stm32f4xx_hal.o
    0x08000edc   0x08000edc   0x00000034   Code   RO         1698    i.HAL_Init          stm32f4xx_hal.o
    0x08000f10   0x08000f10   0x00000044   Code   RO         1699    i.HAL_InitTick      stm32f4xx_hal.o
    0x08000f54   0x08000f54   0x00000038   Code   RO          501    i.HAL_MspInit       stm32f4xx_hal_msp.o
    0x08000f8c   0x08000f8c   0x0000001a   Code   RO         1548    i.HAL_NVIC_EnableIRQ  stm32f4xx_hal_cortex.o
    0x08000fa6   0x08000fa6   0x00000002   PAD
    0x08000fa8   0x08000fa8   0x00000040   Code   RO         1554    i.HAL_NVIC_SetPriority  stm32f4xx_hal_cortex.o
    0x08000fe8   0x08000fe8   0x00000024   Code   RO         1555    i.HAL_NVIC_SetPriorityGrouping  stm32f4xx_hal_cortex.o
    0x0800100c   0x0800100c   0x0000014c   Code   RO          760    i.HAL_RCC_ClockConfig  stm32f4xx_hal_rcc.o
    0x08001158   0x08001158   0x0000000c   Code   RO          765    i.HAL_RCC_GetHCLKFreq  stm32f4xx_hal_rcc.o
    0x08001164   0x08001164   0x00000020   Code   RO          767    i.HAL_RCC_GetPCLK1Freq  stm32f4xx_hal_rcc.o
    0x08001184   0x08001184   0x00000020   Code   RO          768    i.HAL_RCC_GetPCLK2Freq  stm32f4xx_hal_rcc.o
    0x080011a4   0x080011a4   0x00000068   Code   RO          769    i.HAL_RCC_GetSysClockFreq  stm32f4xx_hal_rcc.o
    0x0800120c   0x0800120c   0x000003c0   Code   RO          772    i.HAL_RCC_OscConfig  stm32f4xx_hal_rcc.o
    0x080015cc   0x080015cc   0x00000028   Code   RO         1559    i.HAL_SYSTICK_Config  stm32f4xx_hal_cortex.o
    0x080015f4   0x080015f4   0x00000002   Code   RO         1983    i.HAL_UARTEx_RxEventCallback  stm32f4xx_hal_uart.o
    0x080015f6   0x080015f6   0x00000002   Code   RO         1997    i.HAL_UART_ErrorCallback  stm32f4xx_hal_uart.o
    0x080015f8   0x080015f8   0x00000228   Code   RO         2000    i.HAL_UART_IRQHandler  stm32f4xx_hal_uart.o
    0x08001820   0x08001820   0x00000064   Code   RO         2001    i.HAL_UART_Init     stm32f4xx_hal_uart.o
    0x08001884   0x08001884   0x0000007c   Code   RO          378    i.HAL_UART_MspInit  usart.o
    0x08001900   0x08001900   0x0000002e   Code   RO         2006    i.HAL_UART_Receive_IT  stm32f4xx_hal_uart.o
    0x0800192e   0x0800192e   0x00000002   PAD
    0x08001930   0x08001930   0x00000010   Code   RO         2378    i.HAL_UART_RxCpltCallback  callback.o
    0x08001940   0x08001940   0x00000002   Code   RO         2012    i.HAL_UART_TxCpltCallback  stm32f4xx_hal_uart.o
    0x08001942   0x08001942   0x00000002   Code   RO          423    i.HardFault_Handler  stm32f4xx_it.o
    0x08001944   0x08001944   0x00000068   Code   RO         3650    i.JY901_process     jy901_usart.o
    0x080019ac   0x080019ac   0x00000058   Code   RO         2729    i.LCD_Clear         lcd.o
    0x08001a04   0x08001a04   0x0000024c   Code   RO         2731    i.LCD_Init          lcd.o
    0x08001c50   0x08001c50   0x00000024   Code   RO         2732    i.LCD_RESET         lcd.o
    0x08001c74   0x08001c74   0x0000005c   Code   RO         2734    i.LCD_SetWindows    lcd.o
    0x08001cd0   0x08001cd0   0x00000002   Code   RO         5502    i.LCD_Task          lcd_task.o
    0x08001cd2   0x08001cd2   0x00000002   PAD
    0x08001cd4   0x08001cd4   0x0000001c   Code   RO         2735    i.LCD_WR_DATA       lcd.o
    0x08001cf0   0x08001cf0   0x0000001c   Code   RO         2736    i.LCD_WR_REG        lcd.o
    0x08001d0c   0x08001d0c   0x0000000c   Code   RO         2737    i.LCD_WriteRAM_Prepare  lcd.o
    0x08001d18   0x08001d18   0x00000012   Code   RO         2738    i.LCD_WriteReg      lcd.o
    0x08001d2a   0x08001d2a   0x00000002   PAD
    0x08001d2c   0x08001d2c   0x0000005c   Code   RO         2739    i.LCD_direction     lcd.o
    0x08001d88   0x08001d88   0x00000028   Code   RO         2740    i.Lcd_WriteData_16Bit  lcd.o
    0x08001db0   0x08001db0   0x00000044   Code   RO          330    i.MX_CAN1_Init      can.o
    0x08001df4   0x08001df4   0x00000044   Code   RO          331    i.MX_CAN2_Init      can.o
    0x08001e38   0x08001e38   0x00000054   Code   RO          278    i.MX_FREERTOS_Init  freertos.o
    0x08001e8c   0x08001e8c   0x00000070   Code   RO          254    i.MX_GPIO_Init      gpio.o
    0x08001efc   0x08001efc   0x00000038   Code   RO          379    i.MX_USART1_UART_Init  usart.o
    0x08001f34   0x08001f34   0x00000030   Code   RO         5562    i.Main_Task         main_task.o
    0x08001f64   0x08001f64   0x00000002   Code   RO          424    i.MemManage_Handler  stm32f4xx_it.o
    0x08001f66   0x08001f66   0x00000002   Code   RO          425    i.NMI_Handler       stm32f4xx_it.o
    0x08001f68   0x08001f68   0x00000014   Code   RO         5527    i.Param_assign      chassis_task.o
    0x08001f7c   0x08001f7c   0x00000056   Code   RO         2500    i.Pos_back          chassis.o
    0x08001fd2   0x08001fd2   0x00000058   Code   RO         2501    i.Pos_forward       chassis.o
    0x0800202a   0x0800202a   0x0000005a   Code   RO         2502    i.Pos_left          chassis.o
    0x08002084   0x08002084   0x0000005a   Code   RO         2503    i.Pos_right         chassis.o
    0x080020de   0x080020de   0x00000020   Code   RO         3295    i.RingBuffer_Init   ring_buffer.o
    0x080020fe   0x080020fe   0x00000002   PAD
    0x08002100   0x08002100   0x00000030   Code   RO         2828    i.SPIv_WriteData    spi.o
    0x08002130   0x08002130   0x00000018   Code   RO          426    i.SysTick_Handler   stm32f4xx_it.o
    0x08002148   0x08002148   0x00000094   Code   RO           14    i.SystemClock_Config  main.o
    0x080021dc   0x080021dc   0x00000010   Code   RO         2340    i.SystemInit        system_stm32f4xx.o
    0x080021ec   0x080021ec   0x00000010   Code   RO         2014    i.UART_DMAAbortOnError  stm32f4xx_hal_uart.o
    0x080021fc   0x080021fc   0x0000004e   Code   RO         2024    i.UART_EndRxTransfer  stm32f4xx_hal_uart.o
    0x0800224a   0x0800224a   0x0000001a   Code   RO         2025    i.UART_EndTransmit_IT  stm32f4xx_hal_uart.o
    0x08002264   0x08002264   0x000000c6   Code   RO         2027    i.UART_Receive_IT   stm32f4xx_hal_uart.o
    0x0800232a   0x0800232a   0x00000002   PAD
    0x0800232c   0x0800232c   0x00000114   Code   RO         2028    i.UART_SetConfig    stm32f4xx_hal_uart.o
    0x08002440   0x08002440   0x0000003c   Code   RO         2030    i.UART_Start_Receive_IT  stm32f4xx_hal_uart.o
    0x0800247c   0x0800247c   0x0000005e   Code   RO         2031    i.UART_Transmit_IT  stm32f4xx_hal_uart.o
    0x080024da   0x080024da   0x00000002   PAD
    0x080024dc   0x080024dc   0x0000000c   Code   RO          427    i.USART1_IRQHandler  stm32f4xx_it.o
    0x080024e8   0x080024e8   0x00000002   Code   RO          428    i.UsageFault_Handler  stm32f4xx_it.o
    0x080024ea   0x080024ea   0x00000002   PAD
    0x080024ec   0x080024ec   0x000000cc   Code   RO         3213    i.Usart_Init        myusart.o
    0x080025b8   0x080025b8   0x00000020   Code   RO         1561    i.__NVIC_SetPriority  stm32f4xx_hal_cortex.o
    0x080025d8   0x080025d8   0x0000000e   Code   RO         5833    i.__scatterload_copy  mc_w.l(handlers.o)
    0x080025e6   0x080025e6   0x00000002   Code   RO         5834    i.__scatterload_null  mc_w.l(handlers.o)
    0x080025e8   0x080025e8   0x0000000e   Code   RO         5835    i.__scatterload_zeroinit  mc_w.l(handlers.o)
    0x080025f6   0x080025f6   0x00000016   Code   RO         2508    i.brake             chassis.o
    0x0800260c   0x0800260c   0x00000054   Code   RO         2455    i.can_Init          cmd_tr.o
    0x08002660   0x08002660   0x000000f8   Code   RO         2456    i.can_cmd_send      cmd_tr.o
    0x08002758   0x08002758   0x0000003a   Code   RO           15    i.main              main.o
    0x08002792   0x08002792   0x0000001e   Code   RO         4825    i.osDelay           cmsis_os2.o
    0x080027b0   0x080027b0   0x00000028   Code   RO         4839    i.osKernelInitialize  cmsis_os2.o
    0x080027d8   0x080027d8   0x00000038   Code   RO         4842    i.osKernelStart     cmsis_os2.o
    0x08002810   0x08002810   0x000000bc   Code   RO         4884    i.osThreadNew       cmsis_os2.o
    0x080028cc   0x080028cc   0x00000060   Code   RO         4261    i.prvAddCurrentTaskToDelayedList  tasks.o
    0x0800292c   0x0800292c   0x00000088   Code   RO         4262    i.prvAddNewTaskToReadyList  tasks.o
    0x080029b4   0x080029b4   0x0000005c   Code   RO         4637    i.prvCheckForValidListAndQueue  timers.o
    0x08002a10   0x08002a10   0x00000040   Code   RO         4263    i.prvCheckTasksWaitingTermination  tasks.o
    0x08002a50   0x08002a50   0x00000024   Code   RO         3851    i.prvCopyDataFromQueue  queue.o
    0x08002a74   0x08002a74   0x0000006e   Code   RO         3852    i.prvCopyDataToQueue  queue.o
    0x08002ae2   0x08002ae2   0x00000040   Code   RO         4264    i.prvDeleteTCB      tasks.o
    0x08002b22   0x08002b22   0x00000002   PAD
    0x08002b24   0x08002b24   0x00000024   Code   RO         4638    i.prvGetNextExpireTime  timers.o
    0x08002b48   0x08002b48   0x00000050   Code   RO         5343    i.prvHeapInit       heap_4.o
    0x08002b98   0x08002b98   0x00000028   Code   RO         4265    i.prvIdleTask       tasks.o
    0x08002bc0   0x08002bc0   0x00000022   Code   RO         3855    i.prvInitialiseNewQueue  queue.o
    0x08002be2   0x08002be2   0x00000094   Code   RO         4266    i.prvInitialiseNewTask  tasks.o
    0x08002c76   0x08002c76   0x00000002   PAD
    0x08002c78   0x08002c78   0x00000060   Code   RO         4267    i.prvInitialiseTaskLists  tasks.o
    0x08002cd8   0x08002cd8   0x0000005c   Code   RO         5344    i.prvInsertBlockIntoFreeList  heap_4.o
    0x08002d34   0x08002d34   0x00000048   Code   RO         4640    i.prvInsertTimerInActiveList  timers.o
    0x08002d7c   0x08002d7c   0x0000001a   Code   RO         3856    i.prvIsQueueEmpty   queue.o
    0x08002d96   0x08002d96   0x0000001e   Code   RO         3857    i.prvIsQueueFull    queue.o
    0x08002db4   0x08002db4   0x00000068   Code   RO         4641    i.prvProcessExpiredTimer  timers.o
    0x08002e1c   0x08002e1c   0x00000110   Code   RO         4642    i.prvProcessReceivedCommands  timers.o
    0x08002f2c   0x08002f2c   0x0000006c   Code   RO         4643    i.prvProcessTimerOrBlockTask  timers.o
    0x08002f98   0x08002f98   0x00000024   Code   RO         4269    i.prvResetNextTaskUnblockTime  tasks.o
    0x08002fbc   0x08002fbc   0x0000002c   Code   RO         4644    i.prvSampleTimeNow  timers.o
    0x08002fe8   0x08002fe8   0x00000078   Code   RO         4645    i.prvSwitchTimerLists  timers.o
    0x08003060   0x08003060   0x00000030   Code   RO         5399    i.prvTaskExitError  port.o
    0x08003090   0x08003090   0x00000014   Code   RO         4646    i.prvTimerTask      timers.o
    0x080030a4   0x080030a4   0x00000068   Code   RO         3858    i.prvUnlockQueue    queue.o
    0x0800310c   0x0800310c   0x000000e8   Code   RO         5345    i.pvPortMalloc      heap_4.o
    0x080031f4   0x080031f4   0x0000002c   Code   RO         5400    i.pxPortInitialiseStack  port.o
    0x08003220   0x08003220   0x00000026   Code   RO         3811    i.uxListRemove      list.o
    0x08003246   0x08003246   0x00000002   PAD
    0x08003248   0x08003248   0x00000014   Code   RO         4896    i.vApplicationGetIdleTaskMemory  cmsis_os2.o
    0x0800325c   0x0800325c   0x00000018   Code   RO         4897    i.vApplicationGetTimerTaskMemory  cmsis_os2.o
    0x08003274   0x08003274   0x00000016   Code   RO         3812    i.vListInitialise   list.o
    0x0800328a   0x0800328a   0x00000006   Code   RO         3813    i.vListInitialiseItem  list.o
    0x08003290   0x08003290   0x00000036   Code   RO         3814    i.vListInsert       list.o
    0x080032c6   0x080032c6   0x00000018   Code   RO         3815    i.vListInsertEnd    list.o
    0x080032de   0x080032de   0x00000002   PAD
    0x080032e0   0x080032e0   0x00000040   Code   RO         5402    i.vPortEnterCritical  port.o
    0x08003320   0x08003320   0x0000002c   Code   RO         5403    i.vPortExitCritical  port.o
    0x0800334c   0x0800334c   0x00000064   Code   RO         5346    i.vPortFree         heap_4.o
    0x080033b0   0x080033b0   0x00000024   Code   RO         5404    i.vPortSetupTimerInterrupt  port.o
    0x080033d4   0x080033d4   0x00000054   Code   RO         5405    i.vPortValidateInterruptPriority  port.o
    0x08003428   0x08003428   0x00000028   Code   RO         3864    i.vQueueAddToRegistry  queue.o
    0x08003450   0x08003450   0x0000004a   Code   RO         3868    i.vQueueWaitForMessageRestricted  queue.o
    0x0800349a   0x0800349a   0x00000002   PAD
    0x0800349c   0x0800349c   0x00000050   Code   RO         4282    i.vTaskDelay        tasks.o
    0x080034ec   0x080034ec   0x00000010   Code   RO         4287    i.vTaskInternalSetTimeOutState  tasks.o
    0x080034fc   0x080034fc   0x0000000c   Code   RO         4288    i.vTaskMissedYield  tasks.o
    0x08003508   0x08003508   0x00000034   Code   RO         4290    i.vTaskPlaceOnEventList  tasks.o
    0x0800353c   0x0800353c   0x0000003c   Code   RO         4291    i.vTaskPlaceOnEventListRestricted  tasks.o
    0x08003578   0x08003578   0x00000090   Code   RO         4299    i.vTaskStartScheduler  tasks.o
    0x08003608   0x08003608   0x00000010   Code   RO         4301    i.vTaskSuspendAll   tasks.o
    0x08003618   0x08003618   0x0000006c   Code   RO         4302    i.vTaskSwitchContext  tasks.o
    0x08003684   0x08003684   0x00000104   Code   RO         5406    i.xPortStartScheduler  port.o
    0x08003788   0x08003788   0x0000002c   Code   RO         5407    i.xPortSysTickHandler  port.o
    0x080037b4   0x080037b4   0x00000070   Code   RO         3874    i.xQueueGenericCreateStatic  queue.o
    0x08003824   0x08003824   0x00000090   Code   RO         3875    i.xQueueGenericReset  queue.o
    0x080038b4   0x080038b4   0x00000170   Code   RO         3876    i.xQueueGenericSend  queue.o
    0x08003a24   0x08003a24   0x000000be   Code   RO         3877    i.xQueueGenericSendFromISR  queue.o
    0x08003ae2   0x08003ae2   0x00000002   PAD
    0x08003ae4   0x08003ae4   0x00000148   Code   RO         3886    i.xQueueReceive     queue.o
    0x08003c2c   0x08003c2c   0x00000080   Code   RO         4304    i.xTaskCheckForTimeOut  tasks.o
    0x08003cac   0x08003cac   0x0000006c   Code   RO         4305    i.xTaskCreate       tasks.o
    0x08003d18   0x08003d18   0x00000060   Code   RO         4306    i.xTaskCreateStatic  tasks.o
    0x08003d78   0x08003d78   0x0000001c   Code   RO         4310    i.xTaskGetSchedulerState  tasks.o
    0x08003d94   0x08003d94   0x0000000c   Code   RO         4311    i.xTaskGetTickCount  tasks.o
    0x08003da0   0x08003da0   0x000000cc   Code   RO         4313    i.xTaskIncrementTick  tasks.o
    0x08003e6c   0x08003e6c   0x00000080   Code   RO         4316    i.xTaskPriorityDisinherit  tasks.o
    0x08003eec   0x08003eec   0x00000078   Code   RO         4318    i.xTaskRemoveFromEventList  tasks.o
    0x08003f64   0x08003f64   0x000000cc   Code   RO         4319    i.xTaskResumeAll    tasks.o
    0x08004030   0x08004030   0x00000068   Code   RO         4655    i.xTimerCreateTimerTask  timers.o
    0x08004098   0x08004098   0x00000074   Code   RO         4656    i.xTimerGenericCommand  timers.o
    0x0800410c   0x0800410c   0x00000090   Data   RO          279    .constdata          freertos.o
    0x0800419c   0x0800419c   0x00000010   Data   RO         2341    .constdata          system_stm32f4xx.o
    0x080041ac   0x080041ac   0x00000008   Data   RO         2342    .constdata          system_stm32f4xx.o
    0x080041b4   0x080041b4   0x00000040   Data   RO         2457    .constdata          cmd_tr.o
    0x080041f4   0x080041f4   0x00000031   Data   RO          280    .conststring        freertos.o
    0x08004225   0x08004225   0x00000003   PAD
    0x08004228   0x08004228   0x00000020   Data   RO         5831    Region$$Table       anon$$obj.o


    Execution Region RW_IRAM1 (Exec base: 0x20000000, Load base: 0x08004248, Size: 0x00005ed0, Max: 0x0001c000, ABSOLUTE)

    Exec Addr    Load Addr    Size         Type   Attr      Idx    E Section Name        Object

    0x20000000   0x08004248   0x00000010   Data   RW          281    .data               freertos.o
    0x20000010   0x08004258   0x00000004   Data   RW          333    .data               can.o
    0x20000014   0x0800425c   0x0000000c   Data   RW         1705    .data               stm32f4xx_hal.o
    0x20000020   0x08004268   0x00000004   Data   RW         2343    .data               system_stm32f4xx.o
    0x20000024   0x0800426c   0x00000008   Data   RW         3655    .data               jy901_usart.o
    0x2000002c   0x08004274   0x0000003c   Data   RW         4322    .data               tasks.o
    0x20000068   0x080042b0   0x00000014   Data   RW         4664    .data               timers.o
    0x2000007c   0x080042c4   0x00000004   Data   RW         4899    .data               cmsis_os2.o
    0x20000080   0x080042c8   0x00000020   Data   RW         5352    .data               heap_4.o
    0x200000a0   0x080042e8   0x0000000c   Data   RW         5408    .data               port.o
    0x200000ac        -       0x00000050   Zero   RW          332    .bss                can.o
    0x200000fc        -       0x00000044   Zero   RW          380    .bss                usart.o
    0x20000140        -       0x0000000e   Zero   RW         2741    .bss                lcd.o
    0x2000014e   0x080042f4   0x00000002   PAD
    0x20000150        -       0x0000106c   Zero   RW         3221    .bss                myusart.o
    0x200011bc        -       0x00000034   Zero   RW         3652    .bss                jy901_usart.o
    0x200011f0        -       0x00000040   Zero   RW         3890    .bss                queue.o
    0x20001230        -       0x000004c4   Zero   RW         4321    .bss                tasks.o
    0x200016f4        -       0x00000118   Zero   RW         4663    .bss                timers.o
    0x2000180c        -       0x000006b8   Zero   RW         4898    .bss                cmsis_os2.o
    0x20001ec4        -       0x00003c00   Zero   RW         5351    .bss                heap_4.o
    0x20005ac4        -       0x0000000c   Zero   RW         5528    .bss                chassis_task.o
    0x20005ad0        -       0x00000400   Zero   RW            1    STACK               startup_stm32f407xx.o


    Execution Region RW_IRAM2 (Exec base: 0x2001c000, Load base: 0x080042f4, Size: 0x00000000, Max: 0x00004000, ABSOLUTE)

    **** No section assigned to this execution region ****


==============================================================================

Image component sizes


      Code (inc. data)   RO Data    RW Data    ZI Data      Debug   Object Name

        28          8          0          0          0        531   ahr_task.o
        18          4          0          0          0       1546   callback.o
       396         40          0          4         80       2618   can.o
       460          4          0          0          0       4727   chassis.o
       116         16          0          0         12       1925   chassis_task.o
       332         26         64          0          0      12482   cmd_tr.o
       358         24          0          4       1720      64525   cmsis_os2.o
       156          0          0          0          0       2083   emm_v5.o
         0          0          0          0          0      18076   event_groups.o
        84         24        193         16          0       1675   freertos.o
       112         10          0          0          0        963   gpio.o
         0          0          0          0          0       1468   gui.o
       504         32          0         32      15360       5135   heap_4.o
       104         16          0          8         52       1629   jy901_usart.o
      1022         50          0          0         14       7758   lcd.o
         2          0          0          0          0        491   lcd_task.o
       144          0          0          0          0       3698   list.o
       210         10          0          0          0     683396   main.o
        48          0          0          0          0        552   main_task.o
       204         22          0          0       4204       3469   myusart.o
       814         92          0         12          0      11889   port.o
      1596         24          0          0         64      18052   queue.o
        32          0          0          0          0       1022   ring_buffer.o
        48          6          0          0          0        629   spi.o
        36          8        392          0       1024        856   startup_stm32f407xx.o
       184         28          0         12          0       9573   stm32f4xx_hal.o
      1508          6          0          0          0      13960   stm32f4xx_hal_can.o
       198         14          0          0          0      34159   stm32f4xx_hal_cortex.o
       178          0          0          0          0       2043   stm32f4xx_hal_dma.o
       478         44          0          0          0       2364   stm32f4xx_hal_gpio.o
        56          4          0          0          0        894   stm32f4xx_hal_msp.o
      1472         76          0          0          0       6476   stm32f4xx_hal_rcc.o
      1452         16          0          0          0      10824   stm32f4xx_hal_uart.o
        72         18          0          0          0       4931   stm32f4xx_it.o
         0          0          0          0          0        384   stream_buffer.o
        16          4         24          4          0       1187   system_stm32f4xx.o
      2196        194          0         60       1220      28450   tasks.o
      1088         94          0         20        280      33495   timers.o
       180         22          0          0         68       1794   usart.o

    ----------------------------------------------------------------------
     15942        936        708        172      24100    1001729   Object Totals
         0          0         32          0          0          0   (incl. Generated)
        40          0          3          0          2          0   (incl. Padding)

    ----------------------------------------------------------------------

      Code (inc. data)   RO Data    RW Data    ZI Data      Debug   Library Member Name

         0          0          0          0          0          0   entry.o
         0          0          0          0          0          0   entry10a.o
         0          0          0          0          0          0   entry11a.o
         8          4          0          0          0          0   entry2.o
         4          0          0          0          0          0   entry5.o
         0          0          0          0          0          0   entry7b.o
         0          0          0          0          0          0   entry8b.o
         8          4          0          0          0          0   entry9a.o
        30          0          0          0          0          0   handlers.o
        36          8          0          0          0         68   init.o
        30          0          0          0          0         68   llshl.o
        32          0          0          0          0         68   llushr.o
        36          0          0          0          0         68   memcpya.o
        36          0          0          0          0        108   memseta.o
        98          0          0          0          0         92   uldiv.o

    ----------------------------------------------------------------------
       318         16          0          0          0        472   Library Totals
         0          0          0          0          0          0   (incl. Padding)

    ----------------------------------------------------------------------

      Code (inc. data)   RO Data    RW Data    ZI Data      Debug   Library Name

       318         16          0          0          0        472   mc_w.l

    ----------------------------------------------------------------------
       318         16          0          0          0        472   Library Totals

    ----------------------------------------------------------------------

==============================================================================


      Code (inc. data)   RO Data    RW Data    ZI Data      Debug   

     16260        952        708        172      24100     985149   Grand Totals
     16260        952        708        172      24100     985149   ELF Image Totals
     16260        952        708        172          0          0   ROM Totals

==============================================================================

    Total RO  Size (Code + RO Data)                16968 (  16.57kB)
    Total RW  Size (RW Data + ZI Data)             24272 (  23.70kB)
    Total ROM Size (Code + RO Data + RW Data)      17140 (  16.74kB)

==============================================================================

